Archive member included to satisfy reference by file (symbol)

.\CortexM0\ARM_GCC_541\Debug\Partie_3.a(CyLib.o)
                              .\CortexM0\ARM_GCC_541\Debug\cyfitter_cfg.o (CyIntEnable)
.\CortexM0\ARM_GCC_541\Debug\Partie_3.a(CyLFClk.o)
                              .\CortexM0\ARM_GCC_541\Debug\Partie_3.a(CyLib.o) (CySysClkWcoEnabled)
.\CortexM0\ARM_GCC_541\Debug\Partie_3.a(PWM.o)
                              .\CortexM0\ARM_GCC_541\Debug\main.o (PWM_WritePeriod)
.\CortexM0\ARM_GCC_541\Debug\Partie_3.a(Timer.o)
                              .\CortexM0\ARM_GCC_541\Debug\main.o (Timer_Start)
.\CortexM0\ARM_GCC_541\Debug\Partie_3.a(UART.o)
                              .\CortexM0\ARM_GCC_541\Debug\main.o (UART_Start)
.\CortexM0\ARM_GCC_541\Debug\Partie_3.a(UART_UART.o)
                              .\CortexM0\ARM_GCC_541\Debug\Partie_3.a(UART.o) (UART_UartInit)
.\CortexM0\ARM_GCC_541\Debug\Partie_3.a(ADC.o)
                              .\CortexM0\ARM_GCC_541\Debug\main.o (ADC_Start)
.\CortexM0\ARM_GCC_541\Debug\Partie_3.a(ADC_INT.o)
                              .\CortexM0\ARM_GCC_541\Debug\Partie_3.a(ADC.o) (ADC_ISR)
.\CortexM0\ARM_GCC_541\Debug\Partie_3.a(ISR_TIMER.o)
                              .\CortexM0\ARM_GCC_541\Debug\main.o (ISR_TIMER_Enable)
.\CortexM0\ARM_GCC_541\Debug\Partie_3.a(CyBootAsmGnu.o)
                              .\CortexM0\ARM_GCC_541\Debug\Partie_3.a(CyLib.o) (CyDelayCycles)
.\CortexM0\ARM_GCC_541\Debug\Partie_3.a(CyFlash.o)
                              .\CortexM0\ARM_GCC_541\Debug\Partie_3.a(CyLib.o) (CySysFlashSetWaitCycles)
.\CortexM0\ARM_GCC_541\Debug\Partie_3.a(UART_SPI_UART.o)
                              .\CortexM0\ARM_GCC_541\Debug\Partie_3.a(UART_UART.o) (UART_SpiUartReadRxData)
c:/program files (x86)/cypress/psoc creator/4.4/psoc creator/import/gnu/arm/5.4.1/bin/../lib/gcc/arm-none-eabi/5.4.1/armv6-m\libgcc.a(_udivsi3.o)
                              .\CortexM0\ARM_GCC_541\Debug\Partie_3.a(CyLib.o) (__aeabi_uidiv)
c:/program files (x86)/cypress/psoc creator/4.4/psoc creator/import/gnu/arm/5.4.1/bin/../lib/gcc/arm-none-eabi/5.4.1/armv6-m\libgcc.a(_divsi3.o)
                              .\CortexM0\ARM_GCC_541\Debug\main.o (__aeabi_idiv)
c:/program files (x86)/cypress/psoc creator/4.4/psoc creator/import/gnu/arm/5.4.1/bin/../lib/gcc/arm-none-eabi/5.4.1/armv6-m\libgcc.a(_dvmd_tls.o)
                              c:/program files (x86)/cypress/psoc creator/4.4/psoc creator/import/gnu/arm/5.4.1/bin/../lib/gcc/arm-none-eabi/5.4.1/armv6-m\libgcc.a(_udivsi3.o) (__aeabi_idiv0)
c:/program files (x86)/cypress/psoc creator/4.4/psoc creator/import/gnu/arm/5.4.1/bin/../lib/gcc/arm-none-eabi/5.4.1/armv6-m\libgcc.a(_aeabi_ldivmod.o)
                              .\CortexM0\ARM_GCC_541\Debug\Partie_3.a(ADC.o) (__aeabi_ldivmod)
c:/program files (x86)/cypress/psoc creator/4.4/psoc creator/import/gnu/arm/5.4.1/bin/../lib/gcc/arm-none-eabi/5.4.1/armv6-m\libgcc.a(_muldi3.o)
                              .\CortexM0\ARM_GCC_541\Debug\Partie_3.a(ADC.o) (__aeabi_lmul)
c:/program files (x86)/cypress/psoc creator/4.4/psoc creator/import/gnu/arm/5.4.1/bin/../lib/gcc/arm-none-eabi/5.4.1/armv6-m\libgcc.a(bpabi.o)
                              c:/program files (x86)/cypress/psoc creator/4.4/psoc creator/import/gnu/arm/5.4.1/bin/../lib/gcc/arm-none-eabi/5.4.1/armv6-m\libgcc.a(_aeabi_ldivmod.o) (__gnu_ldivmod_helper)
c:/program files (x86)/cypress/psoc creator/4.4/psoc creator/import/gnu/arm/5.4.1/bin/../lib/gcc/arm-none-eabi/5.4.1/armv6-m\libgcc.a(divsf3.o)
                              .\CortexM0\ARM_GCC_541\Debug\main.o (__aeabi_fdiv)
c:/program files (x86)/cypress/psoc creator/4.4/psoc creator/import/gnu/arm/5.4.1/bin/../lib/gcc/arm-none-eabi/5.4.1/armv6-m\libgcc.a(mulsf3.o)
                              .\CortexM0\ARM_GCC_541\Debug\main.o (__aeabi_fmul)
c:/program files (x86)/cypress/psoc creator/4.4/psoc creator/import/gnu/arm/5.4.1/bin/../lib/gcc/arm-none-eabi/5.4.1/armv6-m\libgcc.a(fixsfsi.o)
                              .\CortexM0\ARM_GCC_541\Debug\main.o (__aeabi_f2iz)
c:/program files (x86)/cypress/psoc creator/4.4/psoc creator/import/gnu/arm/5.4.1/bin/../lib/gcc/arm-none-eabi/5.4.1/armv6-m\libgcc.a(floatsisf.o)
                              .\CortexM0\ARM_GCC_541\Debug\main.o (__aeabi_i2f)
c:/program files (x86)/cypress/psoc creator/4.4/psoc creator/import/gnu/arm/5.4.1/bin/../lib/gcc/arm-none-eabi/5.4.1/armv6-m\libgcc.a(_clzsi2.o)
                              c:/program files (x86)/cypress/psoc creator/4.4/psoc creator/import/gnu/arm/5.4.1/bin/../lib/gcc/arm-none-eabi/5.4.1/armv6-m\libgcc.a(divsf3.o) (__clzsi2)
c:/program files (x86)/cypress/psoc creator/4.4/psoc creator/import/gnu/arm/5.4.1/bin/../lib/gcc/arm-none-eabi/5.4.1/armv6-m\libgcc.a(_divdi3.o)
                              c:/program files (x86)/cypress/psoc creator/4.4/psoc creator/import/gnu/arm/5.4.1/bin/../lib/gcc/arm-none-eabi/5.4.1/armv6-m\libgcc.a(bpabi.o) (__divdi3)
[...]
Memory Configuration

Name             Origin             Length             Attributes
rom              0x00000000         0x00020000         xr
ram              0x20000000         0x00004000         xrw
*default*        0x00000000         0xffffffff

Linker script and memory map

LOAD c:/program files (x86)/cypress/psoc creator/4.4/psoc creator/import/gnu/arm/5.4.1/bin/../lib/gcc/arm-none-eabi/5.4.1/armv6-m/crti.o
LOAD c:/program files (x86)/cypress/psoc creator/4.4/psoc creator/import/gnu/arm/5.4.1/bin/../lib/gcc/arm-none-eabi/5.4.1/armv6-m/crtbegin.o
LOAD c:/program files (x86)/cypress/psoc creator/4.4/psoc creator/import/gnu/arm/5.4.1/bin/../lib/gcc/arm-none-eabi/5.4.1/../../../../arm-none-eabi/lib/armv6-m/crt0.o
START GROUP
LOAD .\CortexM0\ARM_GCC_541\Debug\main.o
LOAD .\CortexM0\ARM_GCC_541\Debug\cyfitter_cfg.o
LOAD .\CortexM0\ARM_GCC_541\Debug\cymetadata.o
LOAD .\CortexM0\ARM_GCC_541\Debug\Cm0Start.o
LOAD .\CortexM0\ARM_GCC_541\Debug\Partie_3.a
END GROUP
START GROUP
LOAD c:/program files (x86)/cypress/psoc creator/4.4/psoc creator/import/gnu/arm/5.4.1/bin/../lib/gcc/arm-none-eabi/5.4.1/armv6-m\libgcc.a
LOAD c:/program files (x86)/cypress/psoc creator/4.4/psoc creator/import/gnu/arm/5.4.1/bin/../lib/gcc/arm-none-eabi/5.4.1/../../../../arm-none-eabi/lib/armv6-m\libg_nano.a
LOAD c:/program files (x86)/cypress/psoc creator/4.4/psoc creator/import/gnu/arm/5.4.1/bin/../lib/gcc/arm-none-eabi/5.4.1/../../../../arm-none-eabi/lib/armv6-m\libc_nano.a
END GROUP
START GROUP
LOAD c:/program files (x86)/cypress/psoc creator/4.4/psoc creator/import/gnu/arm/5.4.1/bin/../lib/gcc/arm-none-eabi/5.4.1/armv6-m\libgcc.a
LOAD c:/program files (x86)/cypress/psoc creator/4.4/psoc creator/import/gnu/arm/5.4.1/bin/../lib/gcc/arm-none-eabi/5.4.1/../../../../arm-none-eabi/lib/armv6-m\libc_nano.a
END GROUP
LOAD c:/program files (x86)/cypress/psoc creator/4.4/psoc creator/import/gnu/arm/5.4.1/bin/../lib/gcc/arm-none-eabi/5.4.1/armv6-m/crtend.o
LOAD c:/program files (x86)/cypress/psoc creator/4.4/psoc creator/import/gnu/arm/5.4.1/bin/../lib/gcc/arm-none-eabi/5.4.1/armv6-m/crtn.o
START GROUP
LOAD c:/program files (x86)/cypress/psoc creator/4.4/psoc creator/import/gnu/arm/5.4.1/bin/../lib/gcc/arm-none-eabi/5.4.1/armv6-m\libgcc.a
LOAD c:/program files (x86)/cypress/psoc creator/4.4/psoc creator/import/gnu/arm/5.4.1/bin/../lib/gcc/arm-none-eabi/5.4.1/../../../../arm-none-eabi/lib/armv6-m\libc.a
LOAD c:/program files (x86)/cypress/psoc creator/4.4/psoc creator/import/gnu/arm/5.4.1/bin/../lib/gcc/arm-none-eabi/5.4.1/../../../../arm-none-eabi/lib/armv6-m\libnosys.a
END GROUP
                0x00000000                CY_APPL_ORIGIN = 0x0
                0x00000080                CY_FLASH_ROW_SIZE = 0x80
                0x00000001                CY_APPL_NUM = 0x1
                0x00000001                CY_APPL_MAX = 0x1
                0x00000040                CY_METADATA_SIZE = 0x40
                0x00000000                CY_APPL_LOADABLE = 0x0
                0x00000000                CY_CHECKSUM_EXCLUDE_SIZE = ALIGN (0x0, CY_FLASH_ROW_SIZE)
                0x00000000                CY_APP_FOR_STACK_AND_COPIER = 0x0
                [!provide]                PROVIDE (__cy_heap_start, _end)
                0x00000001                PROVIDE (__cy_region_num, ((__cy_regions_end - __cy_regions) / 0x10))
                0x20004000                PROVIDE (__cy_stack, (ORIGIN (ram) + LENGTH (ram)))
                [!provide]                PROVIDE (__cy_heap_end, (__cy_stack - 0x800))

.cybootloader   0x00000000        0x0
 *(.cybootloader)
                0x00000000                appl1_start = CY_APPL_ORIGIN?CY_APPL_ORIGIN:ALIGN (CY_FLASH_ROW_SIZE)
                0x0000ff80                appl2_start = (appl1_start + ALIGN ((((LENGTH (rom) - appl1_start) - (0x2 * CY_FLASH_ROW_SIZE)) / 0x2), CY_FLASH_ROW_SIZE))
                0x00000000                appl_start = (CY_APPL_NUM == 0x1)?appl1_start:appl2_start
                0x00000001                cy_project_type_bootloader = (appl_start == 0x0)?0x1:0x0
                0x00000000                cy_project_type_app_for_stack_and_copier = (CY_APP_FOR_STACK_AND_COPIER == 0x1)?0x1:0x0

.text           0x00000000     0x1f12
 CREATE_OBJECT_SYMBOLS
                0x00000000                PROVIDE (__cy_interrupt_vector, RomVectors)
 *(.romvectors)
 .romvectors    0x00000000       0x10 .\CortexM0\ARM_GCC_541\Debug\Cm0Start.o
                0x00000000                RomVectors
                0x00000001                ASSERT ((. != __cy_interrupt_vector), No interrupt vector)
                0x00000001                ASSERT (CY_APPL_ORIGIN?(SIZEOF (.cybootloader) <= CY_APPL_ORIGIN):0x1, Wrong image location)
                0x00000010                PROVIDE (__cy_reset, Reset)
 *(.text.Reset)
 .text.Reset    0x00000010        0x8 .\CortexM0\ARM_GCC_541\Debug\Cm0Start.o
                0x00000010                Reset
                0x00000001                ASSERT ((. != __cy_reset), No reset code)
 *(.psocinit)
 .psocinit      0x00000018      0x1d8 .\CortexM0\ARM_GCC_541\Debug\cyfitter_cfg.o
                0x000000d8                cyfitter_cfg
                0x000001f0                . = MAX (., 0x100)
 *(.text .text.* .gnu.linkonce.t.*)
 .text          0x000001f0       0x60 c:/program files (x86)/cypress/psoc creator/4.4/psoc creator/import/gnu/arm/5.4.1/bin/../lib/gcc/arm-none-eabi/5.4.1/armv6-m/crtbegin.o
 .text.isr_handle
                0x00000250       0x14 .\CortexM0\ARM_GCC_541\Debug\main.o
                0x00000250                isr_handle
 .text.main     0x00000264       0xcc .\CortexM0\ARM_GCC_541\Debug\main.o
                0x00000264                main
 .text.cfg_write_bytes32
                0x00000330       0x34 .\CortexM0\ARM_GCC_541\Debug\cyfitter_cfg.o
 .text.CYMEMZERO
                0x00000364        0xc .\CortexM0\ARM_GCC_541\Debug\cyfitter_cfg.o
 .text.SetAnalogRoutingPumps
                0x00000370       0x20 .\CortexM0\ARM_GCC_541\Debug\cyfitter_cfg.o
                0x00000370                SetAnalogRoutingPumps
 .text.AnalogSetDefault
                0x00000390       0x58 .\CortexM0\ARM_GCC_541\Debug\cyfitter_cfg.o
 .text.IntDefaultHandler
                0x000003e8       0x10 .\CortexM0\ARM_GCC_541\Debug\Cm0Start.o
                0x000003e8                IntDefaultHandler
 .text._sbrk    0x000003f8       0x30 .\CortexM0\ARM_GCC_541\Debug\Cm0Start.o
                0x000003f8                _sbrk
 .text.Start_c  0x00000428       0x48 .\CortexM0\ARM_GCC_541\Debug\Cm0Start.o
                0x00000428                Start_c
 .text.initialize_psoc
                0x00000470       0x4c .\CortexM0\ARM_GCC_541\Debug\Cm0Start.o
                0x00000470                initialize_psoc
 .text.CySysClkImoDisableWcoLock
                0x000004bc       0x54 .\CortexM0\ARM_GCC_541\Debug\Partie_3.a(CyLib.o)
                0x000004bc                CySysClkImoDisableWcoLock
 .text.CySysClkImoGetWcoLock
                0x00000510       0x14 .\CortexM0\ARM_GCC_541\Debug\Partie_3.a(CyLib.o)
                0x00000510                CySysClkImoGetWcoLock
 .text.CyIntEnable
                0x00000524       0x14 .\CortexM0\ARM_GCC_541\Debug\Partie_3.a(CyLib.o)
                0x00000524                CyIntEnable
 .text.CyHalt   0x00000538        0x4 .\CortexM0\ARM_GCC_541\Debug\Partie_3.a(CyLib.o)
                0x00000538                CyHalt
 .text.CyIntSetVector
                0x0000053c       0x24 .\CortexM0\ARM_GCC_541\Debug\Partie_3.a(CyLib.o)
                0x0000053c                CyIntSetVector
 .text.CyIntSetPriority
                0x00000560       0x4c .\CortexM0\ARM_GCC_541\Debug\Partie_3.a(CyLib.o)
                0x00000560                CyIntSetPriority
 .text.CyDelay  0x000005ac       0x30 .\CortexM0\ARM_GCC_541\Debug\Partie_3.a(CyLib.o)
                0x000005ac                CyDelay
 .text.CySysClkImoEnableWcoLock
                0x000005dc       0xf4 .\CortexM0\ARM_GCC_541\Debug\Partie_3.a(CyLib.o)
                0x000005dc                CySysClkImoEnableWcoLock
 .text.CySysClkWriteImoFreq
                0x000006d0       0x80 .\CortexM0\ARM_GCC_541\Debug\Partie_3.a(CyLib.o)
                0x000006d0                CySysClkWriteImoFreq
 .text.CyDelayUs
                0x00000750       0x14 .\CortexM0\ARM_GCC_541\Debug\Partie_3.a(CyLib.o)
                0x00000750                CyDelayUs
 .text.CySysWdtLocked
                0x00000764       0x14 .\CortexM0\ARM_GCC_541\Debug\Partie_3.a(CyLFClk.o)
 .text.CySysClkWcoEnabled
                0x00000778       0x14 .\CortexM0\ARM_GCC_541\Debug\Partie_3.a(CyLFClk.o)
                0x00000778                CySysClkWcoEnabled
 .text.CySysWdtLock
                0x0000078c       0x1c .\CortexM0\ARM_GCC_541\Debug\Partie_3.a(CyLFClk.o)
                0x0000078c                CySysWdtLock
 .text.CySysWdtUnlock
                0x000007a8       0x30 .\CortexM0\ARM_GCC_541\Debug\Partie_3.a(CyLFClk.o)
                0x000007a8                CySysWdtUnlock
 .text.CySysWdtClearInterrupt
                0x000007d8       0x4c .\CortexM0\ARM_GCC_541\Debug\Partie_3.a(CyLFClk.o)
                0x000007d8                CySysWdtClearInterrupt
 .text.CySysWdtIsr
                0x00000824       0xa4 .\CortexM0\ARM_GCC_541\Debug\Partie_3.a(CyLFClk.o)
                0x00000824                CySysWdtIsr
 .text.PWM_WritePeriod
                0x000008c8       0x10 .\CortexM0\ARM_GCC_541\Debug\Partie_3.a(PWM.o)
                0x000008c8                PWM_WritePeriod
 .text.PWM_SetCompareSwap
                0x000008d8       0x24 .\CortexM0\ARM_GCC_541\Debug\Partie_3.a(PWM.o)
                0x000008d8                PWM_SetCompareSwap
 .text.PWM_SetPeriodSwap
                0x000008fc       0x28 .\CortexM0\ARM_GCC_541\Debug\Partie_3.a(PWM.o)
                0x000008fc                PWM_SetPeriodSwap
 .text.PWM_WriteCompare
                0x00000924       0x10 .\CortexM0\ARM_GCC_541\Debug\Partie_3.a(PWM.o)
                0x00000924                PWM_WriteCompare
 .text.Timer_Enable
                0x00000934       0x14 .\CortexM0\ARM_GCC_541\Debug\Partie_3.a(Timer.o)
                0x00000934                Timer_Enable
 .text.Timer_SetInterruptMode
                0x00000948        0xc .\CortexM0\ARM_GCC_541\Debug\Partie_3.a(Timer.o)
                0x00000948                Timer_SetInterruptMode
 .text.Timer_ReadStatusRegister
                0x00000954        0xc .\CortexM0\ARM_GCC_541\Debug\Partie_3.a(Timer.o)
                0x00000954                Timer_ReadStatusRegister
 .text.Timer_WritePeriod
                0x00000960        0xc .\CortexM0\ARM_GCC_541\Debug\Partie_3.a(Timer.o)
                0x00000960                Timer_WritePeriod
 .text.Timer_ReadCapture
                0x0000096c        0xc .\CortexM0\ARM_GCC_541\Debug\Partie_3.a(Timer.o)
                0x0000096c                Timer_ReadCapture
 .text.Timer_WriteCounter
                0x00000978        0xc .\CortexM0\ARM_GCC_541\Debug\Partie_3.a(Timer.o)
                0x00000978                Timer_WriteCounter
 .text.Timer_ClearFIFO
                0x00000984       0x14 .\CortexM0\ARM_GCC_541\Debug\Partie_3.a(Timer.o)
                0x00000984                Timer_ClearFIFO
 .text.Timer_Init
                0x00000998       0x38 .\CortexM0\ARM_GCC_541\Debug\Partie_3.a(Timer.o)
                0x00000998                Timer_Init
 .text.Timer_Start
                0x000009d0       0x20 .\CortexM0\ARM_GCC_541\Debug\Partie_3.a(Timer.o)
                0x000009d0                Timer_Start
 .text.UART_ScbModePostEnable
                0x000009f0        0x8 .\CortexM0\ARM_GCC_541\Debug\Partie_3.a(UART.o)
 .text.UART_Init
                0x000009f8        0x8 .\CortexM0\ARM_GCC_541\Debug\Partie_3.a(UART.o)
                0x000009f8                UART_Init
 .text.UART_Enable
                0x00000a00       0x18 .\CortexM0\ARM_GCC_541\Debug\Partie_3.a(UART.o)
                0x00000a00                UART_Enable
 .text.UART_Start
                0x00000a18       0x20 .\CortexM0\ARM_GCC_541\Debug\Partie_3.a(UART.o)
                0x00000a18                UART_Start
 .text.UART_UartInit
                0x00000a38       0xa8 .\CortexM0\ARM_GCC_541\Debug\Partie_3.a(UART_UART.o)
                0x00000a38                UART_UartInit
 .text.UART_UartPostEnable
                0x00000ae0       0x24 .\CortexM0\ARM_GCC_541\Debug\Partie_3.a(UART_UART.o)
                0x00000ae0                UART_UartPostEnable
 .text.UART_UartPutString
                0x00000b04       0x18 .\CortexM0\ARM_GCC_541\Debug\Partie_3.a(UART_UART.o)
                0x00000b04                UART_UartPutString
 .text.ADC_Init
                0x00000b1c       0xf0 .\CortexM0\ARM_GCC_541\Debug\Partie_3.a(ADC.o)
                0x00000b1c                ADC_Init
 .text.ADC_Enable
                0x00000c0c       0x30 .\CortexM0\ARM_GCC_541\Debug\Partie_3.a(ADC.o)
                0x00000c0c                ADC_Enable
 .text.ADC_Start
                0x00000c3c       0x20 .\CortexM0\ARM_GCC_541\Debug\Partie_3.a(ADC.o)
                0x00000c3c                ADC_Start
 .text.ADC_StartConvert
                0x00000c5c       0x14 .\CortexM0\ARM_GCC_541\Debug\Partie_3.a(ADC.o)
                0x00000c5c                ADC_StartConvert
 .text.ADC_GetResult16
                0x00000c70       0x2c .\CortexM0\ARM_GCC_541\Debug\Partie_3.a(ADC.o)
                0x00000c70                ADC_GetResult16
 .text.ADC_CountsTo_mVolts
                0x00000c9c       0x5c .\CortexM0\ARM_GCC_541\Debug\Partie_3.a(ADC.o)
                0x00000c9c                ADC_CountsTo_mVolts
 .text.ADC_ISR  0x00000cf8        0xc .\CortexM0\ARM_GCC_541\Debug\Partie_3.a(ADC_INT.o)
                0x00000cf8                ADC_ISR
 .text.ISR_TIMER_SetVector
                0x00000d04        0xc .\CortexM0\ARM_GCC_541\Debug\Partie_3.a(ISR_TIMER.o)
                0x00000d04                ISR_TIMER_SetVector
 .text.ISR_TIMER_SetPriority
                0x00000d10       0x20 .\CortexM0\ARM_GCC_541\Debug\Partie_3.a(ISR_TIMER.o)
                0x00000d10                ISR_TIMER_SetPriority
 .text.ISR_TIMER_Enable
                0x00000d30        0xc .\CortexM0\ARM_GCC_541\Debug\Partie_3.a(ISR_TIMER.o)
                0x00000d30                ISR_TIMER_Enable
 .text.ISR_TIMER_Disable
                0x00000d3c        0xc .\CortexM0\ARM_GCC_541\Debug\Partie_3.a(ISR_TIMER.o)
                0x00000d3c                ISR_TIMER_Disable
 .text.ISR_TIMER_StartEx
                0x00000d48       0x1c .\CortexM0\ARM_GCC_541\Debug\Partie_3.a(ISR_TIMER.o)
                0x00000d48                ISR_TIMER_StartEx
 *fill*         0x00000d64        0x4 
 .text          0x00000d68       0x20 .\CortexM0\ARM_GCC_541\Debug\Partie_3.a(CyBootAsmGnu.o)
                0x00000d68                CyDelayCycles
                0x00000d7a                CyEnterCriticalSection
                0x00000d82                CyExitCriticalSection
 .text.CySysFlashSetWaitCycles
                0x00000d88       0x54 .\CortexM0\ARM_GCC_541\Debug\Partie_3.a(CyFlash.o)
                0x00000d88                CySysFlashSetWaitCycles
 .text.UART_SpiUartWriteTxData
                0x00000ddc       0x1c .\CortexM0\ARM_GCC_541\Debug\Partie_3.a(UART_SPI_UART.o)
                0x00000ddc                UART_SpiUartWriteTxData
 .text          0x00000df8      0x114 c:/program files (x86)/cypress/psoc creator/4.4/psoc creator/import/gnu/arm/5.4.1/bin/../lib/gcc/arm-none-eabi/5.4.1/armv6-m\libgcc.a(_udivsi3.o)
                0x00000df8                __aeabi_uidiv
                0x00000df8                __udivsi3
                0x00000f04                __aeabi_uidivmod
 .text          0x00000f0c      0x1d4 c:/program files (x86)/cypress/psoc creator/4.4/psoc creator/import/gnu/arm/5.4.1/bin/../lib/gcc/arm-none-eabi/5.4.1/armv6-m\libgcc.a(_divsi3.o)
                0x00000f0c                __divsi3
                0x00000f0c                __aeabi_idiv
                0x000010d8                __aeabi_idivmod
 .text          0x000010e0        0x4 c:/program files (x86)/cypress/psoc creator/4.4/psoc creator/import/gnu/arm/5.4.1/bin/../lib/gcc/arm-none-eabi/5.4.1/armv6-m\libgcc.a(_dvmd_tls.o)
                0x000010e0                __aeabi_idiv0
                0x000010e0                __aeabi_ldiv0
 .text          0x000010e4      0x234 c:/program files (x86)/cypress/psoc creator/4.4/psoc creator/import/gnu/arm/5.4.1/bin/../lib/gcc/arm-none-eabi/5.4.1/armv6-m\libgcc.a(divsf3.o)
                0x000010e4                __aeabi_fdiv
 .text          0x00001318      0x228 c:/program files (x86)/cypress/psoc creator/4.4/psoc creator/import/gnu/arm/5.4.1/bin/../lib/gcc/arm-none-eabi/5.4.1/armv6-m\libgcc.a(mulsf3.o)
                0x00001318                __aeabi_fmul
 .text          0x00001540       0x44 c:/program files (x86)/cypress/psoc creator/4.4/psoc creator/import/gnu/arm/5.4.1/bin/../lib/gcc/arm-none-eabi/5.4.1/armv6-m\libgcc.a(fixsfsi.o)
                0x00001540                __aeabi_f2iz
 .text          0x00001584       0x90 c:/program files (x86)/cypress/psoc creator/4.4/psoc creator/import/gnu/arm/5.4.1/bin/../lib/gcc/arm-none-eabi/5.4.1/armv6-m\libgcc.a(floatsisf.o)
                0x00001584                __aeabi_i2f
 .text          0x00001614       0x3c c:/program files (x86)/cypress/psoc creator/4.4/psoc creator/import/gnu/arm/5.4.1/bin/../lib/gcc/arm-none-eabi/5.4.1/armv6-m\libgcc.a(_clzsi2.o)
                0x00001614                __clzsi2
 .text.__errno  0x00001650        0xc c:/program files (x86)/cypress/psoc creator/4.4/psoc creator/import/gnu/arm/5.4.1/bin/../lib/gcc/arm-none-eabi/5.4.1/../../../../arm-none-eabi/lib/armv6-m\libg_nano.a(lib_a-errno.o)
                0x00001650                __errno
 .text.__libc_init_array
                0x0000165c       0x4c c:/program files (x86)/cypress/psoc creator/4.4/psoc creator/import/gnu/arm/5.4.1/bin/../lib/gcc/arm-none-eabi/5.4.1/../../../../arm-none-eabi/lib/armv6-m\libg_nano.a(lib_a-init.o)
                0x0000165c                __libc_init_array
 .text.memcpy   0x000016a8       0x12 c:/program files (x86)/cypress/psoc creator/4.4/psoc creator/import/gnu/arm/5.4.1/bin/../lib/gcc/arm-none-eabi/5.4.1/../../../../arm-none-eabi/lib/armv6-m\libg_nano.a(lib_a-memcpy-stub.o)
                0x000016a8                memcpy
 .text.memset   0x000016ba       0x10 c:/program files (x86)/cypress/psoc creator/4.4/psoc creator/import/gnu/arm/5.4.1/bin/../lib/gcc/arm-none-eabi/5.4.1/../../../../arm-none-eabi/lib/armv6-m\libg_nano.a(lib_a-memset.o)
                0x000016ba                memset
 *fill*         0x000016ca        0x2 
 .text.sprintf  0x000016cc       0x44 c:/program files (x86)/cypress/psoc creator/4.4/psoc creator/import/gnu/arm/5.4.1/bin/../lib/gcc/arm-none-eabi/5.4.1/../../../../arm-none-eabi/lib/armv6-m\libg_nano.a(lib_a-sprintf.o)
                0x000016cc                siprintf
                0x000016cc                sprintf
 .text.__ssputs_r
                0x00001710       0xc4 c:/program files (x86)/cypress/psoc creator/4.4/psoc creator/import/gnu/arm/5.4.1/bin/../lib/gcc/arm-none-eabi/5.4.1/../../../../arm-none-eabi/lib/armv6-m\libg_nano.a(lib_a-nano-svfprintf.o)
                0x00001710                __ssputs_r
 .text._svfprintf_r
                0x000017d4      0x1fc c:/program files (x86)/cypress/psoc creator/4.4/psoc creator/import/gnu/arm/5.4.1/bin/../lib/gcc/arm-none-eabi/5.4.1/../../../../arm-none-eabi/lib/armv6-m\libg_nano.a(lib_a-nano-svfprintf.o)
                0x000017d4                _svfiprintf_r
                0x000017d4                _svfprintf_r
 .text._printf_common
                0x000019d0       0xdc c:/program files (x86)/cypress/psoc creator/4.4/psoc creator/import/gnu/arm/5.4.1/bin/../lib/gcc/arm-none-eabi/5.4.1/../../../../arm-none-eabi/lib/armv6-m\libg_nano.a(lib_a-nano-vfprintf_i.o)
                0x000019d0                _printf_common
 .text._printf_i
                0x00001aac      0x244 c:/program files (x86)/cypress/psoc creator/4.4/psoc creator/import/gnu/arm/5.4.1/bin/../lib/gcc/arm-none-eabi/5.4.1/../../../../arm-none-eabi/lib/armv6-m\libg_nano.a(lib_a-nano-vfprintf_i.o)
                0x00001aac                _printf_i
 .text.memchr   0x00001cf0       0x16 c:/program files (x86)/cypress/psoc creator/4.4/psoc creator/import/gnu/arm/5.4.1/bin/../lib/gcc/arm-none-eabi/5.4.1/../../../../arm-none-eabi/lib/armv6-m\libg_nano.a(lib_a-memchr-stub.o)
                0x00001cf0                memchr
 .text.memmove  0x00001d06       0x2a c:/program files (x86)/cypress/psoc creator/4.4/psoc creator/import/gnu/arm/5.4.1/bin/../lib/gcc/arm-none-eabi/5.4.1/../../../../arm-none-eabi/lib/armv6-m\libg_nano.a(lib_a-memmove.o)
                0x00001d06                memmove
 .text._free_r  0x00001d30       0x98 c:/program files (x86)/cypress/psoc creator/4.4/psoc creator/import/gnu/arm/5.4.1/bin/../lib/gcc/arm-none-eabi/5.4.1/../../../../arm-none-eabi/lib/armv6-m\libg_nano.a(lib_a-nano-freer.o)
                0x00001d30                _free_r
 .text._malloc_r
                0x00001dc8       0xc0 c:/program files (x86)/cypress/psoc creator/4.4/psoc creator/import/gnu/arm/5.4.1/bin/../lib/gcc/arm-none-eabi/5.4.1/../../../../arm-none-eabi/lib/armv6-m\libg_nano.a(lib_a-nano-mallocr.o)
                0x00001dc8                _malloc_r
 .text._realloc_r
                0x00001e88       0x4c c:/program files (x86)/cypress/psoc creator/4.4/psoc creator/import/gnu/arm/5.4.1/bin/../lib/gcc/arm-none-eabi/5.4.1/../../../../arm-none-eabi/lib/armv6-m\libg_nano.a(lib_a-nano-reallocr.o)
                0x00001e88                _realloc_r
 .text._sbrk_r  0x00001ed4       0x24 c:/program files (x86)/cypress/psoc creator/4.4/psoc creator/import/gnu/arm/5.4.1/bin/../lib/gcc/arm-none-eabi/5.4.1/../../../../arm-none-eabi/lib/armv6-m\libg_nano.a(lib_a-sbrkr.o)
                0x00001ed4                _sbrk_r
 .text.__malloc_lock
                0x00001ef8        0x2 c:/program files (x86)/cypress/psoc creator/4.4/psoc creator/import/gnu/arm/5.4.1/bin/../lib/gcc/arm-none-eabi/5.4.1/../../../../arm-none-eabi/lib/armv6-m\libg_nano.a(lib_a-mlock.o)
                0x00001ef8                __malloc_lock
 .text.__malloc_unlock
                0x00001efa        0x2 c:/program files (x86)/cypress/psoc creator/4.4/psoc creator/import/gnu/arm/5.4.1/bin/../lib/gcc/arm-none-eabi/5.4.1/../../../../arm-none-eabi/lib/armv6-m\libg_nano.a(lib_a-mlock.o)
                0x00001efa                __malloc_unlock
 .text._malloc_usable_size_r
                0x00001efc       0x16 c:/program files (x86)/cypress/psoc creator/4.4/psoc creator/import/gnu/arm/5.4.1/bin/../lib/gcc/arm-none-eabi/5.4.1/../../../../arm-none-eabi/lib/armv6-m\libg_nano.a(lib_a-nano-msizer.o)
                0x00001efc                _malloc_usable_size_r
 *(.plt)
 *(.gnu.warning)
 *(.glue_7t)
 .glue_7t       0x00001f12        0x0 linker stubs
 *(.glue_7)
 .glue_7        0x00001f12        0x0 linker stubs
 *(.vfp11_veneer)
 .vfp11_veneer  0x00001f12        0x0 linker stubs
 *(.bootloader)
 *(.ARM.extab* .gnu.linkonce.armextab.*)
 *(.gcc_except_table)

.v4_bx          0x00001f14        0x0
 .v4_bx         0x00001f14        0x0 linker stubs

.iplt           0x00001f14        0x0
 .iplt          0x00001f14        0x0 c:/program files (x86)/cypress/psoc creator/4.4/psoc creator/import/gnu/arm/5.4.1/bin/../lib/gcc/arm-none-eabi/5.4.1/armv6-m/crtbegin.o

.eh_frame_hdr
 *(.eh_frame_hdr)

.eh_frame       0x00001f14        0x4
 *(.eh_frame)
 .eh_frame      0x00001f14        0x0 c:/program files (x86)/cypress/psoc creator/4.4/psoc creator/import/gnu/arm/5.4.1/bin/../lib/gcc/arm-none-eabi/5.4.1/armv6-m/crtbegin.o
 .eh_frame      0x00001f14        0x4 c:/program files (x86)/cypress/psoc creator/4.4/psoc creator/import/gnu/arm/5.4.1/bin/../lib/gcc/arm-none-eabi/5.4.1/armv6-m/crtend.o
                [!provide]                PROVIDE (__exidx_start, .)

.ARM.exidx
 *(.ARM.exidx* .gnu.linkonce.armexidx.*)
                0x00001f18                __exidx_end = .

.rodata         0x00001f18      0x288
 *(.rodata .rodata.* .gnu.linkonce.r.*)
 .rodata.str1.4
                0x00001f18       0x48 .\CortexM0\ARM_GCC_541\Debug\main.o
 .rodata        0x00001f60       0xe0 .\CortexM0\ARM_GCC_541\Debug\cyfitter_cfg.o
 .rodata        0x00002040       0x2e .\CortexM0\ARM_GCC_541\Debug\Partie_3.a(CyLib.o)
                0x00002040                cyImoFreqMhz2Reg
 *fill*         0x0000206e        0x2 
 .rodata        0x00002070       0x80 c:/program files (x86)/cypress/psoc creator/4.4/psoc creator/import/gnu/arm/5.4.1/bin/../lib/gcc/arm-none-eabi/5.4.1/armv6-m\libgcc.a(divsf3.o)
 .rodata        0x000020f0       0x40 c:/program files (x86)/cypress/psoc creator/4.4/psoc creator/import/gnu/arm/5.4.1/bin/../lib/gcc/arm-none-eabi/5.4.1/armv6-m\libgcc.a(mulsf3.o)
 .rodata.str1.1
                0x00002130        0x2 c:/program files (x86)/cypress/psoc creator/4.4/psoc creator/import/gnu/arm/5.4.1/bin/../lib/gcc/arm-none-eabi/5.4.1/../../../../arm-none-eabi/lib/armv6-m\libg_nano.a(lib_a-impure.o)
 .rodata.str1.1
                0x00002132       0x11 c:/program files (x86)/cypress/psoc creator/4.4/psoc creator/import/gnu/arm/5.4.1/bin/../lib/gcc/arm-none-eabi/5.4.1/../../../../arm-none-eabi/lib/armv6-m\libg_nano.a(lib_a-nano-svfprintf.o)
 .rodata.str1.1
                0x00002143       0x22 c:/program files (x86)/cypress/psoc creator/4.4/psoc creator/import/gnu/arm/5.4.1/bin/../lib/gcc/arm-none-eabi/5.4.1/../../../../arm-none-eabi/lib/armv6-m\libg_nano.a(lib_a-nano-vfprintf_i.o)
                0x00002168                . = ALIGN (0x4)
 *fill*         0x00002165        0x3 
 *(.init)
 .init          0x00002168        0x4 c:/program files (x86)/cypress/psoc creator/4.4/psoc creator/import/gnu/arm/5.4.1/bin/../lib/gcc/arm-none-eabi/5.4.1/armv6-m/crti.o
                0x00002168                _init
 .init          0x0000216c        0x8 c:/program files (x86)/cypress/psoc creator/4.4/psoc creator/import/gnu/arm/5.4.1/bin/../lib/gcc/arm-none-eabi/5.4.1/armv6-m/crtn.o
                0x00002174                . = ALIGN (0x4)
                0x00002174                __preinit_array_start = .
 *(.preinit_array)
                0x00002174                __preinit_array_end = .
                0x00002174                . = ALIGN (0x4)
                0x00002174                __init_array_start = .
 *(SORT(.init_array.*))
 *(.init_array)
 .init_array    0x00002174        0x4 c:/program files (x86)/cypress/psoc creator/4.4/psoc creator/import/gnu/arm/5.4.1/bin/../lib/gcc/arm-none-eabi/5.4.1/armv6-m/crtbegin.o
 .init_array    0x00002178        0x4 .\CortexM0\ARM_GCC_541\Debug\Cm0Start.o
                0x0000217c                __init_array_end = .
                0x0000217c                . = ALIGN (0x4)
 *(.fini)
 .fini          0x0000217c        0x4 c:/program files (x86)/cypress/psoc creator/4.4/psoc creator/import/gnu/arm/5.4.1/bin/../lib/gcc/arm-none-eabi/5.4.1/armv6-m/crti.o
                0x0000217c                _fini
 .fini          0x00002180        0x8 c:/program files (x86)/cypress/psoc creator/4.4/psoc creator/import/gnu/arm/5.4.1/bin/../lib/gcc/arm-none-eabi/5.4.1/armv6-m/crtn.o
                0x00002188                . = ALIGN (0x4)
                0x00002188                __fini_array_start = .
 *(.fini_array)
 .fini_array    0x00002188        0x4 c:/program files (x86)/cypress/psoc creator/4.4/psoc creator/import/gnu/arm/5.4.1/bin/../lib/gcc/arm-none-eabi/5.4.1/armv6-m/crtbegin.o
 *(SORT(.fini_array.*))
                0x0000218c                __fini_array_end = .
                0x0000218c                . = ALIGN (0x4)
 *crtbegin.o(.ctors)
 *(EXCLUDE_FILE(*crtend.o) .ctors)
 *(SORT(.ctors.*))
 *crtend.o(.ctors)
                0x0000218c                . = ALIGN (0x4)
 *crtbegin.o(.dtors)
 *(EXCLUDE_FILE(*crtend.o) .dtors)
 *(SORT(.dtors.*))
 *crtend.o(.dtors)
                0x0000218c                . = ALIGN (0x4)
                0x0000218c                __cy_regions = .
                0x0000218c        0x4 LONG 0x21a0 __cy_region_init_ram
                0x00002190        0x4 LONG 0x200000c0 __cy_region_start_data
                0x00002194        0x4 LONG 0x88 __cy_region_init_size_ram
                0x00002198        0x4 LONG 0x68 __cy_region_zero_size_ram
                0x0000219c                __cy_regions_end = .
                0x000021a0                . = ALIGN (0x8)
 *fill*         0x0000219c        0x4 
                0x000021a0                _etext = .

.cy_checksum_exclude
                0x000021a0        0x0
 *(.cy_checksum_exclude)

.ramvectors     0x20000000       0xc0
                0x20000000                __cy_region_start_ram = .
 *(.ramvectors)
 .ramvectors    0x20000000       0xc0 .\CortexM0\ARM_GCC_541\Debug\Cm0Start.o
                0x20000000                CyRamVectors

.noinit
 *(.noinit)

.data           0x200000c0       0x88 load address 0x000021a0
                0x200000c0                __cy_region_start_data = .
 *(.jcr)
 .jcr           0x200000c0        0x0 c:/program files (x86)/cypress/psoc creator/4.4/psoc creator/import/gnu/arm/5.4.1/bin/../lib/gcc/arm-none-eabi/5.4.1/armv6-m/crtbegin.o
 .jcr           0x200000c0        0x4 c:/program files (x86)/cypress/psoc creator/4.4/psoc creator/import/gnu/arm/5.4.1/bin/../lib/gcc/arm-none-eabi/5.4.1/armv6-m/crtend.o
 *(.got.plt)
 *(.got)
 *(.shdata)
 *(.data .data.* .gnu.linkonce.d.*)
 .data          0x200000c4        0x4 .\CortexM0\ARM_GCC_541\Debug\Cm0Start.o
 .data          0x200000c8       0x14 .\CortexM0\ARM_GCC_541\Debug\Partie_3.a(CyLib.o)
                0x200000c8                CySysClkPumpConfig
                0x200000cc                cydelay32kMs
                0x200000d0                cydelayFreqKhz
                0x200000d4                cydelayFreqMhz
                0x200000d8                cydelayFreqHz
 .data          0x200000dc        0x8 .\CortexM0\ARM_GCC_541\Debug\Partie_3.a(CyLFClk.o)
 .data.impure_data
                0x200000e4       0x60 c:/program files (x86)/cypress/psoc creator/4.4/psoc creator/import/gnu/arm/5.4.1/bin/../lib/gcc/arm-none-eabi/5.4.1/../../../../arm-none-eabi/lib/armv6-m\libg_nano.a(lib_a-impure.o)
 .data._impure_ptr
                0x20000144        0x4 c:/program files (x86)/cypress/psoc creator/4.4/psoc creator/import/gnu/arm/5.4.1/bin/../lib/gcc/arm-none-eabi/5.4.1/../../../../arm-none-eabi/lib/armv6-m\libg_nano.a(lib_a-impure.o)
                0x20000144                _impure_ptr
                0x20000148                . = ALIGN (0x8)
 *(.ram)
                0x20000148                _edata = .

.igot.plt       0x20000148        0x0 load address 0x00002228
 .igot.plt      0x20000148        0x0 c:/program files (x86)/cypress/psoc creator/4.4/psoc creator/import/gnu/arm/5.4.1/bin/../lib/gcc/arm-none-eabi/5.4.1/armv6-m/crtbegin.o

.bss            0x20000148       0x68 load address 0x00002228
                0x20000148                PROVIDE (__bss_start__, .)
 *(.shbss)
 *(.bss .bss.* .gnu.linkonce.b.*)
 .bss           0x20000148       0x1c c:/program files (x86)/cypress/psoc creator/4.4/psoc creator/import/gnu/arm/5.4.1/bin/../lib/gcc/arm-none-eabi/5.4.1/armv6-m/crtbegin.o
 .bss           0x20000164        0x1 .\CortexM0\ARM_GCC_541\Debug\main.o
                0x20000164                flag
 *fill*         0x20000165        0x3 
 .bss           0x20000168       0x28 .\CortexM0\ARM_GCC_541\Debug\Partie_3.a(CyLFClk.o)
 .bss           0x20000190        0x1 .\CortexM0\ARM_GCC_541\Debug\Partie_3.a(Timer.o)
                0x20000190                Timer_initVar
 *fill*         0x20000191        0x1 
 .bss           0x20000192        0x4 .\CortexM0\ARM_GCC_541\Debug\Partie_3.a(UART.o)
                0x20000192                UART_initVar
                0x20000194                UART_IntrTxMask
 .bss           0x20000196        0x1 .\CortexM0\ARM_GCC_541\Debug\Partie_3.a(ADC.o)
                0x20000196                ADC_initVar
 *fill*         0x20000197        0x1 
 .bss.__malloc_sbrk_start
                0x20000198        0x4 c:/program files (x86)/cypress/psoc creator/4.4/psoc creator/import/gnu/arm/5.4.1/bin/../lib/gcc/arm-none-eabi/5.4.1/../../../../arm-none-eabi/lib/armv6-m\libg_nano.a(lib_a-nano-mallocr.o)
                0x20000198                __malloc_sbrk_start
 .bss.__malloc_free_list
                0x2000019c        0x4 c:/program files (x86)/cypress/psoc creator/4.4/psoc creator/import/gnu/arm/5.4.1/bin/../lib/gcc/arm-none-eabi/5.4.1/../../../../arm-none-eabi/lib/armv6-m\libg_nano.a(lib_a-nano-mallocr.o)
                0x2000019c                __malloc_free_list
 *(COMMON)
 COMMON         0x200001a0        0x6 .\CortexM0\ARM_GCC_541\Debug\Partie_3.a(ADC.o)
                0x200001a0                ADC_countsPer10Volt
                0x200001a4                ADC_offset
 *fill*         0x200001a6        0x2 
 COMMON         0x200001a8        0x4 c:/program files (x86)/cypress/psoc creator/4.4/psoc creator/import/gnu/arm/5.4.1/bin/../lib/gcc/arm-none-eabi/5.4.1/../../../../arm-none-eabi/lib/armv6-m\libg_nano.a(lib_a-reent.o)
                0x200001a8                errno
                0x200001b0                . = ALIGN (0x8)
 *fill*         0x200001ac        0x4 
 *(.ram.b)
                0x200001b0                _end = .
                0x200001b0                __end = .
                0x200001b0                PROVIDE (end, .)
                0x200001b0                PROVIDE (__bss_end__, .)
                0x000021a0                __cy_region_init_ram = LOADADDR (.data)
                0x00000088                __cy_region_init_size_ram = (_edata - ADDR (.data))
                0x00000068                __cy_region_zero_size_ram = (_end - _edata)

.heap           0x200001b0       0x80 load address 0x00002228
                0x200001b0                . = _end
                0x20000230                . = (. + 0x80)
 *fill*         0x200001b0       0x80 
                0x20000230                __cy_heap_limit = .

.stack          0x20003800      0x800
                0x20003800                __cy_stack_limit = .
                0x20004000                . = (. + 0x800)
 *fill*         0x20003800      0x800 
                0x00000001                ASSERT ((__cy_stack_limit >= __cy_heap_limit), region RAM overflowed with stack)
                0x00000000                cy_checksum_exclude_size = (CY_APPL_LOADABLE == 0x1)?SIZEOF (.cy_checksum_exclude):0x0
                0x00000001                ASSERT ((cy_checksum_exclude_size <= CY_CHECKSUM_EXCLUDE_SIZE), CY_BOOT: Section .cy_checksum_exclude size exceedes specified limit.)
                0x0001ffc0                cyloadermeta_start = (cy_project_type_bootloader || cy_project_type_app_for_stack_and_copier)?(LENGTH (rom) - CY_METADATA_SIZE):0xf0000000

.cyloadermeta
 *(.cyloadermeta)
                0x0001ffc0                cyloadablemeta_start = cy_project_type_app_for_stack_and_copier?((LENGTH (rom) - CY_FLASH_ROW_SIZE) - CY_METADATA_SIZE):((LENGTH (rom) - (CY_FLASH_ROW_SIZE * (CY_APPL_NUM - 0x1))) - CY_METADATA_SIZE)

.cyloadablemeta
 *(.cyloadablemeta)

.cyflashprotect
                0x90400000       0x80
 *(.cyflashprotect)
 .cyflashprotect
                0x90400000       0x80 .\CortexM0\ARM_GCC_541\Debug\cymetadata.o
                0x90400000                cy_meta_flashprotect

.cymeta         0x90500000        0xc
 *(.cymeta)
 .cymeta        0x90500000        0xc .\CortexM0\ARM_GCC_541\Debug\cymetadata.o
                0x90500000                cy_metadata

.cychipprotect  0x90600000        0x1
 *(.cychipprotect)
 .cychipprotect
                0x90600000        0x1 .\CortexM0\ARM_GCC_541\Debug\cymetadata.o
                0x90600000                cy_meta_chipprotect

.rel.dyn        0x00002228        0x0 load address 0x90600004
 .rel.iplt      0x00002228        0x0 c:/program files (x86)/cypress/psoc creator/4.4/psoc creator/import/gnu/arm/5.4.1/bin/../lib/gcc/arm-none-eabi/5.4.1/armv6-m/crtbegin.o

.stab
 *(.stab)

.stabstr
 *(.stabstr)

.debug
 *(.debug)

.line
 *(.line)

.debug_srcinfo
 *(.debug_srcinfo)

.debug_sfnames
 *(.debug_sfnames)

.debug_aranges  0x00000000      0x8f8
 *(.debug_aranges)
 .debug_aranges
                0x00000000       0x28 .\CortexM0\ARM_GCC_541\Debug\main.o
 .debug_aranges
                0x00000028       0x48 .\CortexM0\ARM_GCC_541\Debug\cyfitter_cfg.o
 .debug_aranges
                0x00000070       0x18 .\CortexM0\ARM_GCC_541\Debug\cymetadata.o
 .debug_aranges
                0x00000088       0x48 .\CortexM0\ARM_GCC_541\Debug\Cm0Start.o
 .debug_aranges
                0x000000d0      0x1c8 .\CortexM0\ARM_GCC_541\Debug\Partie_3.a(CyLib.o)
 .debug_aranges
                0x00000298      0x188 .\CortexM0\ARM_GCC_541\Debug\Partie_3.a(CyLFClk.o)
 .debug_aranges
                0x00000420      0x158 .\CortexM0\ARM_GCC_541\Debug\Partie_3.a(PWM.o)
 .debug_aranges
                0x00000578       0x90 .\CortexM0\ARM_GCC_541\Debug\Partie_3.a(Timer.o)
 .debug_aranges
                0x00000608       0x58 .\CortexM0\ARM_GCC_541\Debug\Partie_3.a(UART.o)
 .debug_aranges
                0x00000660       0x90 .\CortexM0\ARM_GCC_541\Debug\Partie_3.a(UART_UART.o)
 .debug_aranges
                0x000006f0       0xa8 .\CortexM0\ARM_GCC_541\Debug\Partie_3.a(ADC.o)
 .debug_aranges
                0x00000798       0x20 .\CortexM0\ARM_GCC_541\Debug\Partie_3.a(ADC_INT.o)
 .debug_aranges
                0x000007b8       0x80 .\CortexM0\ARM_GCC_541\Debug\Partie_3.a(ISR_TIMER.o)
 .debug_aranges
                0x00000838       0x20 .\CortexM0\ARM_GCC_541\Debug\Partie_3.a(CyBootAsmGnu.o)
 .debug_aranges
                0x00000858       0x40 .\CortexM0\ARM_GCC_541\Debug\Partie_3.a(CyFlash.o)
 .debug_aranges
                0x00000898       0x60 .\CortexM0\ARM_GCC_541\Debug\Partie_3.a(UART_SPI_UART.o)

.debug_pubnames
 *(.debug_pubnames)

.debug_info     0x00000000     0x4b0a
 *(.debug_info .gnu.linkonce.wi.*)
 .debug_info    0x00000000      0x3a1 .\CortexM0\ARM_GCC_541\Debug\main.o
 .debug_info    0x000003a1      0x405 .\CortexM0\ARM_GCC_541\Debug\cyfitter_cfg.o
 .debug_info    0x000007a6       0xf8 .\CortexM0\ARM_GCC_541\Debug\cymetadata.o
 .debug_info    0x0000089e      0x3a2 .\CortexM0\ARM_GCC_541\Debug\Cm0Start.o
 .debug_info    0x00000c40      0xd40 .\CortexM0\ARM_GCC_541\Debug\Partie_3.a(CyLib.o)
 .debug_info    0x00001980     0x1058 .\CortexM0\ARM_GCC_541\Debug\Partie_3.a(CyLFClk.o)
 .debug_info    0x000029d8      0x908 .\CortexM0\ARM_GCC_541\Debug\Partie_3.a(PWM.o)
 .debug_info    0x000032e0      0x2ee .\CortexM0\ARM_GCC_541\Debug\Partie_3.a(Timer.o)
 .debug_info    0x000035ce      0x23a .\CortexM0\ARM_GCC_541\Debug\Partie_3.a(UART.o)
 .debug_info    0x00003808      0x3b5 .\CortexM0\ARM_GCC_541\Debug\Partie_3.a(UART_UART.o)
 .debug_info    0x00003bbd      0x579 .\CortexM0\ARM_GCC_541\Debug\Partie_3.a(ADC.o)
 .debug_info    0x00004136       0xcb .\CortexM0\ARM_GCC_541\Debug\Partie_3.a(ADC_INT.o)
 .debug_info    0x00004201      0x305 .\CortexM0\ARM_GCC_541\Debug\Partie_3.a(ISR_TIMER.o)
 .debug_info    0x00004506       0x94 .\CortexM0\ARM_GCC_541\Debug\Partie_3.a(CyBootAsmGnu.o)
 .debug_info    0x0000459a      0x350 .\CortexM0\ARM_GCC_541\Debug\Partie_3.a(CyFlash.o)
 .debug_info    0x000048ea      0x220 .\CortexM0\ARM_GCC_541\Debug\Partie_3.a(UART_SPI_UART.o)

.debug_abbrev   0x00000000     0x1461
 *(.debug_abbrev)
 .debug_abbrev  0x00000000      0x158 .\CortexM0\ARM_GCC_541\Debug\main.o
 .debug_abbrev  0x00000158      0x1cf .\CortexM0\ARM_GCC_541\Debug\cyfitter_cfg.o
 .debug_abbrev  0x00000327       0x5d .\CortexM0\ARM_GCC_541\Debug\cymetadata.o
 .debug_abbrev  0x00000384      0x1d7 .\CortexM0\ARM_GCC_541\Debug\Cm0Start.o
 .debug_abbrev  0x0000055b      0x20b .\CortexM0\ARM_GCC_541\Debug\Partie_3.a(CyLib.o)
 .debug_abbrev  0x00000766      0x248 .\CortexM0\ARM_GCC_541\Debug\Partie_3.a(CyLFClk.o)
 .debug_abbrev  0x000009ae      0x119 .\CortexM0\ARM_GCC_541\Debug\Partie_3.a(PWM.o)
 .debug_abbrev  0x00000ac7      0x12b .\CortexM0\ARM_GCC_541\Debug\Partie_3.a(Timer.o)
 .debug_abbrev  0x00000bf2       0xd5 .\CortexM0\ARM_GCC_541\Debug\Partie_3.a(UART.o)
 .debug_abbrev  0x00000cc7      0x132 .\CortexM0\ARM_GCC_541\Debug\Partie_3.a(UART_UART.o)
 .debug_abbrev  0x00000df9      0x184 .\CortexM0\ARM_GCC_541\Debug\Partie_3.a(ADC.o)
 .debug_abbrev  0x00000f7d       0x65 .\CortexM0\ARM_GCC_541\Debug\Partie_3.a(ADC_INT.o)
 .debug_abbrev  0x00000fe2      0x19a .\CortexM0\ARM_GCC_541\Debug\Partie_3.a(ISR_TIMER.o)
 .debug_abbrev  0x0000117c       0x14 .\CortexM0\ARM_GCC_541\Debug\Partie_3.a(CyBootAsmGnu.o)
 .debug_abbrev  0x00001190      0x182 .\CortexM0\ARM_GCC_541\Debug\Partie_3.a(CyFlash.o)
 .debug_abbrev  0x00001312      0x14f .\CortexM0\ARM_GCC_541\Debug\Partie_3.a(UART_SPI_UART.o)

.debug_line     0x00000000     0x20ff
 *(.debug_line)
 .debug_line    0x00000000      0x1d6 .\CortexM0\ARM_GCC_541\Debug\main.o
 .debug_line    0x000001d6      0x19f .\CortexM0\ARM_GCC_541\Debug\cyfitter_cfg.o
 .debug_line    0x00000375      0x141 .\CortexM0\ARM_GCC_541\Debug\cymetadata.o
 .debug_line    0x000004b6      0x236 .\CortexM0\ARM_GCC_541\Debug\Cm0Start.o
 .debug_line    0x000006ec      0x563 .\CortexM0\ARM_GCC_541\Debug\Partie_3.a(CyLib.o)
 .debug_line    0x00000c4f      0x5d1 .\CortexM0\ARM_GCC_541\Debug\Partie_3.a(CyLFClk.o)
 .debug_line    0x00001220      0x37c .\CortexM0\ARM_GCC_541\Debug\Partie_3.a(PWM.o)
 .debug_line    0x0000159c      0x179 .\CortexM0\ARM_GCC_541\Debug\Partie_3.a(Timer.o)
 .debug_line    0x00001715      0x108 .\CortexM0\ARM_GCC_541\Debug\Partie_3.a(UART.o)
 .debug_line    0x0000181d      0x1cf .\CortexM0\ARM_GCC_541\Debug\Partie_3.a(UART_UART.o)
 .debug_line    0x000019ec      0x26b .\CortexM0\ARM_GCC_541\Debug\Partie_3.a(ADC.o)
 .debug_line    0x00001c57       0x62 .\CortexM0\ARM_GCC_541\Debug\Partie_3.a(ADC_INT.o)
 .debug_line    0x00001cb9      0x151 .\CortexM0\ARM_GCC_541\Debug\Partie_3.a(ISR_TIMER.o)
 .debug_line    0x00001e0a       0x68 .\CortexM0\ARM_GCC_541\Debug\Partie_3.a(CyBootAsmGnu.o)
 .debug_line    0x00001e72      0x173 .\CortexM0\ARM_GCC_541\Debug\Partie_3.a(CyFlash.o)
 .debug_line    0x00001fe5      0x11a .\CortexM0\ARM_GCC_541\Debug\Partie_3.a(UART_SPI_UART.o)

.debug_frame    0x00000000     0x1af8
 *(.debug_frame)
 .debug_frame   0x00000000       0x50 .\CortexM0\ARM_GCC_541\Debug\main.o
 .debug_frame   0x00000050       0xb4 .\CortexM0\ARM_GCC_541\Debug\cyfitter_cfg.o
 .debug_frame   0x00000104       0xbc .\CortexM0\ARM_GCC_541\Debug\Cm0Start.o
 .debug_frame   0x000001c0      0x48c .\CortexM0\ARM_GCC_541\Debug\Partie_3.a(CyLib.o)
 .debug_frame   0x0000064c      0x4a4 .\CortexM0\ARM_GCC_541\Debug\Partie_3.a(CyLFClk.o)
 .debug_frame   0x00000af0      0x3a0 .\CortexM0\ARM_GCC_541\Debug\Partie_3.a(PWM.o)
 .debug_frame   0x00000e90      0x124 .\CortexM0\ARM_GCC_541\Debug\Partie_3.a(Timer.o)
 .debug_frame   0x00000fb4       0xd8 .\CortexM0\ARM_GCC_541\Debug\Partie_3.a(UART.o)
 .debug_frame   0x0000108c      0x144 .\CortexM0\ARM_GCC_541\Debug\Partie_3.a(UART_UART.o)
 .debug_frame   0x000011d0      0x1b0 .\CortexM0\ARM_GCC_541\Debug\Partie_3.a(ADC.o)
 .debug_frame   0x00001380       0x20 .\CortexM0\ARM_GCC_541\Debug\Partie_3.a(ADC_INT.o)
 .debug_frame   0x000013a0      0x110 .\CortexM0\ARM_GCC_541\Debug\Partie_3.a(ISR_TIMER.o)
 .debug_frame   0x000014b0       0x90 .\CortexM0\ARM_GCC_541\Debug\Partie_3.a(CyFlash.o)
 .debug_frame   0x00001540       0xb0 .\CortexM0\ARM_GCC_541\Debug\Partie_3.a(UART_SPI_UART.o)
 .debug_frame   0x000015f0       0x20 c:/program files (x86)/cypress/psoc creator/4.4/psoc creator/import/gnu/arm/5.4.1/bin/../lib/gcc/arm-none-eabi/5.4.1/armv6-m\libgcc.a(_udivsi3.o)
 .debug_frame   0x00001610       0x20 c:/program files (x86)/cypress/psoc creator/4.4/psoc creator/import/gnu/arm/5.4.1/bin/../lib/gcc/arm-none-eabi/5.4.1/armv6-m\libgcc.a(_divsi3.o)
 .debug_frame   0x00001630       0x34 c:/program files (x86)/cypress/psoc creator/4.4/psoc creator/import/gnu/arm/5.4.1/bin/../lib/gcc/arm-none-eabi/5.4.1/armv6-m\libgcc.a(_muldi3.o)
 .debug_frame   0x00001664       0x30 c:/program files (x86)/cypress/psoc creator/4.4/psoc creator/import/gnu/arm/5.4.1/bin/../lib/gcc/arm-none-eabi/5.4.1/armv6-m\libgcc.a(bpabi.o)
 .debug_frame   0x00001694       0x3c c:/program files (x86)/cypress/psoc creator/4.4/psoc creator/import/gnu/arm/5.4.1/bin/../lib/gcc/arm-none-eabi/5.4.1/armv6-m\libgcc.a(divsf3.o)
 .debug_frame   0x000016d0       0x38 c:/program files (x86)/cypress/psoc creator/4.4/psoc creator/import/gnu/arm/5.4.1/bin/../lib/gcc/arm-none-eabi/5.4.1/armv6-m\libgcc.a(mulsf3.o)
 .debug_frame   0x00001708       0x20 c:/program files (x86)/cypress/psoc creator/4.4/psoc creator/import/gnu/arm/5.4.1/bin/../lib/gcc/arm-none-eabi/5.4.1/armv6-m\libgcc.a(fixsfsi.o)
 .debug_frame   0x00001728       0x2c c:/program files (x86)/cypress/psoc creator/4.4/psoc creator/import/gnu/arm/5.4.1/bin/../lib/gcc/arm-none-eabi/5.4.1/armv6-m\libgcc.a(floatsisf.o)
 .debug_frame   0x00001754       0x3c c:/program files (x86)/cypress/psoc creator/4.4/psoc creator/import/gnu/arm/5.4.1/bin/../lib/gcc/arm-none-eabi/5.4.1/armv6-m\libgcc.a(_divdi3.o)
 .debug_frame   0x00001790       0x20 c:/program files (x86)/cypress/psoc creator/4.4/psoc creator/import/gnu/arm/5.4.1/bin/../lib/gcc/arm-none-eabi/5.4.1/../../../../arm-none-eabi/lib/armv6-m\libg_nano.a(lib_a-errno.o)
 .debug_frame   0x000017b0       0x28 c:/program files (x86)/cypress/psoc creator/4.4/psoc creator/import/gnu/arm/5.4.1/bin/../lib/gcc/arm-none-eabi/5.4.1/../../../../arm-none-eabi/lib/armv6-m\libg_nano.a(lib_a-exit.o)
 .debug_frame   0x000017d8       0x2c c:/program files (x86)/cypress/psoc creator/4.4/psoc creator/import/gnu/arm/5.4.1/bin/../lib/gcc/arm-none-eabi/5.4.1/../../../../arm-none-eabi/lib/armv6-m\libg_nano.a(lib_a-init.o)
 .debug_frame   0x00001804       0x28 c:/program files (x86)/cypress/psoc creator/4.4/psoc creator/import/gnu/arm/5.4.1/bin/../lib/gcc/arm-none-eabi/5.4.1/../../../../arm-none-eabi/lib/armv6-m\libg_nano.a(lib_a-memcpy-stub.o)
 .debug_frame   0x0000182c       0x20 c:/program files (x86)/cypress/psoc creator/4.4/psoc creator/import/gnu/arm/5.4.1/bin/../lib/gcc/arm-none-eabi/5.4.1/../../../../arm-none-eabi/lib/armv6-m\libg_nano.a(lib_a-memset.o)
 .debug_frame   0x0000184c       0x50 c:/program files (x86)/cypress/psoc creator/4.4/psoc creator/import/gnu/arm/5.4.1/bin/../lib/gcc/arm-none-eabi/5.4.1/../../../../arm-none-eabi/lib/armv6-m\libg_nano.a(lib_a-sprintf.o)
 .debug_frame   0x0000189c       0x74 c:/program files (x86)/cypress/psoc creator/4.4/psoc creator/import/gnu/arm/5.4.1/bin/../lib/gcc/arm-none-eabi/5.4.1/../../../../arm-none-eabi/lib/armv6-m\libg_nano.a(lib_a-nano-svfprintf.o)
 .debug_frame   0x00001910       0x54 c:/program files (x86)/cypress/psoc creator/4.4/psoc creator/import/gnu/arm/5.4.1/bin/../lib/gcc/arm-none-eabi/5.4.1/../../../../arm-none-eabi/lib/armv6-m\libg_nano.a(lib_a-nano-vfprintf_i.o)
 .debug_frame   0x00001964       0x20 c:/program files (x86)/cypress/psoc creator/4.4/psoc creator/import/gnu/arm/5.4.1/bin/../lib/gcc/arm-none-eabi/5.4.1/../../../../arm-none-eabi/lib/armv6-m\libg_nano.a(lib_a-memchr-stub.o)
 .debug_frame   0x00001984       0x28 c:/program files (x86)/cypress/psoc creator/4.4/psoc creator/import/gnu/arm/5.4.1/bin/../lib/gcc/arm-none-eabi/5.4.1/../../../../arm-none-eabi/lib/armv6-m\libg_nano.a(lib_a-memmove.o)
 .debug_frame   0x000019ac       0x2c c:/program files (x86)/cypress/psoc creator/4.4/psoc creator/import/gnu/arm/5.4.1/bin/../lib/gcc/arm-none-eabi/5.4.1/../../../../arm-none-eabi/lib/armv6-m\libg_nano.a(lib_a-nano-freer.o)
 .debug_frame   0x000019d8       0x2c c:/program files (x86)/cypress/psoc creator/4.4/psoc creator/import/gnu/arm/5.4.1/bin/../lib/gcc/arm-none-eabi/5.4.1/../../../../arm-none-eabi/lib/armv6-m\libg_nano.a(lib_a-nano-mallocr.o)
 .debug_frame   0x00001a04       0x30 c:/program files (x86)/cypress/psoc creator/4.4/psoc creator/import/gnu/arm/5.4.1/bin/../lib/gcc/arm-none-eabi/5.4.1/../../../../arm-none-eabi/lib/armv6-m\libg_nano.a(lib_a-nano-reallocr.o)
 .debug_frame   0x00001a34       0x2c c:/program files (x86)/cypress/psoc creator/4.4/psoc creator/import/gnu/arm/5.4.1/bin/../lib/gcc/arm-none-eabi/5.4.1/../../../../arm-none-eabi/lib/armv6-m\libg_nano.a(lib_a-sbrkr.o)
 .debug_frame   0x00001a60       0x30 c:/program files (x86)/cypress/psoc creator/4.4/psoc creator/import/gnu/arm/5.4.1/bin/../lib/gcc/arm-none-eabi/5.4.1/../../../../arm-none-eabi/lib/armv6-m\libg_nano.a(lib_a-mlock.o)
 .debug_frame   0x00001a90       0x20 c:/program files (x86)/cypress/psoc creator/4.4/psoc creator/import/gnu/arm/5.4.1/bin/../lib/gcc/arm-none-eabi/5.4.1/../../../../arm-none-eabi/lib/armv6-m\libg_nano.a(lib_a-nano-msizer.o)
 .debug_frame   0x00001ab0       0x48 c:/program files (x86)/cypress/psoc creator/4.4/psoc creator/import/gnu/arm/5.4.1/bin/../lib/gcc/arm-none-eabi/5.4.1/../../../../arm-none-eabi/lib/armv6-m\libg_nano.a(lib_a-reent.o)

.debug_str      0x00000000     0x1e29
 *(.debug_str)
 .debug_str     0x00000000      0x291 .\CortexM0\ARM_GCC_541\Debug\main.o
                                0x2e1 (size before relaxing)
 .debug_str     0x00000291      0x14a .\CortexM0\ARM_GCC_541\Debug\cyfitter_cfg.o
                                0x301 (size before relaxing)
 .debug_str     0x000003db       0x59 .\CortexM0\ARM_GCC_541\Debug\cymetadata.o
                                0x1cc (size before relaxing)
 .debug_str     0x00000434      0x13a .\CortexM0\ARM_GCC_541\Debug\Cm0Start.o
                                0x305 (size before relaxing)
 .debug_str     0x0000056e      0x602 .\CortexM0\ARM_GCC_541\Debug\Partie_3.a(CyLib.o)
                                0x801 (size before relaxing)
 .debug_str     0x00000b70      0x6e7 .\CortexM0\ARM_GCC_541\Debug\Partie_3.a(CyLFClk.o)
                                0x921 (size before relaxing)
 .debug_str     0x00001257      0x34c .\CortexM0\ARM_GCC_541\Debug\Partie_3.a(PWM.o)
                                0x561 (size before relaxing)
 .debug_str     0x000015a3      0x16e .\CortexM0\ARM_GCC_541\Debug\Partie_3.a(Timer.o)
                                0x33f (size before relaxing)
 .debug_str     0x00001711       0xf7 .\CortexM0\ARM_GCC_541\Debug\Partie_3.a(UART.o)
                                0x29b (size before relaxing)
 .debug_str     0x00001808      0x1d8 .\CortexM0\ARM_GCC_541\Debug\Partie_3.a(UART_UART.o)
                                0x3cc (size before relaxing)
 .debug_str     0x000019e0      0x192 .\CortexM0\ARM_GCC_541\Debug\Partie_3.a(ADC.o)
                                0x3c8 (size before relaxing)
 .debug_str     0x00001b72       0x35 .\CortexM0\ARM_GCC_541\Debug\Partie_3.a(ADC_INT.o)
                                0x1c1 (size before relaxing)
 .debug_str     0x00001ba7       0xf8 .\CortexM0\ARM_GCC_541\Debug\Partie_3.a(ISR_TIMER.o)
                                0x326 (size before relaxing)
 .debug_str     0x00001c9f       0xa7 .\CortexM0\ARM_GCC_541\Debug\Partie_3.a(CyFlash.o)
                                0x2b4 (size before relaxing)
 .debug_str     0x00001d46       0xe3 .\CortexM0\ARM_GCC_541\Debug\Partie_3.a(UART_SPI_UART.o)
                                0x2d2 (size before relaxing)

.debug_loc      0x00000000     0x26b6
 *(.debug_loc)
 .debug_loc     0x00000000       0x44 .\CortexM0\ARM_GCC_541\Debug\main.o
 .debug_loc     0x00000044      0x136 .\CortexM0\ARM_GCC_541\Debug\cyfitter_cfg.o
 .debug_loc     0x0000017a      0x14f .\CortexM0\ARM_GCC_541\Debug\Cm0Start.o
 .debug_loc     0x000002c9      0x81c .\CortexM0\ARM_GCC_541\Debug\Partie_3.a(CyLib.o)
 .debug_loc     0x00000ae5      0xdb7 .\CortexM0\ARM_GCC_541\Debug\Partie_3.a(CyLFClk.o)
 .debug_loc     0x0000189c      0x547 .\CortexM0\ARM_GCC_541\Debug\Partie_3.a(PWM.o)
 .debug_loc     0x00001de3       0x13 .\CortexM0\ARM_GCC_541\Debug\Partie_3.a(Timer.o)
 .debug_loc     0x00001df6       0x7e .\CortexM0\ARM_GCC_541\Debug\Partie_3.a(UART.o)
 .debug_loc     0x00001e74      0x223 .\CortexM0\ARM_GCC_541\Debug\Partie_3.a(UART_UART.o)
 .debug_loc     0x00002097      0x3a7 .\CortexM0\ARM_GCC_541\Debug\Partie_3.a(ADC.o)
 .debug_loc     0x0000243e       0x82 .\CortexM0\ARM_GCC_541\Debug\Partie_3.a(ISR_TIMER.o)
 .debug_loc     0x000024c0      0x160 .\CortexM0\ARM_GCC_541\Debug\Partie_3.a(CyFlash.o)
 .debug_loc     0x00002620       0x96 .\CortexM0\ARM_GCC_541\Debug\Partie_3.a(UART_SPI_UART.o)

.debug_macinfo
 *(.debug_macinfo)

.debug_ranges   0x00000000      0x7e0
 *(.debug_ranges)
 .debug_ranges  0x00000000       0x18 .\CortexM0\ARM_GCC_541\Debug\main.o
 .debug_ranges  0x00000018       0x38 .\CortexM0\ARM_GCC_541\Debug\cyfitter_cfg.o
 .debug_ranges  0x00000050       0x38 .\CortexM0\ARM_GCC_541\Debug\Cm0Start.o
 .debug_ranges  0x00000088      0x1b8 .\CortexM0\ARM_GCC_541\Debug\Partie_3.a(CyLib.o)
 .debug_ranges  0x00000240      0x178 .\CortexM0\ARM_GCC_541\Debug\Partie_3.a(CyLFClk.o)
 .debug_ranges  0x000003b8      0x148 .\CortexM0\ARM_GCC_541\Debug\Partie_3.a(PWM.o)
 .debug_ranges  0x00000500       0x80 .\CortexM0\ARM_GCC_541\Debug\Partie_3.a(Timer.o)
 .debug_ranges  0x00000580       0x48 .\CortexM0\ARM_GCC_541\Debug\Partie_3.a(UART.o)
 .debug_ranges  0x000005c8       0x80 .\CortexM0\ARM_GCC_541\Debug\Partie_3.a(UART_UART.o)
 .debug_ranges  0x00000648       0x98 .\CortexM0\ARM_GCC_541\Debug\Partie_3.a(ADC.o)
 .debug_ranges  0x000006e0       0x10 .\CortexM0\ARM_GCC_541\Debug\Partie_3.a(ADC_INT.o)
 .debug_ranges  0x000006f0       0x70 .\CortexM0\ARM_GCC_541\Debug\Partie_3.a(ISR_TIMER.o)
 .debug_ranges  0x00000760       0x30 .\CortexM0\ARM_GCC_541\Debug\Partie_3.a(CyFlash.o)
 .debug_ranges  0x00000790       0x50 .\CortexM0\ARM_GCC_541\Debug\Partie_3.a(UART_SPI_UART.o)

.comment        0x00000000       0x6e
 .comment       0x00000000       0x6e .\CortexM0\ARM_GCC_541\Debug\main.o
                                 0x6f (size before relaxing)
 .comment       0x0000006e       0x6f .\CortexM0\ARM_GCC_541\Debug\cyfitter_cfg.o
 .comment       0x0000006e       0x6f .\CortexM0\ARM_GCC_541\Debug\cymetadata.o
 .comment       0x0000006e       0x6f .\CortexM0\ARM_GCC_541\Debug\Cm0Start.o
 .comment       0x0000006e       0x6f .\CortexM0\ARM_GCC_541\Debug\Partie_3.a(CyLib.o)
 .comment       0x0000006e       0x6f .\CortexM0\ARM_GCC_541\Debug\Partie_3.a(CyLFClk.o)
 .comment       0x0000006e       0x6f .\CortexM0\ARM_GCC_541\Debug\Partie_3.a(PWM.o)
 .comment       0x0000006e       0x6f .\CortexM0\ARM_GCC_541\Debug\Partie_3.a(Timer.o)
 .comment       0x0000006e       0x6f .\CortexM0\ARM_GCC_541\Debug\Partie_3.a(UART.o)
 .comment       0x0000006e       0x6f .\CortexM0\ARM_GCC_541\Debug\Partie_3.a(UART_UART.o)
 .comment       0x0000006e       0x6f .\CortexM0\ARM_GCC_541\Debug\Partie_3.a(ADC.o)
 .comment       0x0000006e       0x6f .\CortexM0\ARM_GCC_541\Debug\Partie_3.a(ADC_INT.o)
 .comment       0x0000006e       0x6f .\CortexM0\ARM_GCC_541\Debug\Partie_3.a(ISR_TIMER.o)
 .comment       0x0000006e       0x6f .\CortexM0\ARM_GCC_541\Debug\Partie_3.a(CyFlash.o)
 .comment       0x0000006e       0x6f .\CortexM0\ARM_GCC_541\Debug\Partie_3.a(UART_SPI_UART.o)

.debug_weaknames
 *(.debug_weaknames)

.debug_funcnames
 *(.debug_funcnames)

.debug_typenames
 *(.debug_typenames)

.debug_varnames
 *(.debug_varnames)

.note.gnu.arm.ident
 *(.note.gnu.arm.ident)

.ARM.attributes
                0x00000000       0x28
 *(.ARM.attributes)
 .ARM.attributes
                0x00000000       0x1e c:/program files (x86)/cypress/psoc creator/4.4/psoc creator/import/gnu/arm/5.4.1/bin/../lib/gcc/arm-none-eabi/5.4.1/armv6-m/crti.o
 .ARM.attributes
                0x0000001e       0x2c c:/program files (x86)/cypress/psoc creator/4.4/psoc creator/import/gnu/arm/5.4.1/bin/../lib/gcc/arm-none-eabi/5.4.1/armv6-m/crtbegin.o
 .ARM.attributes
                0x0000004a       0x1b c:/program files (x86)/cypress/psoc creator/4.4/psoc creator/import/gnu/arm/5.4.1/bin/../lib/gcc/arm-none-eabi/5.4.1/../../../../arm-none-eabi/lib/armv6-m/crt0.o
 .ARM.attributes
                0x00000065       0x31 .\CortexM0\ARM_GCC_541\Debug\main.o
 .ARM.attributes
                0x00000096       0x31 .\CortexM0\ARM_GCC_541\Debug\cyfitter_cfg.o
 .ARM.attributes
                0x000000c7       0x31 .\CortexM0\ARM_GCC_541\Debug\cymetadata.o
 .ARM.attributes
                0x000000f8       0x31 .\CortexM0\ARM_GCC_541\Debug\Cm0Start.o
 .ARM.attributes
                0x00000129       0x31 .\CortexM0\ARM_GCC_541\Debug\Partie_3.a(CyLib.o)
 .ARM.attributes
                0x0000015a       0x31 .\CortexM0\ARM_GCC_541\Debug\Partie_3.a(CyLFClk.o)
 .ARM.attributes
                0x0000018b       0x31 .\CortexM0\ARM_GCC_541\Debug\Partie_3.a(PWM.o)
 .ARM.attributes
                0x000001bc       0x31 .\CortexM0\ARM_GCC_541\Debug\Partie_3.a(Timer.o)
 .ARM.attributes
                0x000001ed       0x31 .\CortexM0\ARM_GCC_541\Debug\Partie_3.a(UART.o)
 .ARM.attributes
                0x0000021e       0x31 .\CortexM0\ARM_GCC_541\Debug\Partie_3.a(UART_UART.o)
 .ARM.attributes
                0x0000024f       0x31 .\CortexM0\ARM_GCC_541\Debug\Partie_3.a(ADC.o)
 .ARM.attributes
                0x00000280       0x31 .\CortexM0\ARM_GCC_541\Debug\Partie_3.a(ADC_INT.o)
 .ARM.attributes
                0x000002b1       0x31 .\CortexM0\ARM_GCC_541\Debug\Partie_3.a(ISR_TIMER.o)
 .ARM.attributes
                0x000002e2       0x21 .\CortexM0\ARM_GCC_541\Debug\Partie_3.a(CyBootAsmGnu.o)
 .ARM.attributes
                0x00000303       0x31 .\CortexM0\ARM_GCC_541\Debug\Partie_3.a(CyFlash.o)
 .ARM.attributes
                0x00000334       0x31 .\CortexM0\ARM_GCC_541\Debug\Partie_3.a(UART_SPI_UART.o)
 .ARM.attributes
                0x00000365       0x1e c:/program files (x86)/cypress/psoc creator/4.4/psoc creator/import/gnu/arm/5.4.1/bin/../lib/gcc/arm-none-eabi/5.4.1/armv6-m\libgcc.a(_udivsi3.o)
 .ARM.attributes
                0x00000383       0x1e c:/program files (x86)/cypress/psoc creator/4.4/psoc creator/import/gnu/arm/5.4.1/bin/../lib/gcc/arm-none-eabi/5.4.1/armv6-m\libgcc.a(_divsi3.o)
 .ARM.attributes
                0x000003a1       0x1e c:/program files (x86)/cypress/psoc creator/4.4/psoc creator/import/gnu/arm/5.4.1/bin/../lib/gcc/arm-none-eabi/5.4.1/armv6-m\libgcc.a(_dvmd_tls.o)
 .ARM.attributes
                0x000003bf       0x1e c:/program files (x86)/cypress/psoc creator/4.4/psoc creator/import/gnu/arm/5.4.1/bin/../lib/gcc/arm-none-eabi/5.4.1/armv6-m\libgcc.a(_aeabi_ldivmod.o)
 .ARM.attributes
                0x000003dd       0x2c c:/program files (x86)/cypress/psoc creator/4.4/psoc creator/import/gnu/arm/5.4.1/bin/../lib/gcc/arm-none-eabi/5.4.1/armv6-m\libgcc.a(_muldi3.o)
 .ARM.attributes
                0x00000409       0x2c c:/program files (x86)/cypress/psoc creator/4.4/psoc creator/import/gnu/arm/5.4.1/bin/../lib/gcc/arm-none-eabi/5.4.1/armv6-m\libgcc.a(bpabi.o)
 .ARM.attributes
                0x00000435       0x2c c:/program files (x86)/cypress/psoc creator/4.4/psoc creator/import/gnu/arm/5.4.1/bin/../lib/gcc/arm-none-eabi/5.4.1/armv6-m\libgcc.a(divsf3.o)
 .ARM.attributes
                0x00000461       0x2c c:/program files (x86)/cypress/psoc creator/4.4/psoc creator/import/gnu/arm/5.4.1/bin/../lib/gcc/arm-none-eabi/5.4.1/armv6-m\libgcc.a(mulsf3.o)
 .ARM.attributes
                0x0000048d       0x2c c:/program files (x86)/cypress/psoc creator/4.4/psoc creator/import/gnu/arm/5.4.1/bin/../lib/gcc/arm-none-eabi/5.4.1/armv6-m\libgcc.a(fixsfsi.o)
 .ARM.attributes
                0x000004b9       0x2c c:/program files (x86)/cypress/psoc creator/4.4/psoc creator/import/gnu/arm/5.4.1/bin/../lib/gcc/arm-none-eabi/5.4.1/armv6-m\libgcc.a(floatsisf.o)
 .ARM.attributes
                0x000004e5       0x1e c:/program files (x86)/cypress/psoc creator/4.4/psoc creator/import/gnu/arm/5.4.1/bin/../lib/gcc/arm-none-eabi/5.4.1/armv6-m\libgcc.a(_clzsi2.o)
 .ARM.attributes
                0x00000503       0x2c c:/program files (x86)/cypress/psoc creator/4.4/psoc creator/import/gnu/arm/5.4.1/bin/../lib/gcc/arm-none-eabi/5.4.1/armv6-m\libgcc.a(_divdi3.o)
 .ARM.attributes
                0x0000052f       0x1e c:/program files (x86)/cypress/psoc creator/4.4/psoc creator/import/gnu/arm/5.4.1/bin/../lib/gcc/arm-none-eabi/5.4.1/armv6-m\libgcc.a(_clzdi2.o)
 .ARM.attributes
                0x0000054d       0x2c c:/program files (x86)/cypress/psoc creator/4.4/psoc creator/import/gnu/arm/5.4.1/bin/../lib/gcc/arm-none-eabi/5.4.1/../../../../arm-none-eabi/lib/armv6-m\libg_nano.a(lib_a-errno.o)
 .ARM.attributes
                0x00000579       0x2c c:/program files (x86)/cypress/psoc creator/4.4/psoc creator/import/gnu/arm/5.4.1/bin/../lib/gcc/arm-none-eabi/5.4.1/../../../../arm-none-eabi/lib/armv6-m\libg_nano.a(lib_a-exit.o)
 .ARM.attributes
                0x000005a5       0x2c c:/program files (x86)/cypress/psoc creator/4.4/psoc creator/import/gnu/arm/5.4.1/bin/../lib/gcc/arm-none-eabi/5.4.1/../../../../arm-none-eabi/lib/armv6-m\libg_nano.a(lib_a-impure.o)
 .ARM.attributes
                0x000005d1       0x2c c:/program files (x86)/cypress/psoc creator/4.4/psoc creator/import/gnu/arm/5.4.1/bin/../lib/gcc/arm-none-eabi/5.4.1/../../../../arm-none-eabi/lib/armv6-m\libg_nano.a(lib_a-init.o)
 .ARM.attributes
                0x000005fd       0x2c c:/program files (x86)/cypress/psoc creator/4.4/psoc creator/import/gnu/arm/5.4.1/bin/../lib/gcc/arm-none-eabi/5.4.1/../../../../arm-none-eabi/lib/armv6-m\libg_nano.a(lib_a-memcpy-stub.o)
 .ARM.attributes
                0x00000629       0x2c c:/program files (x86)/cypress/psoc creator/4.4/psoc creator/import/gnu/arm/5.4.1/bin/../lib/gcc/arm-none-eabi/5.4.1/../../../../arm-none-eabi/lib/armv6-m\libg_nano.a(lib_a-memset.o)
 .ARM.attributes
                0x00000655       0x2c c:/program files (x86)/cypress/psoc creator/4.4/psoc creator/import/gnu/arm/5.4.1/bin/../lib/gcc/arm-none-eabi/5.4.1/../../../../arm-none-eabi/lib/armv6-m\libg_nano.a(lib_a-sprintf.o)
 .ARM.attributes
                0x00000681       0x2c c:/program files (x86)/cypress/psoc creator/4.4/psoc creator/import/gnu/arm/5.4.1/bin/../lib/gcc/arm-none-eabi/5.4.1/../../../../arm-none-eabi/lib/armv6-m\libg_nano.a(lib_a-nano-svfprintf.o)
 .ARM.attributes
                0x000006ad       0x2c c:/program files (x86)/cypress/psoc creator/4.4/psoc creator/import/gnu/arm/5.4.1/bin/../lib/gcc/arm-none-eabi/5.4.1/../../../../arm-none-eabi/lib/armv6-m\libg_nano.a(lib_a-nano-vfprintf_i.o)
 .ARM.attributes
                0x000006d9       0x2c c:/program files (x86)/cypress/psoc creator/4.4/psoc creator/import/gnu/arm/5.4.1/bin/../lib/gcc/arm-none-eabi/5.4.1/../../../../arm-none-eabi/lib/armv6-m\libg_nano.a(lib_a-memchr-stub.o)
 .ARM.attributes
                0x00000705       0x2c c:/program files (x86)/cypress/psoc creator/4.4/psoc creator/import/gnu/arm/5.4.1/bin/../lib/gcc/arm-none-eabi/5.4.1/../../../../arm-none-eabi/lib/armv6-m\libg_nano.a(lib_a-memmove.o)
 .ARM.attributes
                0x00000731       0x2c c:/program files (x86)/cypress/psoc creator/4.4/psoc creator/import/gnu/arm/5.4.1/bin/../lib/gcc/arm-none-eabi/5.4.1/../../../../arm-none-eabi/lib/armv6-m\libg_nano.a(lib_a-nano-freer.o)
 .ARM.attributes
                0x0000075d       0x2c c:/program files (x86)/cypress/psoc creator/4.4/psoc creator/import/gnu/arm/5.4.1/bin/../lib/gcc/arm-none-eabi/5.4.1/../../../../arm-none-eabi/lib/armv6-m\libg_nano.a(lib_a-nano-mallocr.o)
 .ARM.attributes
                0x00000789       0x2c c:/program files (x86)/cypress/psoc creator/4.4/psoc creator/import/gnu/arm/5.4.1/bin/../lib/gcc/arm-none-eabi/5.4.1/../../../../arm-none-eabi/lib/armv6-m\libg_nano.a(lib_a-nano-reallocr.o)
 .ARM.attributes
                0x000007b5       0x2c c:/program files (x86)/cypress/psoc creator/4.4/psoc creator/import/gnu/arm/5.4.1/bin/../lib/gcc/arm-none-eabi/5.4.1/../../../../arm-none-eabi/lib/armv6-m\libg_nano.a(lib_a-sbrkr.o)
 .ARM.attributes
                0x000007e1       0x2c c:/program files (x86)/cypress/psoc creator/4.4/psoc creator/import/gnu/arm/5.4.1/bin/../lib/gcc/arm-none-eabi/5.4.1/../../../../arm-none-eabi/lib/armv6-m\libg_nano.a(lib_a-mlock.o)
 .ARM.attributes
                0x0000080d       0x2c c:/program files (x86)/cypress/psoc creator/4.4/psoc creator/import/gnu/arm/5.4.1/bin/../lib/gcc/arm-none-eabi/5.4.1/../../../../arm-none-eabi/lib/armv6-m\libg_nano.a(lib_a-nano-msizer.o)
 .ARM.attributes
                0x00000839       0x2c c:/program files (x86)/cypress/psoc creator/4.4/psoc creator/import/gnu/arm/5.4.1/bin/../lib/gcc/arm-none-eabi/5.4.1/../../../../arm-none-eabi/lib/armv6-m\libg_nano.a(lib_a-reent.o)
 .ARM.attributes
                0x00000865       0x2c c:/program files (x86)/cypress/psoc creator/4.4/psoc creator/import/gnu/arm/5.4.1/bin/../lib/gcc/arm-none-eabi/5.4.1/armv6-m/crtend.o
 .ARM.attributes
                0x00000891       0x1e c:/program files (x86)/cypress/psoc creator/4.4/psoc creator/import/gnu/arm/5.4.1/bin/../lib/gcc/arm-none-eabi/5.4.1/armv6-m/crtn.o

/DISCARD/
 *(.note.GNU-stack)
OUTPUT(C:\Users\labview\Desktop\MC60 - partie 2\TP1 - 1er\LLA\Partie_3.cydsn\CortexM0\ARM_GCC_541\Debug\Partie_3.elf elf32-littlearm)
