ARM GAS  C:\Users\labview\AppData\Local\Temp\ccyVxZLy.s 			page 1


   1              		.syntax unified
   2              		.cpu cortex-m0
   3              		.fpu softvfp
   4              		.eabi_attribute 20, 1
   5              		.eabi_attribute 21, 1
   6              		.eabi_attribute 23, 3
   7              		.eabi_attribute 24, 1
   8              		.eabi_attribute 25, 1
   9              		.eabi_attribute 26, 1
  10              		.eabi_attribute 30, 1
  11              		.eabi_attribute 34, 0
  12              		.eabi_attribute 18, 4
  13              		.thumb
  14              		.syntax unified
  15              		.file	"cyfitter_cfg.c"
  16              		.text
  17              	.Ltext0:
  18              		.cfi_sections	.debug_frame
  19              		.section	.text.cfg_write_bytes32,"ax",%progbits
  20              		.align	2
  21              		.code	16
  22              		.thumb_func
  23              		.type	cfg_write_bytes32, %function
  24              	cfg_write_bytes32:
  25              	.LFB4:
  26              		.file 1 "Generated_Source\\PSoC4\\cyfitter_cfg.c"
   1:Generated_Source\PSoC4/cyfitter_cfg.c **** 
   2:Generated_Source\PSoC4/cyfitter_cfg.c **** /*******************************************************************************
   3:Generated_Source\PSoC4/cyfitter_cfg.c **** * File Name: cyfitter_cfg.c
   4:Generated_Source\PSoC4/cyfitter_cfg.c **** * 
   5:Generated_Source\PSoC4/cyfitter_cfg.c **** * PSoC Creator  4.4
   6:Generated_Source\PSoC4/cyfitter_cfg.c **** *
   7:Generated_Source\PSoC4/cyfitter_cfg.c **** * Description:
   8:Generated_Source\PSoC4/cyfitter_cfg.c **** * This file contains device initialization code.
   9:Generated_Source\PSoC4/cyfitter_cfg.c **** * Except for the user defined sections in CyClockStartupError(), this file should not be modified.
  10:Generated_Source\PSoC4/cyfitter_cfg.c **** * This file is automatically generated by PSoC Creator.
  11:Generated_Source\PSoC4/cyfitter_cfg.c **** *
  12:Generated_Source\PSoC4/cyfitter_cfg.c **** ********************************************************************************
  13:Generated_Source\PSoC4/cyfitter_cfg.c **** * Copyright (c) 2007-2020 Cypress Semiconductor.  All rights reserved.
  14:Generated_Source\PSoC4/cyfitter_cfg.c **** * You may use this file only in accordance with the license, terms, conditions, 
  15:Generated_Source\PSoC4/cyfitter_cfg.c **** * disclaimers, and limitations in the end user license agreement accompanying 
  16:Generated_Source\PSoC4/cyfitter_cfg.c **** * the software package with which this file was provided.
  17:Generated_Source\PSoC4/cyfitter_cfg.c **** ********************************************************************************/
  18:Generated_Source\PSoC4/cyfitter_cfg.c **** 
  19:Generated_Source\PSoC4/cyfitter_cfg.c **** #include <string.h>
  20:Generated_Source\PSoC4/cyfitter_cfg.c **** #include "cytypes.h"
  21:Generated_Source\PSoC4/cyfitter_cfg.c **** #include "cydevice_trm.h"
  22:Generated_Source\PSoC4/cyfitter_cfg.c **** #include "cyfitter.h"
  23:Generated_Source\PSoC4/cyfitter_cfg.c **** #include "CyLib.h"
  24:Generated_Source\PSoC4/cyfitter_cfg.c **** #include "CyLFClk.h"
  25:Generated_Source\PSoC4/cyfitter_cfg.c **** #include "cyfitter_cfg.h"
  26:Generated_Source\PSoC4/cyfitter_cfg.c **** #include "cyapicallbacks.h"
  27:Generated_Source\PSoC4/cyfitter_cfg.c **** 
  28:Generated_Source\PSoC4/cyfitter_cfg.c **** 
  29:Generated_Source\PSoC4/cyfitter_cfg.c **** #if defined(__GNUC__) || defined(__ARMCC_VERSION)
  30:Generated_Source\PSoC4/cyfitter_cfg.c ****     #define CYPACKED 
  31:Generated_Source\PSoC4/cyfitter_cfg.c ****     #define CYPACKED_ATTR __attribute__ ((packed))
ARM GAS  C:\Users\labview\AppData\Local\Temp\ccyVxZLy.s 			page 2


  32:Generated_Source\PSoC4/cyfitter_cfg.c ****     #define CYALIGNED __attribute__ ((aligned))
  33:Generated_Source\PSoC4/cyfitter_cfg.c ****     #define CY_CFG_UNUSED __attribute__ ((unused))
  34:Generated_Source\PSoC4/cyfitter_cfg.c ****     #ifndef CY_CFG_SECTION
  35:Generated_Source\PSoC4/cyfitter_cfg.c ****         #define CY_CFG_SECTION __attribute__ ((section(".psocinit")))
  36:Generated_Source\PSoC4/cyfitter_cfg.c ****     #endif
  37:Generated_Source\PSoC4/cyfitter_cfg.c ****     
  38:Generated_Source\PSoC4/cyfitter_cfg.c ****     #if defined(__ARMCC_VERSION)
  39:Generated_Source\PSoC4/cyfitter_cfg.c ****         #define CY_CFG_MEMORY_BARRIER() __memory_changed()
  40:Generated_Source\PSoC4/cyfitter_cfg.c ****     #else
  41:Generated_Source\PSoC4/cyfitter_cfg.c ****         #define CY_CFG_MEMORY_BARRIER() __sync_synchronize()
  42:Generated_Source\PSoC4/cyfitter_cfg.c ****     #endif
  43:Generated_Source\PSoC4/cyfitter_cfg.c ****     
  44:Generated_Source\PSoC4/cyfitter_cfg.c **** #elif defined(__ICCARM__)
  45:Generated_Source\PSoC4/cyfitter_cfg.c ****     #include <intrinsics.h>
  46:Generated_Source\PSoC4/cyfitter_cfg.c **** 
  47:Generated_Source\PSoC4/cyfitter_cfg.c ****     #define CYPACKED __packed
  48:Generated_Source\PSoC4/cyfitter_cfg.c ****     #define CYPACKED_ATTR 
  49:Generated_Source\PSoC4/cyfitter_cfg.c ****     #define CYALIGNED _Pragma("data_alignment=4")
  50:Generated_Source\PSoC4/cyfitter_cfg.c ****     #define CY_CFG_UNUSED _Pragma("diag_suppress=Pe177")
  51:Generated_Source\PSoC4/cyfitter_cfg.c ****     #define CY_CFG_SECTION _Pragma("location=\".psocinit\"")
  52:Generated_Source\PSoC4/cyfitter_cfg.c ****     
  53:Generated_Source\PSoC4/cyfitter_cfg.c ****     #define CY_CFG_MEMORY_BARRIER() __DMB()
  54:Generated_Source\PSoC4/cyfitter_cfg.c ****     
  55:Generated_Source\PSoC4/cyfitter_cfg.c **** #else
  56:Generated_Source\PSoC4/cyfitter_cfg.c ****     #error Unsupported toolchain
  57:Generated_Source\PSoC4/cyfitter_cfg.c **** #endif
  58:Generated_Source\PSoC4/cyfitter_cfg.c **** 
  59:Generated_Source\PSoC4/cyfitter_cfg.c **** #ifndef CYCODE
  60:Generated_Source\PSoC4/cyfitter_cfg.c ****     #define CYCODE
  61:Generated_Source\PSoC4/cyfitter_cfg.c **** #endif
  62:Generated_Source\PSoC4/cyfitter_cfg.c **** #ifndef CYDATA
  63:Generated_Source\PSoC4/cyfitter_cfg.c ****     #define CYDATA
  64:Generated_Source\PSoC4/cyfitter_cfg.c **** #endif
  65:Generated_Source\PSoC4/cyfitter_cfg.c **** #ifndef CYFAR
  66:Generated_Source\PSoC4/cyfitter_cfg.c ****     #define CYFAR
  67:Generated_Source\PSoC4/cyfitter_cfg.c **** #endif
  68:Generated_Source\PSoC4/cyfitter_cfg.c **** #ifndef CYXDATA
  69:Generated_Source\PSoC4/cyfitter_cfg.c ****     #define CYXDATA
  70:Generated_Source\PSoC4/cyfitter_cfg.c **** #endif
  71:Generated_Source\PSoC4/cyfitter_cfg.c **** 
  72:Generated_Source\PSoC4/cyfitter_cfg.c **** 
  73:Generated_Source\PSoC4/cyfitter_cfg.c **** CY_CFG_UNUSED
  74:Generated_Source\PSoC4/cyfitter_cfg.c **** static void CYMEMZERO(void *s, size_t n);
  75:Generated_Source\PSoC4/cyfitter_cfg.c **** CY_CFG_UNUSED
  76:Generated_Source\PSoC4/cyfitter_cfg.c **** static void CYMEMZERO(void *s, size_t n)
  77:Generated_Source\PSoC4/cyfitter_cfg.c **** {
  78:Generated_Source\PSoC4/cyfitter_cfg.c **** 	(void)memset(s, 0, n);
  79:Generated_Source\PSoC4/cyfitter_cfg.c **** }
  80:Generated_Source\PSoC4/cyfitter_cfg.c **** CY_CFG_UNUSED
  81:Generated_Source\PSoC4/cyfitter_cfg.c **** static void CYCONFIGCPY(void *dest, const void *src, size_t n);
  82:Generated_Source\PSoC4/cyfitter_cfg.c **** CY_CFG_UNUSED
  83:Generated_Source\PSoC4/cyfitter_cfg.c **** static void CYCONFIGCPY(void *dest, const void *src, size_t n)
  84:Generated_Source\PSoC4/cyfitter_cfg.c **** {
  85:Generated_Source\PSoC4/cyfitter_cfg.c **** 	(void)memcpy(dest, src, n);
  86:Generated_Source\PSoC4/cyfitter_cfg.c **** }
  87:Generated_Source\PSoC4/cyfitter_cfg.c **** CY_CFG_UNUSED
  88:Generated_Source\PSoC4/cyfitter_cfg.c **** static void CYCONFIGCPYCODE(void *dest, const void *src, size_t n);
ARM GAS  C:\Users\labview\AppData\Local\Temp\ccyVxZLy.s 			page 3


  89:Generated_Source\PSoC4/cyfitter_cfg.c **** CY_CFG_UNUSED
  90:Generated_Source\PSoC4/cyfitter_cfg.c **** static void CYCONFIGCPYCODE(void *dest, const void *src, size_t n)
  91:Generated_Source\PSoC4/cyfitter_cfg.c **** {
  92:Generated_Source\PSoC4/cyfitter_cfg.c **** 	(void)memcpy(dest, src, n);
  93:Generated_Source\PSoC4/cyfitter_cfg.c **** }
  94:Generated_Source\PSoC4/cyfitter_cfg.c **** 
  95:Generated_Source\PSoC4/cyfitter_cfg.c **** 
  96:Generated_Source\PSoC4/cyfitter_cfg.c **** 
  97:Generated_Source\PSoC4/cyfitter_cfg.c **** 
  98:Generated_Source\PSoC4/cyfitter_cfg.c **** /* Clock startup error codes                                                   */
  99:Generated_Source\PSoC4/cyfitter_cfg.c **** #define CYCLOCKSTART_NO_ERROR    0u
 100:Generated_Source\PSoC4/cyfitter_cfg.c **** #define CYCLOCKSTART_XTAL_ERROR  1u
 101:Generated_Source\PSoC4/cyfitter_cfg.c **** #define CYCLOCKSTART_32KHZ_ERROR 2u
 102:Generated_Source\PSoC4/cyfitter_cfg.c **** #define CYCLOCKSTART_PLL_ERROR   3u
 103:Generated_Source\PSoC4/cyfitter_cfg.c **** #define CYCLOCKSTART_FLL_ERROR   4u
 104:Generated_Source\PSoC4/cyfitter_cfg.c **** #define CYCLOCKSTART_WCO_ERROR   5u
 105:Generated_Source\PSoC4/cyfitter_cfg.c **** 
 106:Generated_Source\PSoC4/cyfitter_cfg.c **** 
 107:Generated_Source\PSoC4/cyfitter_cfg.c **** #ifdef CY_NEED_CYCLOCKSTARTUPERROR
 108:Generated_Source\PSoC4/cyfitter_cfg.c **** /*******************************************************************************
 109:Generated_Source\PSoC4/cyfitter_cfg.c **** * Function Name: CyClockStartupError
 110:Generated_Source\PSoC4/cyfitter_cfg.c **** ********************************************************************************
 111:Generated_Source\PSoC4/cyfitter_cfg.c **** * Summary:
 112:Generated_Source\PSoC4/cyfitter_cfg.c **** *  If an error is encountered during clock configuration (crystal startup error,
 113:Generated_Source\PSoC4/cyfitter_cfg.c **** *  PLL lock error, etc.), the system will end up here.  Unless reimplemented by
 114:Generated_Source\PSoC4/cyfitter_cfg.c **** *  the customer, this function will stop in an infinite loop.
 115:Generated_Source\PSoC4/cyfitter_cfg.c **** *
 116:Generated_Source\PSoC4/cyfitter_cfg.c **** * Parameters:
 117:Generated_Source\PSoC4/cyfitter_cfg.c **** *   void
 118:Generated_Source\PSoC4/cyfitter_cfg.c **** *
 119:Generated_Source\PSoC4/cyfitter_cfg.c **** * Return:
 120:Generated_Source\PSoC4/cyfitter_cfg.c **** *   void
 121:Generated_Source\PSoC4/cyfitter_cfg.c **** *
 122:Generated_Source\PSoC4/cyfitter_cfg.c **** *******************************************************************************/
 123:Generated_Source\PSoC4/cyfitter_cfg.c **** CY_CFG_UNUSED
 124:Generated_Source\PSoC4/cyfitter_cfg.c **** static void CyClockStartupError(uint8 errorCode);
 125:Generated_Source\PSoC4/cyfitter_cfg.c **** CY_CFG_UNUSED
 126:Generated_Source\PSoC4/cyfitter_cfg.c **** static void CyClockStartupError(uint8 errorCode)
 127:Generated_Source\PSoC4/cyfitter_cfg.c **** {
 128:Generated_Source\PSoC4/cyfitter_cfg.c ****     /* To remove the compiler warning if errorCode not used.                */
 129:Generated_Source\PSoC4/cyfitter_cfg.c ****     errorCode = errorCode;
 130:Generated_Source\PSoC4/cyfitter_cfg.c **** 
 131:Generated_Source\PSoC4/cyfitter_cfg.c ****     /* If we have a clock startup error (bad MHz crystal, PLL lock, etc.),  */
 132:Generated_Source\PSoC4/cyfitter_cfg.c ****     /* we will end up here to allow the customer to implement something to  */
 133:Generated_Source\PSoC4/cyfitter_cfg.c ****     /* deal with the clock condition.                                       */
 134:Generated_Source\PSoC4/cyfitter_cfg.c **** 
 135:Generated_Source\PSoC4/cyfitter_cfg.c **** #ifdef CY_CFG_CLOCK_STARTUP_ERROR_CALLBACK
 136:Generated_Source\PSoC4/cyfitter_cfg.c ****     CY_CFG_Clock_Startup_ErrorCallback();
 137:Generated_Source\PSoC4/cyfitter_cfg.c **** #else
 138:Generated_Source\PSoC4/cyfitter_cfg.c ****     /*  If not using CY_CFG_CLOCK_STARTUP_ERROR_CALLBACK, place your clock startup code here. */
 139:Generated_Source\PSoC4/cyfitter_cfg.c ****     /* `#START CyClockStartupError` */
 140:Generated_Source\PSoC4/cyfitter_cfg.c **** 
 141:Generated_Source\PSoC4/cyfitter_cfg.c **** 
 142:Generated_Source\PSoC4/cyfitter_cfg.c **** 
 143:Generated_Source\PSoC4/cyfitter_cfg.c ****     /* `#END` */
 144:Generated_Source\PSoC4/cyfitter_cfg.c **** 
 145:Generated_Source\PSoC4/cyfitter_cfg.c ****     while(1) {}
ARM GAS  C:\Users\labview\AppData\Local\Temp\ccyVxZLy.s 			page 4


 146:Generated_Source\PSoC4/cyfitter_cfg.c **** #endif /* CY_CFG_CLOCK_STARTUP_ERROR_CALLBACK */
 147:Generated_Source\PSoC4/cyfitter_cfg.c **** }
 148:Generated_Source\PSoC4/cyfitter_cfg.c **** #endif
 149:Generated_Source\PSoC4/cyfitter_cfg.c **** 
 150:Generated_Source\PSoC4/cyfitter_cfg.c **** #define CY_CFG_BASE_ADDR_COUNT 4u
 151:Generated_Source\PSoC4/cyfitter_cfg.c **** CYPACKED typedef struct
 152:Generated_Source\PSoC4/cyfitter_cfg.c **** {
 153:Generated_Source\PSoC4/cyfitter_cfg.c **** 	uint8 offset;
 154:Generated_Source\PSoC4/cyfitter_cfg.c **** 	uint8 value;
 155:Generated_Source\PSoC4/cyfitter_cfg.c **** } CYPACKED_ATTR cy_cfg_addrvalue_t;
 156:Generated_Source\PSoC4/cyfitter_cfg.c **** 
 157:Generated_Source\PSoC4/cyfitter_cfg.c **** 
 158:Generated_Source\PSoC4/cyfitter_cfg.c **** 
 159:Generated_Source\PSoC4/cyfitter_cfg.c **** /*******************************************************************************
 160:Generated_Source\PSoC4/cyfitter_cfg.c **** * Function Name: cfg_write_bytes32
 161:Generated_Source\PSoC4/cyfitter_cfg.c **** ********************************************************************************
 162:Generated_Source\PSoC4/cyfitter_cfg.c **** * Summary:
 163:Generated_Source\PSoC4/cyfitter_cfg.c **** *  This function is used for setting up the chip configuration areas that
 164:Generated_Source\PSoC4/cyfitter_cfg.c **** *  contain relatively sparse data.
 165:Generated_Source\PSoC4/cyfitter_cfg.c **** *
 166:Generated_Source\PSoC4/cyfitter_cfg.c **** * Parameters:
 167:Generated_Source\PSoC4/cyfitter_cfg.c **** *   void
 168:Generated_Source\PSoC4/cyfitter_cfg.c **** *
 169:Generated_Source\PSoC4/cyfitter_cfg.c **** * Return:
 170:Generated_Source\PSoC4/cyfitter_cfg.c **** *   void
 171:Generated_Source\PSoC4/cyfitter_cfg.c **** *
 172:Generated_Source\PSoC4/cyfitter_cfg.c **** *******************************************************************************/
 173:Generated_Source\PSoC4/cyfitter_cfg.c **** static void cfg_write_bytes32(const uint32 addr_table[], const cy_cfg_addrvalue_t data_table[]);
 174:Generated_Source\PSoC4/cyfitter_cfg.c **** static void cfg_write_bytes32(const uint32 addr_table[], const cy_cfg_addrvalue_t data_table[])
 175:Generated_Source\PSoC4/cyfitter_cfg.c **** {
  27              		.loc 1 175 0
  28              		.cfi_startproc
  29              		@ args = 0, pretend = 0, frame = 0
  30              		@ frame_needed = 0, uses_anonymous_args = 0
  31              	.LVL0:
  32 0000 F0B5     		push	{r4, r5, r6, r7, lr}
  33              		.cfi_def_cfa_offset 20
  34              		.cfi_offset 4, -20
  35              		.cfi_offset 5, -16
  36              		.cfi_offset 6, -12
  37              		.cfi_offset 7, -8
  38              		.cfi_offset 14, -4
  39              	.LVL1:
 176:Generated_Source\PSoC4/cyfitter_cfg.c **** 	/* For 32-bit little-endian architectures */
 177:Generated_Source\PSoC4/cyfitter_cfg.c **** 	uint32 i, j = 0u;
  40              		.loc 1 177 0
  41 0002 0025     		movs	r5, #0
 178:Generated_Source\PSoC4/cyfitter_cfg.c **** 	for (i = 0u; i < CY_CFG_BASE_ADDR_COUNT; i++)
  42              		.loc 1 178 0
  43 0004 0027     		movs	r7, #0
  44 0006 11E0     		b	.L2
  45              	.LVL2:
  46              	.L5:
  47              	.LBB2:
 179:Generated_Source\PSoC4/cyfitter_cfg.c **** 	{
 180:Generated_Source\PSoC4/cyfitter_cfg.c **** 		uint32 baseAddr = addr_table[i];
  48              		.loc 1 180 0
ARM GAS  C:\Users\labview\AppData\Local\Temp\ccyVxZLy.s 			page 5


  49 0008 BB00     		lsls	r3, r7, #2
  50 000a C658     		ldr	r6, [r0, r3]
  51              	.LVL3:
 181:Generated_Source\PSoC4/cyfitter_cfg.c **** 		uint8 count = (uint8)baseAddr;
  52              		.loc 1 181 0
  53 000c F3B2     		uxtb	r3, r6
  54              	.LVL4:
 182:Generated_Source\PSoC4/cyfitter_cfg.c **** 		baseAddr &= 0xFFFFFF00u;
  55              		.loc 1 182 0
  56 000e FF22     		movs	r2, #255
  57 0010 9643     		bics	r6, r2
  58              	.LVL5:
 183:Generated_Source\PSoC4/cyfitter_cfg.c **** 		while (count != 0u)
  59              		.loc 1 183 0
  60 0012 08E0     		b	.L3
  61              	.L4:
 184:Generated_Source\PSoC4/cyfitter_cfg.c **** 		{
 185:Generated_Source\PSoC4/cyfitter_cfg.c **** 			CY_SET_REG8((void *)(baseAddr + data_table[j].offset), data_table[j].value);
  62              		.loc 1 185 0
  63 0014 6A00     		lsls	r2, r5, #1
  64 0016 8A18     		adds	r2, r1, r2
  65 0018 1478     		ldrb	r4, [r2]
  66 001a A419     		adds	r4, r4, r6
  67 001c 5278     		ldrb	r2, [r2, #1]
  68 001e 2270     		strb	r2, [r4]
 186:Generated_Source\PSoC4/cyfitter_cfg.c **** 			j++;
  69              		.loc 1 186 0
  70 0020 0135     		adds	r5, r5, #1
  71              	.LVL6:
 187:Generated_Source\PSoC4/cyfitter_cfg.c **** 			count--;
  72              		.loc 1 187 0
  73 0022 013B     		subs	r3, r3, #1
  74              	.LVL7:
  75 0024 DBB2     		uxtb	r3, r3
  76              	.LVL8:
  77              	.L3:
 183:Generated_Source\PSoC4/cyfitter_cfg.c **** 		{
  78              		.loc 1 183 0
  79 0026 002B     		cmp	r3, #0
  80 0028 F4D1     		bne	.L4
  81              	.LBE2:
 178:Generated_Source\PSoC4/cyfitter_cfg.c **** 	{
  82              		.loc 1 178 0 discriminator 2
  83 002a 0137     		adds	r7, r7, #1
  84              	.LVL9:
  85              	.L2:
 178:Generated_Source\PSoC4/cyfitter_cfg.c **** 	{
  86              		.loc 1 178 0 is_stmt 0 discriminator 1
  87 002c 032F     		cmp	r7, #3
  88 002e EBD9     		bls	.L5
 188:Generated_Source\PSoC4/cyfitter_cfg.c **** 		}
 189:Generated_Source\PSoC4/cyfitter_cfg.c **** 	}
 190:Generated_Source\PSoC4/cyfitter_cfg.c **** }
  89              		.loc 1 190 0 is_stmt 1
  90              		@ sp needed
  91              	.LVL10:
  92              	.LVL11:
ARM GAS  C:\Users\labview\AppData\Local\Temp\ccyVxZLy.s 			page 6


  93 0030 F0BD     		pop	{r4, r5, r6, r7, pc}
  94              		.cfi_endproc
  95              	.LFE4:
  96              		.size	cfg_write_bytes32, .-cfg_write_bytes32
  97 0032 C046     		.section	.text.AnalogSetDefault,"ax",%progbits
  98              		.align	2
  99              		.code	16
 100              		.thumb_func
 101              		.type	AnalogSetDefault, %function
 102              	AnalogSetDefault:
 103              	.LFB6:
 191:Generated_Source\PSoC4/cyfitter_cfg.c **** 
 192:Generated_Source\PSoC4/cyfitter_cfg.c **** 
 193:Generated_Source\PSoC4/cyfitter_cfg.c **** /*******************************************************************************
 194:Generated_Source\PSoC4/cyfitter_cfg.c **** * Function Name: ClockSetup
 195:Generated_Source\PSoC4/cyfitter_cfg.c **** ********************************************************************************
 196:Generated_Source\PSoC4/cyfitter_cfg.c **** *
 197:Generated_Source\PSoC4/cyfitter_cfg.c **** * Summary:
 198:Generated_Source\PSoC4/cyfitter_cfg.c **** *   Performs the initialization of all of the clocks in the device based on the
 199:Generated_Source\PSoC4/cyfitter_cfg.c **** *   settings in the Clock tab of the DWR.  This includes enabling the requested
 200:Generated_Source\PSoC4/cyfitter_cfg.c **** *   clocks and setting the necessary dividers to produce the desired frequency. 
 201:Generated_Source\PSoC4/cyfitter_cfg.c **** *
 202:Generated_Source\PSoC4/cyfitter_cfg.c **** * Parameters:
 203:Generated_Source\PSoC4/cyfitter_cfg.c **** *   void
 204:Generated_Source\PSoC4/cyfitter_cfg.c **** *
 205:Generated_Source\PSoC4/cyfitter_cfg.c **** * Return:
 206:Generated_Source\PSoC4/cyfitter_cfg.c **** *   void
 207:Generated_Source\PSoC4/cyfitter_cfg.c **** *
 208:Generated_Source\PSoC4/cyfitter_cfg.c **** *******************************************************************************/
 209:Generated_Source\PSoC4/cyfitter_cfg.c **** static void ClockSetup(void);
 210:Generated_Source\PSoC4/cyfitter_cfg.c **** CY_CFG_SECTION
 211:Generated_Source\PSoC4/cyfitter_cfg.c **** static void ClockSetup(void)
 212:Generated_Source\PSoC4/cyfitter_cfg.c **** {
 213:Generated_Source\PSoC4/cyfitter_cfg.c **** 
 214:Generated_Source\PSoC4/cyfitter_cfg.c **** 	/* Set Flash Cycles based on max possible frequency in case a glitch occurs during ClockSetup(). *
 215:Generated_Source\PSoC4/cyfitter_cfg.c **** 	CY_SET_REG32((void CYXDATA *)(CYREG_CPUSS_FLASH_CTL), (0x0012u));
 216:Generated_Source\PSoC4/cyfitter_cfg.c **** 	/* Setup and trim IMO based on desired frequency. */
 217:Generated_Source\PSoC4/cyfitter_cfg.c **** 	CySysClkWriteImoFreq(48u);
 218:Generated_Source\PSoC4/cyfitter_cfg.c **** 	/* CYDEV_CLK_ILO_CONFIG Starting address: CYDEV_CLK_ILO_CONFIG */
 219:Generated_Source\PSoC4/cyfitter_cfg.c **** 	CY_SET_REG32((void *)(CYREG_CLK_ILO_CONFIG), 0x80000006u);
 220:Generated_Source\PSoC4/cyfitter_cfg.c **** 
 221:Generated_Source\PSoC4/cyfitter_cfg.c **** 
 222:Generated_Source\PSoC4/cyfitter_cfg.c **** 	/* Setup phase aligned clocks */
 223:Generated_Source\PSoC4/cyfitter_cfg.c **** 	CY_SET_REG32((void *)CYREG_PERI_DIV_16_CTL0, 0x00000300u);
 224:Generated_Source\PSoC4/cyfitter_cfg.c **** 	CY_SET_REG32((void *)CYREG_PERI_DIV_CMD, 0x8000FF40u);
 225:Generated_Source\PSoC4/cyfitter_cfg.c **** 
 226:Generated_Source\PSoC4/cyfitter_cfg.c **** 	/* CYDEV_CLK_IMO_CONFIG Starting address: CYDEV_CLK_IMO_CONFIG */
 227:Generated_Source\PSoC4/cyfitter_cfg.c **** 	CY_SET_REG32((void *)(CYREG_CLK_IMO_CONFIG), 0x80000000u);
 228:Generated_Source\PSoC4/cyfitter_cfg.c **** 
 229:Generated_Source\PSoC4/cyfitter_cfg.c **** 	/* CYDEV_CLK_SELECT Starting address: CYDEV_CLK_SELECT */
 230:Generated_Source\PSoC4/cyfitter_cfg.c **** 	CY_SET_REG32((void *)(CYREG_CLK_SELECT), 0x00040000u);
 231:Generated_Source\PSoC4/cyfitter_cfg.c **** 
 232:Generated_Source\PSoC4/cyfitter_cfg.c **** 	/* CYDEV_PERI_PCLK_CTL11 Starting address: CYDEV_PERI_PCLK_CTL11 */
 233:Generated_Source\PSoC4/cyfitter_cfg.c **** 	CY_SET_REG32((void *)(CYREG_PERI_PCLK_CTL11), 0x00000040u);
 234:Generated_Source\PSoC4/cyfitter_cfg.c **** 
 235:Generated_Source\PSoC4/cyfitter_cfg.c **** 	(void)CyIntSetVector(7u, &CySysWdtIsr);
 236:Generated_Source\PSoC4/cyfitter_cfg.c **** 	CyIntEnable(7u);
ARM GAS  C:\Users\labview\AppData\Local\Temp\ccyVxZLy.s 			page 7


 237:Generated_Source\PSoC4/cyfitter_cfg.c **** 	CY_SET_REG32((void *)(CYREG_WDT_CONFIG), 0x00000000u);
 238:Generated_Source\PSoC4/cyfitter_cfg.c **** }
 239:Generated_Source\PSoC4/cyfitter_cfg.c **** 
 240:Generated_Source\PSoC4/cyfitter_cfg.c **** 
 241:Generated_Source\PSoC4/cyfitter_cfg.c **** /* Analog API Functions */
 242:Generated_Source\PSoC4/cyfitter_cfg.c **** 
 243:Generated_Source\PSoC4/cyfitter_cfg.c **** 
 244:Generated_Source\PSoC4/cyfitter_cfg.c **** /*******************************************************************************
 245:Generated_Source\PSoC4/cyfitter_cfg.c **** * Function Name: AnalogSetDefault
 246:Generated_Source\PSoC4/cyfitter_cfg.c **** ********************************************************************************
 247:Generated_Source\PSoC4/cyfitter_cfg.c **** *
 248:Generated_Source\PSoC4/cyfitter_cfg.c **** * Summary:
 249:Generated_Source\PSoC4/cyfitter_cfg.c **** *  Sets up the analog portions of the chip to default values based on chip
 250:Generated_Source\PSoC4/cyfitter_cfg.c **** *  configuration options from the project.
 251:Generated_Source\PSoC4/cyfitter_cfg.c **** *
 252:Generated_Source\PSoC4/cyfitter_cfg.c **** * Parameters:
 253:Generated_Source\PSoC4/cyfitter_cfg.c **** *  void
 254:Generated_Source\PSoC4/cyfitter_cfg.c **** *
 255:Generated_Source\PSoC4/cyfitter_cfg.c **** * Return:
 256:Generated_Source\PSoC4/cyfitter_cfg.c **** *  void
 257:Generated_Source\PSoC4/cyfitter_cfg.c **** *
 258:Generated_Source\PSoC4/cyfitter_cfg.c **** *******************************************************************************/
 259:Generated_Source\PSoC4/cyfitter_cfg.c **** static void AnalogSetDefault(void);
 260:Generated_Source\PSoC4/cyfitter_cfg.c **** static void AnalogSetDefault(void)
 261:Generated_Source\PSoC4/cyfitter_cfg.c **** {
 104              		.loc 1 261 0
 105              		.cfi_startproc
 106              		@ args = 0, pretend = 0, frame = 0
 107              		@ frame_needed = 0, uses_anonymous_args = 0
 108              		@ link register save eliminated.
 262:Generated_Source\PSoC4/cyfitter_cfg.c **** 	CY_SET_XTND_REG32((void CYFAR *)CYREG_CTBM0_DFT_CTRL, 0x00000003u);
 109              		.loc 1 262 0
 110 0000 0323     		movs	r3, #3
 111 0002 044A     		ldr	r2, .L7
 112 0004 1360     		str	r3, [r2]
 263:Generated_Source\PSoC4/cyfitter_cfg.c **** 	CY_SET_XTND_REG32((void CYFAR *)CYREG_CTBM1_DFT_CTRL, 0x00000003u);
 113              		.loc 1 263 0
 114 0006 044A     		ldr	r2, .L7+4
 115 0008 1360     		str	r3, [r2]
 264:Generated_Source\PSoC4/cyfitter_cfg.c **** 	CY_SET_XTND_REG32((void CYFAR *)CYREG_PASS_DSAB_DSAB_CTRL, 0x00000000u);
 116              		.loc 1 264 0
 117 000a 0022     		movs	r2, #0
 118 000c 034B     		ldr	r3, .L7+8
 119 000e 1A60     		str	r2, [r3]
 265:Generated_Source\PSoC4/cyfitter_cfg.c **** }
 120              		.loc 1 265 0
 121              		@ sp needed
 122 0010 7047     		bx	lr
 123              	.L8:
 124 0012 C046     		.align	2
 125              	.L7:
 126 0014 30003040 		.word	1076887600
 127 0018 30003140 		.word	1076953136
 128 001c 000E3F40 		.word	1077874176
 129              		.cfi_endproc
 130              	.LFE6:
 131              		.size	AnalogSetDefault, .-AnalogSetDefault
ARM GAS  C:\Users\labview\AppData\Local\Temp\ccyVxZLy.s 			page 8


 132              		.section	.text.CYMEMZERO,"ax",%progbits
 133              		.align	2
 134              		.code	16
 135              		.thumb_func
 136              		.type	CYMEMZERO, %function
 137              	CYMEMZERO:
 138              	.LFB1:
  77:Generated_Source\PSoC4/cyfitter_cfg.c **** 	(void)memset(s, 0, n);
 139              		.loc 1 77 0
 140              		.cfi_startproc
 141              		@ args = 0, pretend = 0, frame = 0
 142              		@ frame_needed = 0, uses_anonymous_args = 0
 143              	.LVL12:
 144 0000 10B5     		push	{r4, lr}
 145              		.cfi_def_cfa_offset 8
 146              		.cfi_offset 4, -8
 147              		.cfi_offset 14, -4
 148 0002 0A00     		movs	r2, r1
  78:Generated_Source\PSoC4/cyfitter_cfg.c **** }
 149              		.loc 1 78 0
 150 0004 0021     		movs	r1, #0
 151              	.LVL13:
 152 0006 FFF7FEFF 		bl	memset
 153              	.LVL14:
  79:Generated_Source\PSoC4/cyfitter_cfg.c **** CY_CFG_UNUSED
 154              		.loc 1 79 0
 155              		@ sp needed
 156 000a 10BD     		pop	{r4, pc}
 157              		.cfi_endproc
 158              	.LFE1:
 159              		.size	CYMEMZERO, .-CYMEMZERO
 160              		.section	.psocinit,"ax",%progbits
 161              		.align	2
 162              		.code	16
 163              		.thumb_func
 164              		.type	ClockSetup, %function
 165              	ClockSetup:
 166              	.LFB5:
 212:Generated_Source\PSoC4/cyfitter_cfg.c **** 
 167              		.loc 1 212 0
 168              		.cfi_startproc
 169              		@ args = 0, pretend = 0, frame = 0
 170              		@ frame_needed = 0, uses_anonymous_args = 0
 171 0000 10B5     		push	{r4, lr}
 172              		.cfi_def_cfa_offset 8
 173              		.cfi_offset 4, -8
 174              		.cfi_offset 14, -4
 215:Generated_Source\PSoC4/cyfitter_cfg.c **** 	/* Setup and trim IMO based on desired frequency. */
 175              		.loc 1 215 0
 176 0002 1222     		movs	r2, #18
 177 0004 124B     		ldr	r3, .L11
 178 0006 1A60     		str	r2, [r3]
 217:Generated_Source\PSoC4/cyfitter_cfg.c **** 	/* CYDEV_CLK_ILO_CONFIG Starting address: CYDEV_CLK_ILO_CONFIG */
 179              		.loc 1 217 0
 180 0008 3020     		movs	r0, #48
 181 000a FFF7FEFF 		bl	CySysClkWriteImoFreq
 182              	.LVL15:
ARM GAS  C:\Users\labview\AppData\Local\Temp\ccyVxZLy.s 			page 9


 219:Generated_Source\PSoC4/cyfitter_cfg.c **** 
 183              		.loc 1 219 0
 184 000e 114A     		ldr	r2, .L11+4
 185 0010 114B     		ldr	r3, .L11+8
 186 0012 1A60     		str	r2, [r3]
 223:Generated_Source\PSoC4/cyfitter_cfg.c **** 	CY_SET_REG32((void *)CYREG_PERI_DIV_CMD, 0x8000FF40u);
 187              		.loc 1 223 0
 188 0014 C022     		movs	r2, #192
 189 0016 9200     		lsls	r2, r2, #2
 190 0018 104B     		ldr	r3, .L11+12
 191 001a 1A60     		str	r2, [r3]
 224:Generated_Source\PSoC4/cyfitter_cfg.c **** 
 192              		.loc 1 224 0
 193 001c 104A     		ldr	r2, .L11+16
 194 001e 114B     		ldr	r3, .L11+20
 195 0020 1A60     		str	r2, [r3]
 227:Generated_Source\PSoC4/cyfitter_cfg.c **** 
 196              		.loc 1 227 0
 197 0022 8022     		movs	r2, #128
 198 0024 1206     		lsls	r2, r2, #24
 199 0026 104B     		ldr	r3, .L11+24
 200 0028 1A60     		str	r2, [r3]
 230:Generated_Source\PSoC4/cyfitter_cfg.c **** 
 201              		.loc 1 230 0
 202 002a 8022     		movs	r2, #128
 203 002c D202     		lsls	r2, r2, #11
 204 002e 0F4B     		ldr	r3, .L11+28
 205 0030 1A60     		str	r2, [r3]
 233:Generated_Source\PSoC4/cyfitter_cfg.c **** 
 206              		.loc 1 233 0
 207 0032 4022     		movs	r2, #64
 208 0034 0E4B     		ldr	r3, .L11+32
 209 0036 1A60     		str	r2, [r3]
 235:Generated_Source\PSoC4/cyfitter_cfg.c **** 	CyIntEnable(7u);
 210              		.loc 1 235 0
 211 0038 0E49     		ldr	r1, .L11+36
 212 003a 0720     		movs	r0, #7
 213 003c FFF7FEFF 		bl	CyIntSetVector
 214              	.LVL16:
 236:Generated_Source\PSoC4/cyfitter_cfg.c **** 	CY_SET_REG32((void *)(CYREG_WDT_CONFIG), 0x00000000u);
 215              		.loc 1 236 0
 216 0040 0720     		movs	r0, #7
 217 0042 FFF7FEFF 		bl	CyIntEnable
 218              	.LVL17:
 237:Generated_Source\PSoC4/cyfitter_cfg.c **** }
 219              		.loc 1 237 0
 220 0046 0022     		movs	r2, #0
 221 0048 0B4B     		ldr	r3, .L11+40
 222 004a 1A60     		str	r2, [r3]
 238:Generated_Source\PSoC4/cyfitter_cfg.c **** 
 223              		.loc 1 238 0
 224              		@ sp needed
 225 004c 10BD     		pop	{r4, pc}
 226              	.L12:
 227 004e C046     		.align	2
 228              	.L11:
 229 0050 30001040 		.word	1074790448
ARM GAS  C:\Users\labview\AppData\Local\Temp\ccyVxZLy.s 			page 10


 230 0054 06000080 		.word	-2147483642
 231 0058 04010B40 		.word	1074462980
 232 005c 00030140 		.word	1073808128
 233 0060 40FF0080 		.word	-2147418304
 234 0064 00000140 		.word	1073807360
 235 0068 08010B40 		.word	1074462984
 236 006c 00010B40 		.word	1074462976
 237 0070 2C010140 		.word	1073807660
 238 0074 00000000 		.word	CySysWdtIsr
 239 0078 0C020B40 		.word	1074463244
 240              		.cfi_endproc
 241              	.LFE5:
 242              		.size	ClockSetup, .-ClockSetup
 243              		.align	2
 244              		.global	cyfitter_cfg
 245              		.code	16
 246              		.thumb_func
 247              		.type	cyfitter_cfg, %function
 248              	cyfitter_cfg:
 249              	.LFB7:
 266:Generated_Source\PSoC4/cyfitter_cfg.c **** 
 267:Generated_Source\PSoC4/cyfitter_cfg.c **** 
 268:Generated_Source\PSoC4/cyfitter_cfg.c **** 
 269:Generated_Source\PSoC4/cyfitter_cfg.c **** 
 270:Generated_Source\PSoC4/cyfitter_cfg.c **** /*******************************************************************************
 271:Generated_Source\PSoC4/cyfitter_cfg.c **** * Function Name: cyfitter_cfg
 272:Generated_Source\PSoC4/cyfitter_cfg.c **** ********************************************************************************
 273:Generated_Source\PSoC4/cyfitter_cfg.c **** * Summary:
 274:Generated_Source\PSoC4/cyfitter_cfg.c **** *  This function is called by the start-up code for the selected device. It
 275:Generated_Source\PSoC4/cyfitter_cfg.c **** *  performs all of the necessary device configuration based on the design
 276:Generated_Source\PSoC4/cyfitter_cfg.c **** *  settings.  This includes settings from the Design Wide Resources (DWR) such
 277:Generated_Source\PSoC4/cyfitter_cfg.c **** *  as Clocks and Pins as well as any component configuration that is necessary.
 278:Generated_Source\PSoC4/cyfitter_cfg.c **** *
 279:Generated_Source\PSoC4/cyfitter_cfg.c **** * Parameters:
 280:Generated_Source\PSoC4/cyfitter_cfg.c **** *   void
 281:Generated_Source\PSoC4/cyfitter_cfg.c **** *
 282:Generated_Source\PSoC4/cyfitter_cfg.c **** * Return:
 283:Generated_Source\PSoC4/cyfitter_cfg.c **** *   void
 284:Generated_Source\PSoC4/cyfitter_cfg.c **** *
 285:Generated_Source\PSoC4/cyfitter_cfg.c **** *******************************************************************************/
 286:Generated_Source\PSoC4/cyfitter_cfg.c **** CY_CFG_SECTION
 287:Generated_Source\PSoC4/cyfitter_cfg.c **** void cyfitter_cfg(void)
 288:Generated_Source\PSoC4/cyfitter_cfg.c **** {
 250              		.loc 1 288 0
 251              		.cfi_startproc
 252              		@ args = 0, pretend = 0, frame = 0
 253              		@ frame_needed = 0, uses_anonymous_args = 0
 254 007c 10B5     		push	{r4, lr}
 255              		.cfi_def_cfa_offset 8
 256              		.cfi_offset 4, -8
 257              		.cfi_offset 14, -4
 289:Generated_Source\PSoC4/cyfitter_cfg.c **** 	/* Disable interrupts by default. Let user enable if/when they want. */
 290:Generated_Source\PSoC4/cyfitter_cfg.c **** 	CyGlobalIntDisable;
 258              		.loc 1 290 0
 259              		.syntax divided
 260              	@ 290 "Generated_Source\PSoC4\cyfitter_cfg.c" 1
 261 007e 72B6     		CPSID   i
ARM GAS  C:\Users\labview\AppData\Local\Temp\ccyVxZLy.s 			page 11


 262              	@ 0 "" 2
 263              	.LVL18:
 264              		.thumb
 265              		.syntax unified
 266              	.LBB3:
 291:Generated_Source\PSoC4/cyfitter_cfg.c **** 
 292:Generated_Source\PSoC4/cyfitter_cfg.c **** 	{
 293:Generated_Source\PSoC4/cyfitter_cfg.c **** 		static const uint32 CYCODE cy_cfg_addr_table[] = {
 294:Generated_Source\PSoC4/cyfitter_cfg.c **** 			0x400F3301u, /* Base address: 0x400F3300 Count: 1 */
 295:Generated_Source\PSoC4/cyfitter_cfg.c **** 			0x400F4002u, /* Base address: 0x400F4000 Count: 2 */
 296:Generated_Source\PSoC4/cyfitter_cfg.c **** 			0x400F4102u, /* Base address: 0x400F4100 Count: 2 */
 297:Generated_Source\PSoC4/cyfitter_cfg.c **** 			0x400F4304u, /* Base address: 0x400F4300 Count: 4 */
 298:Generated_Source\PSoC4/cyfitter_cfg.c **** 		};
 299:Generated_Source\PSoC4/cyfitter_cfg.c **** 
 300:Generated_Source\PSoC4/cyfitter_cfg.c **** 		static const cy_cfg_addrvalue_t CYCODE cy_cfg_data_table[] = {
 301:Generated_Source\PSoC4/cyfitter_cfg.c **** 			{0xE2u, 0x80u},
 302:Generated_Source\PSoC4/cyfitter_cfg.c **** 			{0x61u, 0x40u},
 303:Generated_Source\PSoC4/cyfitter_cfg.c **** 			{0xD6u, 0x40u},
 304:Generated_Source\PSoC4/cyfitter_cfg.c **** 			{0x89u, 0x40u},
 305:Generated_Source\PSoC4/cyfitter_cfg.c **** 			{0x9Du, 0x40u},
 306:Generated_Source\PSoC4/cyfitter_cfg.c **** 			{0x19u, 0x08u},
 307:Generated_Source\PSoC4/cyfitter_cfg.c **** 			{0x89u, 0x08u},
 308:Generated_Source\PSoC4/cyfitter_cfg.c **** 			{0xC6u, 0x08u},
 309:Generated_Source\PSoC4/cyfitter_cfg.c **** 			{0xE2u, 0x01u},
 310:Generated_Source\PSoC4/cyfitter_cfg.c **** 		};
 311:Generated_Source\PSoC4/cyfitter_cfg.c **** 
 312:Generated_Source\PSoC4/cyfitter_cfg.c **** 
 313:Generated_Source\PSoC4/cyfitter_cfg.c **** 
 314:Generated_Source\PSoC4/cyfitter_cfg.c **** 		CYPACKED typedef struct {
 315:Generated_Source\PSoC4/cyfitter_cfg.c **** 			void CYFAR *address;
 316:Generated_Source\PSoC4/cyfitter_cfg.c **** 			uint16 size;
 317:Generated_Source\PSoC4/cyfitter_cfg.c **** 		} CYPACKED_ATTR cfg_memset_t;
 318:Generated_Source\PSoC4/cyfitter_cfg.c **** 
 319:Generated_Source\PSoC4/cyfitter_cfg.c **** 		static const cfg_memset_t CYCODE cfg_memset_list[] = {
 320:Generated_Source\PSoC4/cyfitter_cfg.c **** 			/* address, size */
 321:Generated_Source\PSoC4/cyfitter_cfg.c **** 			{(void CYFAR *)(CYDEV_UDB_P0_U0_BASE), 1024u},
 322:Generated_Source\PSoC4/cyfitter_cfg.c **** 			{(void CYFAR *)(CYDEV_UDB_DSI0_BASE), 1024u},
 323:Generated_Source\PSoC4/cyfitter_cfg.c **** 		};
 324:Generated_Source\PSoC4/cyfitter_cfg.c **** 
 325:Generated_Source\PSoC4/cyfitter_cfg.c **** 		uint8 CYDATA i;
 326:Generated_Source\PSoC4/cyfitter_cfg.c **** 
 327:Generated_Source\PSoC4/cyfitter_cfg.c **** 		/* Zero out critical memory blocks before beginning configuration */
 328:Generated_Source\PSoC4/cyfitter_cfg.c **** 		for (i = 0u; i < (sizeof(cfg_memset_list)/sizeof(cfg_memset_list[0])); i++)
 267              		.loc 1 328 0
 268 0080 0024     		movs	r4, #0
 269 0082 0FE0     		b	.L14
 270              	.LVL19:
 271              	.L15:
 272              	.LBB4:
 329:Generated_Source\PSoC4/cyfitter_cfg.c **** 		{
 330:Generated_Source\PSoC4/cyfitter_cfg.c **** 			const cfg_memset_t CYCODE * CYDATA ms = &cfg_memset_list[i];
 331:Generated_Source\PSoC4/cyfitter_cfg.c **** 			CYMEMZERO(ms->address, (size_t)(uint32)(ms->size));
 273              		.loc 1 331 0 discriminator 3
 274 0084 1F48     		ldr	r0, .L16
 275 0086 6200     		lsls	r2, r4, #1
 276 0088 1319     		adds	r3, r2, r4
 277 008a 5900     		lsls	r1, r3, #1
ARM GAS  C:\Users\labview\AppData\Local\Temp\ccyVxZLy.s 			page 12


 278 008c 0B00     		movs	r3, r1
 279 008e 4118     		adds	r1, r0, r1
 280 0090 8988     		ldrh	r1, [r1, #4]
 281 0092 1A5A     		ldrh	r2, [r3, r0]
 282 0094 C318     		adds	r3, r0, r3
 283 0096 5888     		ldrh	r0, [r3, #2]
 284 0098 0004     		lsls	r0, r0, #16
 285 009a 1043     		orrs	r0, r2
 286 009c FFF7FEFF 		bl	CYMEMZERO
 287              	.LVL20:
 288              	.LBE4:
 328:Generated_Source\PSoC4/cyfitter_cfg.c **** 		{
 289              		.loc 1 328 0 discriminator 3
 290 00a0 0134     		adds	r4, r4, #1
 291              	.LVL21:
 292 00a2 E4B2     		uxtb	r4, r4
 293              	.LVL22:
 294              	.L14:
 328:Generated_Source\PSoC4/cyfitter_cfg.c **** 		{
 295              		.loc 1 328 0 is_stmt 0 discriminator 1
 296 00a4 012C     		cmp	r4, #1
 297 00a6 EDD9     		bls	.L15
 332:Generated_Source\PSoC4/cyfitter_cfg.c **** 		}
 333:Generated_Source\PSoC4/cyfitter_cfg.c **** 
 334:Generated_Source\PSoC4/cyfitter_cfg.c **** 		cfg_write_bytes32(cy_cfg_addr_table, cy_cfg_data_table);
 298              		.loc 1 334 0 is_stmt 1
 299 00a8 1648     		ldr	r0, .L16
 300 00aa 0100     		movs	r1, r0
 301 00ac 0C31     		adds	r1, r1, #12
 302 00ae 2030     		adds	r0, r0, #32
 303 00b0 FFF7FEFF 		bl	cfg_write_bytes32
 304              	.LVL23:
 335:Generated_Source\PSoC4/cyfitter_cfg.c **** 
 336:Generated_Source\PSoC4/cyfitter_cfg.c **** 		/* HSIOM Starting address: CYDEV_HSIOM_BASE */
 337:Generated_Source\PSoC4/cyfitter_cfg.c **** 		CY_SET_REG32((void *)(CYDEV_HSIOM_BASE), 0x03000000u);
 305              		.loc 1 337 0
 306 00b4 C022     		movs	r2, #192
 307 00b6 9204     		lsls	r2, r2, #18
 308 00b8 134B     		ldr	r3, .L16+4
 309 00ba 1A60     		str	r2, [r3]
 338:Generated_Source\PSoC4/cyfitter_cfg.c **** 		CY_SET_REG32((void *)(CYREG_HSIOM_PORT_SEL3), 0x0000EE00u);
 310              		.loc 1 338 0
 311 00bc EE22     		movs	r2, #238
 312 00be 1202     		lsls	r2, r2, #8
 313 00c0 124B     		ldr	r3, .L16+8
 314 00c2 1A60     		str	r2, [r3]
 339:Generated_Source\PSoC4/cyfitter_cfg.c **** 
 340:Generated_Source\PSoC4/cyfitter_cfg.c **** 		/* UDB_PA_0 Starting address: CYDEV_UDB_PA0_BASE */
 341:Generated_Source\PSoC4/cyfitter_cfg.c **** 		CY_SET_REG32((void *)(CYDEV_UDB_PA0_BASE), 0x00990000u);
 315              		.loc 1 341 0
 316 00c4 9923     		movs	r3, #153
 317 00c6 1B04     		lsls	r3, r3, #16
 318 00c8 114A     		ldr	r2, .L16+12
 319 00ca 1360     		str	r3, [r2]
 342:Generated_Source\PSoC4/cyfitter_cfg.c **** 		CY_SET_REG32((void *)(CYREG_UDB_PA0_CFG8), 0x45000000u);
 320              		.loc 1 342 0
 321 00cc 8A21     		movs	r1, #138
ARM GAS  C:\Users\labview\AppData\Local\Temp\ccyVxZLy.s 			page 13


 322 00ce C905     		lsls	r1, r1, #23
 323 00d0 104A     		ldr	r2, .L16+16
 324 00d2 1160     		str	r1, [r2]
 343:Generated_Source\PSoC4/cyfitter_cfg.c **** 
 344:Generated_Source\PSoC4/cyfitter_cfg.c **** 		/* UDB_PA_3 Starting address: CYDEV_UDB_PA3_BASE */
 345:Generated_Source\PSoC4/cyfitter_cfg.c **** 		CY_SET_REG32((void *)(CYDEV_UDB_PA3_BASE), 0x00990000u);
 325              		.loc 1 345 0
 326 00d4 104A     		ldr	r2, .L16+20
 327 00d6 1360     		str	r3, [r2]
 346:Generated_Source\PSoC4/cyfitter_cfg.c **** 
 347:Generated_Source\PSoC4/cyfitter_cfg.c **** 		/* Enable digital routing */
 348:Generated_Source\PSoC4/cyfitter_cfg.c **** 		CY_SET_XTND_REG8((void *)CYREG_UDB_UDBIF_BANK_CTL, (uint8)(CY_GET_XTND_REG8((void *)CYREG_UDB_UDB
 328              		.loc 1 348 0
 329 00d8 104A     		ldr	r2, .L16+24
 330 00da 1178     		ldrb	r1, [r2]
 331 00dc 0623     		movs	r3, #6
 332 00de 0B43     		orrs	r3, r1
 333 00e0 DBB2     		uxtb	r3, r3
 334 00e2 1370     		strb	r3, [r2]
 335              	.LBE3:
 349:Generated_Source\PSoC4/cyfitter_cfg.c **** 	}
 350:Generated_Source\PSoC4/cyfitter_cfg.c **** 
 351:Generated_Source\PSoC4/cyfitter_cfg.c **** 	/* Perform second pass device configuration. These items must be configured in specific order afte
 352:Generated_Source\PSoC4/cyfitter_cfg.c **** 	/* IOPINS0_0 Starting address: CYDEV_GPIO_PRT0_BASE */
 353:Generated_Source\PSoC4/cyfitter_cfg.c **** 	CY_SET_REG32((void *)(CYDEV_GPIO_PRT0_BASE), 0x00000040u);
 336              		.loc 1 353 0
 337 00e4 4022     		movs	r2, #64
 338 00e6 0E4B     		ldr	r3, .L16+28
 339 00e8 1A60     		str	r2, [r3]
 354:Generated_Source\PSoC4/cyfitter_cfg.c **** 	CY_SET_REG32((void *)(CYREG_GPIO_PRT0_PC), 0x00180000u);
 340              		.loc 1 354 0
 341 00ea C022     		movs	r2, #192
 342 00ec 5203     		lsls	r2, r2, #13
 343 00ee 0D4B     		ldr	r3, .L16+32
 344 00f0 1A60     		str	r2, [r3]
 355:Generated_Source\PSoC4/cyfitter_cfg.c **** 
 356:Generated_Source\PSoC4/cyfitter_cfg.c **** 	/* IOPINS0_3 Starting address: CYDEV_GPIO_PRT3_BASE */
 357:Generated_Source\PSoC4/cyfitter_cfg.c **** 	CY_SET_REG32((void *)(CYREG_GPIO_PRT3_PC), 0x00000D80u);
 345              		.loc 1 357 0
 346 00f2 D822     		movs	r2, #216
 347 00f4 1201     		lsls	r2, r2, #4
 348 00f6 0C4B     		ldr	r3, .L16+36
 349 00f8 1A60     		str	r2, [r3]
 358:Generated_Source\PSoC4/cyfitter_cfg.c **** 
 359:Generated_Source\PSoC4/cyfitter_cfg.c **** 
 360:Generated_Source\PSoC4/cyfitter_cfg.c **** 	/* Setup clocks based on selections from Clock DWR */
 361:Generated_Source\PSoC4/cyfitter_cfg.c **** 	ClockSetup();
 350              		.loc 1 361 0
 351 00fa FFF781FF 		bl	ClockSetup
 352              	.LVL24:
 362:Generated_Source\PSoC4/cyfitter_cfg.c **** 
 363:Generated_Source\PSoC4/cyfitter_cfg.c **** 	/* Perform basic analog initialization to defaults */
 364:Generated_Source\PSoC4/cyfitter_cfg.c **** 	AnalogSetDefault();
 353              		.loc 1 364 0
 354 00fe FFF7FEFF 		bl	AnalogSetDefault
 355              	.LVL25:
 365:Generated_Source\PSoC4/cyfitter_cfg.c **** 
ARM GAS  C:\Users\labview\AppData\Local\Temp\ccyVxZLy.s 			page 14


 366:Generated_Source\PSoC4/cyfitter_cfg.c **** }
 356              		.loc 1 366 0
 357              		@ sp needed
 358              	.LVL26:
 359 0102 10BD     		pop	{r4, pc}
 360              	.L17:
 361              		.align	2
 362              	.L16:
 363 0104 00000000 		.word	.LANCHOR0
 364 0108 00000240 		.word	1073872896
 365 010c 00030240 		.word	1073873664
 366 0110 00500F40 		.word	1074745344
 367 0114 08500F40 		.word	1074745352
 368 0118 30500F40 		.word	1074745392
 369 011c 00700F40 		.word	1074753536
 370 0120 00000440 		.word	1074003968
 371 0124 08000440 		.word	1074003976
 372 0128 08030440 		.word	1074004744
 373              		.cfi_endproc
 374              	.LFE7:
 375              		.size	cyfitter_cfg, .-cyfitter_cfg
 376              		.section	.rodata
 377              		.align	2
 378              		.set	.LANCHOR0,. + 0
 379              		.type	cfg_memset_list.4911, %object
 380              		.size	cfg_memset_list.4911, 12
 381              	cfg_memset_list.4911:
 382 0000 00300F40 		.word	1074737152
 383 0004 0004     		.short	1024
 384 0006 00400F40 		.4byte	1074741248
 385 000a 0004     		.short	1024
 386              		.type	cy_cfg_data_table.4906, %object
 387              		.size	cy_cfg_data_table.4906, 18
 388              	cy_cfg_data_table.4906:
 389 000c E2       		.byte	-30
 390 000d 80       		.byte	-128
 391 000e 61       		.byte	97
 392 000f 40       		.byte	64
 393 0010 D6       		.byte	-42
 394 0011 40       		.byte	64
 395 0012 89       		.byte	-119
 396 0013 40       		.byte	64
 397 0014 9D       		.byte	-99
 398 0015 40       		.byte	64
 399 0016 19       		.byte	25
 400 0017 08       		.byte	8
 401 0018 89       		.byte	-119
 402 0019 08       		.byte	8
 403 001a C6       		.byte	-58
 404 001b 08       		.byte	8
 405 001c E2       		.byte	-30
 406 001d 01       		.byte	1
 407 001e 0000     		.space	2
 408              		.type	cy_cfg_addr_table.4905, %object
 409              		.size	cy_cfg_addr_table.4905, 16
 410              	cy_cfg_addr_table.4905:
 411 0020 01330F40 		.word	1074737921
ARM GAS  C:\Users\labview\AppData\Local\Temp\ccyVxZLy.s 			page 15


 412 0024 02400F40 		.word	1074741250
 413 0028 02410F40 		.word	1074741506
 414 002c 04430F40 		.word	1074742020
 415              		.text
 416              	.Letext0:
 417              		.file 2 "c:\\program files (x86)\\cypress\\psoc creator\\4.4\\psoc creator\\import\\gnu\\arm\\5.4.
 418              		.file 3 "Generated_Source\\PSoC4\\cytypes.h"
 419              		.file 4 "Generated_Source\\PSoC4\\CyLib.h"
 420              		.section	.debug_info,"",%progbits
 421              	.Ldebug_info0:
 422 0000 B8030000 		.4byte	0x3b8
 423 0004 0400     		.2byte	0x4
 424 0006 00000000 		.4byte	.Ldebug_abbrev0
 425 000a 04       		.byte	0x4
 426 000b 01       		.uleb128 0x1
 427 000c 87010000 		.4byte	.LASF39
 428 0010 0C       		.byte	0xc
 429 0011 B4020000 		.4byte	.LASF40
 430 0015 88000000 		.4byte	.LASF41
 431 0019 00000000 		.4byte	.Ldebug_ranges0+0
 432 001d 00000000 		.4byte	0
 433 0021 00000000 		.4byte	.Ldebug_line0
 434 0025 02       		.uleb128 0x2
 435 0026 04       		.byte	0x4
 436 0027 05       		.byte	0x5
 437 0028 696E7400 		.ascii	"int\000"
 438 002c 03       		.uleb128 0x3
 439 002d 06000000 		.4byte	.LASF12
 440 0031 02       		.byte	0x2
 441 0032 D8       		.byte	0xd8
 442 0033 37000000 		.4byte	0x37
 443 0037 04       		.uleb128 0x4
 444 0038 04       		.byte	0x4
 445 0039 07       		.byte	0x7
 446 003a 4E010000 		.4byte	.LASF0
 447 003e 04       		.uleb128 0x4
 448 003f 08       		.byte	0x8
 449 0040 05       		.byte	0x5
 450 0041 47020000 		.4byte	.LASF1
 451 0045 04       		.uleb128 0x4
 452 0046 08       		.byte	0x8
 453 0047 04       		.byte	0x4
 454 0048 9C020000 		.4byte	.LASF2
 455 004c 04       		.uleb128 0x4
 456 004d 01       		.byte	0x1
 457 004e 06       		.byte	0x6
 458 004f A8020000 		.4byte	.LASF3
 459 0053 04       		.uleb128 0x4
 460 0054 01       		.byte	0x1
 461 0055 08       		.byte	0x8
 462 0056 F0000000 		.4byte	.LASF4
 463 005a 04       		.uleb128 0x4
 464 005b 02       		.byte	0x2
 465 005c 05       		.byte	0x5
 466 005d 74020000 		.4byte	.LASF5
 467 0061 04       		.uleb128 0x4
 468 0062 02       		.byte	0x2
ARM GAS  C:\Users\labview\AppData\Local\Temp\ccyVxZLy.s 			page 16


 469 0063 07       		.byte	0x7
 470 0064 34020000 		.4byte	.LASF6
 471 0068 04       		.uleb128 0x4
 472 0069 04       		.byte	0x4
 473 006a 05       		.byte	0x5
 474 006b 93020000 		.4byte	.LASF7
 475 006f 04       		.uleb128 0x4
 476 0070 04       		.byte	0x4
 477 0071 07       		.byte	0x7
 478 0072 CE000000 		.4byte	.LASF8
 479 0076 04       		.uleb128 0x4
 480 0077 08       		.byte	0x8
 481 0078 07       		.byte	0x7
 482 0079 70010000 		.4byte	.LASF9
 483 007d 04       		.uleb128 0x4
 484 007e 04       		.byte	0x4
 485 007f 07       		.byte	0x7
 486 0080 2B020000 		.4byte	.LASF10
 487 0084 05       		.uleb128 0x5
 488 0085 04       		.byte	0x4
 489 0086 04       		.uleb128 0x4
 490 0087 01       		.byte	0x1
 491 0088 08       		.byte	0x8
 492 0089 55020000 		.4byte	.LASF11
 493 008d 06       		.uleb128 0x6
 494 008e E0000000 		.4byte	.LASF13
 495 0092 03       		.byte	0x3
 496 0093 FB01     		.2byte	0x1fb
 497 0095 53000000 		.4byte	0x53
 498 0099 06       		.uleb128 0x6
 499 009a 35010000 		.4byte	.LASF14
 500 009e 03       		.byte	0x3
 501 009f FC01     		.2byte	0x1fc
 502 00a1 61000000 		.4byte	0x61
 503 00a5 06       		.uleb128 0x6
 504 00a6 47010000 		.4byte	.LASF15
 505 00aa 03       		.byte	0x3
 506 00ab FD01     		.2byte	0x1fd
 507 00ad 6F000000 		.4byte	0x6f
 508 00b1 04       		.uleb128 0x4
 509 00b2 04       		.byte	0x4
 510 00b3 04       		.byte	0x4
 511 00b4 6D000000 		.4byte	.LASF16
 512 00b8 04       		.uleb128 0x4
 513 00b9 08       		.byte	0x8
 514 00ba 04       		.byte	0x4
 515 00bb 05010000 		.4byte	.LASF17
 516 00bf 06       		.uleb128 0x6
 517 00c0 1E000000 		.4byte	.LASF18
 518 00c4 03       		.byte	0x3
 519 00c5 A502     		.2byte	0x2a5
 520 00c7 CB000000 		.4byte	0xcb
 521 00cb 07       		.uleb128 0x7
 522 00cc 8D000000 		.4byte	0x8d
 523 00d0 06       		.uleb128 0x6
 524 00d1 00000000 		.4byte	.LASF19
 525 00d5 03       		.byte	0x3
ARM GAS  C:\Users\labview\AppData\Local\Temp\ccyVxZLy.s 			page 17


 526 00d6 A702     		.2byte	0x2a7
 527 00d8 DC000000 		.4byte	0xdc
 528 00dc 07       		.uleb128 0x7
 529 00dd A5000000 		.4byte	0xa5
 530 00e1 08       		.uleb128 0x8
 531 00e2 02       		.byte	0x2
 532 00e3 01       		.byte	0x1
 533 00e4 97       		.byte	0x97
 534 00e5 02010000 		.4byte	0x102
 535 00e9 09       		.uleb128 0x9
 536 00ea 6D020000 		.4byte	.LASF20
 537 00ee 01       		.byte	0x1
 538 00ef 99       		.byte	0x99
 539 00f0 8D000000 		.4byte	0x8d
 540 00f4 00       		.byte	0
 541 00f5 09       		.uleb128 0x9
 542 00f6 32000000 		.4byte	.LASF21
 543 00fa 01       		.byte	0x1
 544 00fb 9A       		.byte	0x9a
 545 00fc 8D000000 		.4byte	0x8d
 546 0100 01       		.byte	0x1
 547 0101 00       		.byte	0
 548 0102 03       		.uleb128 0x3
 549 0103 5A020000 		.4byte	.LASF22
 550 0107 01       		.byte	0x1
 551 0108 9B       		.byte	0x9b
 552 0109 E1000000 		.4byte	0xe1
 553 010d 0A       		.uleb128 0xa
 554 010e 0C010000 		.4byte	.LASF27
 555 0112 01       		.byte	0x1
 556 0113 AE       		.byte	0xae
 557 0114 00000000 		.4byte	.LFB4
 558 0118 32000000 		.4byte	.LFE4-.LFB4
 559 011c 01       		.uleb128 0x1
 560 011d 9C       		.byte	0x9c
 561 011e 7F010000 		.4byte	0x17f
 562 0122 0B       		.uleb128 0xb
 563 0123 2A010000 		.4byte	.LASF23
 564 0127 01       		.byte	0x1
 565 0128 AE       		.byte	0xae
 566 0129 7F010000 		.4byte	0x17f
 567 012d 01       		.uleb128 0x1
 568 012e 50       		.byte	0x50
 569 012f 0B       		.uleb128 0xb
 570 0130 3C010000 		.4byte	.LASF24
 571 0134 01       		.byte	0x1
 572 0135 AE       		.byte	0xae
 573 0136 8A010000 		.4byte	0x18a
 574 013a 01       		.uleb128 0x1
 575 013b 51       		.byte	0x51
 576 013c 0C       		.uleb128 0xc
 577 013d 6900     		.ascii	"i\000"
 578 013f 01       		.byte	0x1
 579 0140 B1       		.byte	0xb1
 580 0141 A5000000 		.4byte	0xa5
 581 0145 00000000 		.4byte	.LLST0
 582 0149 0C       		.uleb128 0xc
ARM GAS  C:\Users\labview\AppData\Local\Temp\ccyVxZLy.s 			page 18


 583 014a 6A00     		.ascii	"j\000"
 584 014c 01       		.byte	0x1
 585 014d B1       		.byte	0xb1
 586 014e A5000000 		.4byte	0xa5
 587 0152 1F000000 		.4byte	.LLST1
 588 0156 0D       		.uleb128 0xd
 589 0157 08000000 		.4byte	.LBB2
 590 015b 22000000 		.4byte	.LBE2-.LBB2
 591 015f 0E       		.uleb128 0xe
 592 0160 22020000 		.4byte	.LASF25
 593 0164 01       		.byte	0x1
 594 0165 B4       		.byte	0xb4
 595 0166 A5000000 		.4byte	0xa5
 596 016a 3E000000 		.4byte	.LLST2
 597 016e 0E       		.uleb128 0xe
 598 016f 38000000 		.4byte	.LASF26
 599 0173 01       		.byte	0x1
 600 0174 B5       		.byte	0xb5
 601 0175 8D000000 		.4byte	0x8d
 602 0179 51000000 		.4byte	.LLST3
 603 017d 00       		.byte	0
 604 017e 00       		.byte	0
 605 017f 0F       		.uleb128 0xf
 606 0180 04       		.byte	0x4
 607 0181 85010000 		.4byte	0x185
 608 0185 10       		.uleb128 0x10
 609 0186 A5000000 		.4byte	0xa5
 610 018a 0F       		.uleb128 0xf
 611 018b 04       		.byte	0x4
 612 018c 90010000 		.4byte	0x190
 613 0190 10       		.uleb128 0x10
 614 0191 02010000 		.4byte	0x102
 615 0195 11       		.uleb128 0x11
 616 0196 0D000000 		.4byte	.LASF42
 617 019a 01       		.byte	0x1
 618 019b 0401     		.2byte	0x104
 619 019d 00000000 		.4byte	.LFB6
 620 01a1 20000000 		.4byte	.LFE6-.LFB6
 621 01a5 01       		.uleb128 0x1
 622 01a6 9C       		.byte	0x9c
 623 01a7 0A       		.uleb128 0xa
 624 01a8 E6000000 		.4byte	.LASF28
 625 01ac 01       		.byte	0x1
 626 01ad 4C       		.byte	0x4c
 627 01ae 00000000 		.4byte	.LFB1
 628 01b2 0C000000 		.4byte	.LFE1-.LFB1
 629 01b6 01       		.uleb128 0x1
 630 01b7 9C       		.byte	0x9c
 631 01b8 F4010000 		.4byte	0x1f4
 632 01bc 12       		.uleb128 0x12
 633 01bd 7300     		.ascii	"s\000"
 634 01bf 01       		.byte	0x1
 635 01c0 4C       		.byte	0x4c
 636 01c1 84000000 		.4byte	0x84
 637 01c5 6F000000 		.4byte	.LLST4
 638 01c9 12       		.uleb128 0x12
 639 01ca 6E00     		.ascii	"n\000"
ARM GAS  C:\Users\labview\AppData\Local\Temp\ccyVxZLy.s 			page 19


 640 01cc 01       		.byte	0x1
 641 01cd 4C       		.byte	0x4c
 642 01ce 2C000000 		.4byte	0x2c
 643 01d2 90000000 		.4byte	.LLST5
 644 01d6 13       		.uleb128 0x13
 645 01d7 0A000000 		.4byte	.LVL14
 646 01db 91030000 		.4byte	0x391
 647 01df 14       		.uleb128 0x14
 648 01e0 01       		.uleb128 0x1
 649 01e1 50       		.byte	0x50
 650 01e2 03       		.uleb128 0x3
 651 01e3 F3       		.byte	0xf3
 652 01e4 01       		.uleb128 0x1
 653 01e5 50       		.byte	0x50
 654 01e6 14       		.uleb128 0x14
 655 01e7 01       		.uleb128 0x1
 656 01e8 51       		.byte	0x51
 657 01e9 01       		.uleb128 0x1
 658 01ea 30       		.byte	0x30
 659 01eb 14       		.uleb128 0x14
 660 01ec 01       		.uleb128 0x1
 661 01ed 52       		.byte	0x52
 662 01ee 03       		.uleb128 0x3
 663 01ef F3       		.byte	0xf3
 664 01f0 01       		.uleb128 0x1
 665 01f1 51       		.byte	0x51
 666 01f2 00       		.byte	0
 667 01f3 00       		.byte	0
 668 01f4 0A       		.uleb128 0xa
 669 01f5 3E000000 		.4byte	.LASF29
 670 01f9 01       		.byte	0x1
 671 01fa D3       		.byte	0xd3
 672 01fb 00000000 		.4byte	.LFB5
 673 01ff 7C000000 		.4byte	.LFE5-.LFB5
 674 0203 01       		.uleb128 0x1
 675 0204 9C       		.byte	0x9c
 676 0205 40020000 		.4byte	0x240
 677 0209 15       		.uleb128 0x15
 678 020a 0E000000 		.4byte	.LVL15
 679 020e 9A030000 		.4byte	0x39a
 680 0212 1D020000 		.4byte	0x21d
 681 0216 14       		.uleb128 0x14
 682 0217 01       		.uleb128 0x1
 683 0218 50       		.byte	0x50
 684 0219 02       		.uleb128 0x2
 685 021a 08       		.byte	0x8
 686 021b 30       		.byte	0x30
 687 021c 00       		.byte	0
 688 021d 15       		.uleb128 0x15
 689 021e 40000000 		.4byte	.LVL16
 690 0222 A5030000 		.4byte	0x3a5
 691 0226 30020000 		.4byte	0x230
 692 022a 14       		.uleb128 0x14
 693 022b 01       		.uleb128 0x1
 694 022c 50       		.byte	0x50
 695 022d 01       		.uleb128 0x1
 696 022e 37       		.byte	0x37
ARM GAS  C:\Users\labview\AppData\Local\Temp\ccyVxZLy.s 			page 20


 697 022f 00       		.byte	0
 698 0230 13       		.uleb128 0x13
 699 0231 46000000 		.4byte	.LVL17
 700 0235 B0030000 		.4byte	0x3b0
 701 0239 14       		.uleb128 0x14
 702 023a 01       		.uleb128 0x1
 703 023b 50       		.byte	0x50
 704 023c 01       		.uleb128 0x1
 705 023d 37       		.byte	0x37
 706 023e 00       		.byte	0
 707 023f 00       		.byte	0
 708 0240 16       		.uleb128 0x16
 709 0241 5B010000 		.4byte	.LASF43
 710 0245 01       		.byte	0x1
 711 0246 1F01     		.2byte	0x11f
 712 0248 7C000000 		.4byte	.LFB7
 713 024c B0000000 		.4byte	.LFE7-.LFB7
 714 0250 01       		.uleb128 0x1
 715 0251 9C       		.byte	0x9c
 716 0252 67030000 		.4byte	0x367
 717 0256 17       		.uleb128 0x17
 718 0257 80000000 		.4byte	.LBB3
 719 025b 64000000 		.4byte	.LBE3-.LBB3
 720 025f 54030000 		.4byte	0x354
 721 0263 18       		.uleb128 0x18
 722 0264 49000000 		.4byte	.LASF30
 723 0268 01       		.byte	0x1
 724 0269 2501     		.2byte	0x125
 725 026b 77030000 		.4byte	0x377
 726 026f 05       		.uleb128 0x5
 727 0270 03       		.byte	0x3
 728 0271 20000000 		.4byte	cy_cfg_addr_table.4905
 729 0275 18       		.uleb128 0x18
 730 0276 5B000000 		.4byte	.LASF31
 731 027a 01       		.byte	0x1
 732 027b 2C01     		.2byte	0x12c
 733 027d 8C030000 		.4byte	0x38c
 734 0281 05       		.uleb128 0x5
 735 0282 03       		.byte	0x3
 736 0283 0C000000 		.4byte	cy_cfg_data_table.4906
 737 0287 19       		.uleb128 0x19
 738 0288 06       		.byte	0x6
 739 0289 01       		.byte	0x1
 740 028a 3A01     		.2byte	0x13a
 741 028c AB020000 		.4byte	0x2ab
 742 0290 1A       		.uleb128 0x1a
 743 0291 68010000 		.4byte	.LASF32
 744 0295 01       		.byte	0x1
 745 0296 3B01     		.2byte	0x13b
 746 0298 84000000 		.4byte	0x84
 747 029c 00       		.byte	0
 748 029d 1A       		.uleb128 0x1a
 749 029e 83000000 		.4byte	.LASF33
 750 02a2 01       		.byte	0x1
 751 02a3 3C01     		.2byte	0x13c
 752 02a5 99000000 		.4byte	0x99
 753 02a9 04       		.byte	0x4
ARM GAS  C:\Users\labview\AppData\Local\Temp\ccyVxZLy.s 			page 21


 754 02aa 00       		.byte	0
 755 02ab 06       		.uleb128 0x6
 756 02ac 15020000 		.4byte	.LASF34
 757 02b0 01       		.byte	0x1
 758 02b1 3D01     		.2byte	0x13d
 759 02b3 87020000 		.4byte	0x287
 760 02b7 1B       		.uleb128 0x1b
 761 02b8 C7020000 		.4byte	0x2c7
 762 02bc C7020000 		.4byte	0x2c7
 763 02c0 1C       		.uleb128 0x1c
 764 02c1 7D000000 		.4byte	0x7d
 765 02c5 01       		.byte	0x1
 766 02c6 00       		.byte	0
 767 02c7 10       		.uleb128 0x10
 768 02c8 AB020000 		.4byte	0x2ab
 769 02cc 18       		.uleb128 0x18
 770 02cd 73000000 		.4byte	.LASF35
 771 02d1 01       		.byte	0x1
 772 02d2 3F01     		.2byte	0x13f
 773 02d4 DE020000 		.4byte	0x2de
 774 02d8 05       		.uleb128 0x5
 775 02d9 03       		.byte	0x3
 776 02da 00000000 		.4byte	cfg_memset_list.4911
 777 02de 10       		.uleb128 0x10
 778 02df B7020000 		.4byte	0x2b7
 779 02e3 1D       		.uleb128 0x1d
 780 02e4 6900     		.ascii	"i\000"
 781 02e6 01       		.byte	0x1
 782 02e7 4501     		.2byte	0x145
 783 02e9 8D000000 		.4byte	0x8d
 784 02ed BC000000 		.4byte	.LLST6
 785 02f1 17       		.uleb128 0x17
 786 02f2 84000000 		.4byte	.LBB4
 787 02f6 1C000000 		.4byte	.LBE4-.LBB4
 788 02fa 37030000 		.4byte	0x337
 789 02fe 1D       		.uleb128 0x1d
 790 02ff 6D7300   		.ascii	"ms\000"
 791 0302 01       		.byte	0x1
 792 0303 4A01     		.2byte	0x14a
 793 0305 0D030000 		.4byte	0x30d
 794 0309 E6000000 		.4byte	.LLST7
 795 030d 0F       		.uleb128 0xf
 796 030e 04       		.byte	0x4
 797 030f C7020000 		.4byte	0x2c7
 798 0313 13       		.uleb128 0x13
 799 0314 A0000000 		.4byte	.LVL20
 800 0318 A7010000 		.4byte	0x1a7
 801 031c 14       		.uleb128 0x14
 802 031d 01       		.uleb128 0x1
 803 031e 51       		.byte	0x51
 804 031f 15       		.uleb128 0x15
 805 0320 74       		.byte	0x74
 806 0321 00       		.sleb128 0
 807 0322 31       		.byte	0x31
 808 0323 24       		.byte	0x24
 809 0324 74       		.byte	0x74
 810 0325 00       		.sleb128 0
ARM GAS  C:\Users\labview\AppData\Local\Temp\ccyVxZLy.s 			page 22


 811 0326 22       		.byte	0x22
 812 0327 31       		.byte	0x31
 813 0328 24       		.byte	0x24
 814 0329 03       		.byte	0x3
 815 032a 04000000 		.4byte	.LANCHOR0+4
 816 032e 22       		.byte	0x22
 817 032f 94       		.byte	0x94
 818 0330 02       		.byte	0x2
 819 0331 0A       		.byte	0xa
 820 0332 FFFF     		.2byte	0xffff
 821 0334 1A       		.byte	0x1a
 822 0335 00       		.byte	0
 823 0336 00       		.byte	0
 824 0337 13       		.uleb128 0x13
 825 0338 B4000000 		.4byte	.LVL23
 826 033c 0D010000 		.4byte	0x10d
 827 0340 14       		.uleb128 0x14
 828 0341 01       		.uleb128 0x1
 829 0342 50       		.byte	0x50
 830 0343 05       		.uleb128 0x5
 831 0344 03       		.byte	0x3
 832 0345 20000000 		.4byte	.LANCHOR0+32
 833 0349 14       		.uleb128 0x14
 834 034a 01       		.uleb128 0x1
 835 034b 51       		.byte	0x51
 836 034c 05       		.uleb128 0x5
 837 034d 03       		.byte	0x3
 838 034e 0C000000 		.4byte	.LANCHOR0+12
 839 0352 00       		.byte	0
 840 0353 00       		.byte	0
 841 0354 1E       		.uleb128 0x1e
 842 0355 FE000000 		.4byte	.LVL24
 843 0359 F4010000 		.4byte	0x1f4
 844 035d 1E       		.uleb128 0x1e
 845 035e 02010000 		.4byte	.LVL25
 846 0362 95010000 		.4byte	0x195
 847 0366 00       		.byte	0
 848 0367 1B       		.uleb128 0x1b
 849 0368 85010000 		.4byte	0x185
 850 036c 77030000 		.4byte	0x377
 851 0370 1C       		.uleb128 0x1c
 852 0371 7D000000 		.4byte	0x7d
 853 0375 03       		.byte	0x3
 854 0376 00       		.byte	0
 855 0377 10       		.uleb128 0x10
 856 0378 67030000 		.4byte	0x367
 857 037c 1B       		.uleb128 0x1b
 858 037d 90010000 		.4byte	0x190
 859 0381 8C030000 		.4byte	0x38c
 860 0385 1C       		.uleb128 0x1c
 861 0386 7D000000 		.4byte	0x7d
 862 038a 08       		.byte	0x8
 863 038b 00       		.byte	0
 864 038c 10       		.uleb128 0x10
 865 038d 7C030000 		.4byte	0x37c
 866 0391 1F       		.uleb128 0x1f
 867 0392 FE000000 		.4byte	.LASF44
ARM GAS  C:\Users\labview\AppData\Local\Temp\ccyVxZLy.s 			page 23


 868 0396 FE000000 		.4byte	.LASF44
 869 039a 20       		.uleb128 0x20
 870 039b 7E020000 		.4byte	.LASF36
 871 039f 7E020000 		.4byte	.LASF36
 872 03a3 04       		.byte	0x4
 873 03a4 6C       		.byte	0x6c
 874 03a5 20       		.uleb128 0x20
 875 03a6 23000000 		.4byte	.LASF37
 876 03aa 23000000 		.4byte	.LASF37
 877 03ae 04       		.byte	0x4
 878 03af D0       		.byte	0xd0
 879 03b0 20       		.uleb128 0x20
 880 03b1 1E010000 		.4byte	.LASF38
 881 03b5 1E010000 		.4byte	.LASF38
 882 03b9 04       		.byte	0x4
 883 03ba D6       		.byte	0xd6
 884 03bb 00       		.byte	0
 885              		.section	.debug_abbrev,"",%progbits
 886              	.Ldebug_abbrev0:
 887 0000 01       		.uleb128 0x1
 888 0001 11       		.uleb128 0x11
 889 0002 01       		.byte	0x1
 890 0003 25       		.uleb128 0x25
 891 0004 0E       		.uleb128 0xe
 892 0005 13       		.uleb128 0x13
 893 0006 0B       		.uleb128 0xb
 894 0007 03       		.uleb128 0x3
 895 0008 0E       		.uleb128 0xe
 896 0009 1B       		.uleb128 0x1b
 897 000a 0E       		.uleb128 0xe
 898 000b 55       		.uleb128 0x55
 899 000c 17       		.uleb128 0x17
 900 000d 11       		.uleb128 0x11
 901 000e 01       		.uleb128 0x1
 902 000f 10       		.uleb128 0x10
 903 0010 17       		.uleb128 0x17
 904 0011 00       		.byte	0
 905 0012 00       		.byte	0
 906 0013 02       		.uleb128 0x2
 907 0014 24       		.uleb128 0x24
 908 0015 00       		.byte	0
 909 0016 0B       		.uleb128 0xb
 910 0017 0B       		.uleb128 0xb
 911 0018 3E       		.uleb128 0x3e
 912 0019 0B       		.uleb128 0xb
 913 001a 03       		.uleb128 0x3
 914 001b 08       		.uleb128 0x8
 915 001c 00       		.byte	0
 916 001d 00       		.byte	0
 917 001e 03       		.uleb128 0x3
 918 001f 16       		.uleb128 0x16
 919 0020 00       		.byte	0
 920 0021 03       		.uleb128 0x3
 921 0022 0E       		.uleb128 0xe
 922 0023 3A       		.uleb128 0x3a
 923 0024 0B       		.uleb128 0xb
 924 0025 3B       		.uleb128 0x3b
ARM GAS  C:\Users\labview\AppData\Local\Temp\ccyVxZLy.s 			page 24


 925 0026 0B       		.uleb128 0xb
 926 0027 49       		.uleb128 0x49
 927 0028 13       		.uleb128 0x13
 928 0029 00       		.byte	0
 929 002a 00       		.byte	0
 930 002b 04       		.uleb128 0x4
 931 002c 24       		.uleb128 0x24
 932 002d 00       		.byte	0
 933 002e 0B       		.uleb128 0xb
 934 002f 0B       		.uleb128 0xb
 935 0030 3E       		.uleb128 0x3e
 936 0031 0B       		.uleb128 0xb
 937 0032 03       		.uleb128 0x3
 938 0033 0E       		.uleb128 0xe
 939 0034 00       		.byte	0
 940 0035 00       		.byte	0
 941 0036 05       		.uleb128 0x5
 942 0037 0F       		.uleb128 0xf
 943 0038 00       		.byte	0
 944 0039 0B       		.uleb128 0xb
 945 003a 0B       		.uleb128 0xb
 946 003b 00       		.byte	0
 947 003c 00       		.byte	0
 948 003d 06       		.uleb128 0x6
 949 003e 16       		.uleb128 0x16
 950 003f 00       		.byte	0
 951 0040 03       		.uleb128 0x3
 952 0041 0E       		.uleb128 0xe
 953 0042 3A       		.uleb128 0x3a
 954 0043 0B       		.uleb128 0xb
 955 0044 3B       		.uleb128 0x3b
 956 0045 05       		.uleb128 0x5
 957 0046 49       		.uleb128 0x49
 958 0047 13       		.uleb128 0x13
 959 0048 00       		.byte	0
 960 0049 00       		.byte	0
 961 004a 07       		.uleb128 0x7
 962 004b 35       		.uleb128 0x35
 963 004c 00       		.byte	0
 964 004d 49       		.uleb128 0x49
 965 004e 13       		.uleb128 0x13
 966 004f 00       		.byte	0
 967 0050 00       		.byte	0
 968 0051 08       		.uleb128 0x8
 969 0052 13       		.uleb128 0x13
 970 0053 01       		.byte	0x1
 971 0054 0B       		.uleb128 0xb
 972 0055 0B       		.uleb128 0xb
 973 0056 3A       		.uleb128 0x3a
 974 0057 0B       		.uleb128 0xb
 975 0058 3B       		.uleb128 0x3b
 976 0059 0B       		.uleb128 0xb
 977 005a 01       		.uleb128 0x1
 978 005b 13       		.uleb128 0x13
 979 005c 00       		.byte	0
 980 005d 00       		.byte	0
 981 005e 09       		.uleb128 0x9
ARM GAS  C:\Users\labview\AppData\Local\Temp\ccyVxZLy.s 			page 25


 982 005f 0D       		.uleb128 0xd
 983 0060 00       		.byte	0
 984 0061 03       		.uleb128 0x3
 985 0062 0E       		.uleb128 0xe
 986 0063 3A       		.uleb128 0x3a
 987 0064 0B       		.uleb128 0xb
 988 0065 3B       		.uleb128 0x3b
 989 0066 0B       		.uleb128 0xb
 990 0067 49       		.uleb128 0x49
 991 0068 13       		.uleb128 0x13
 992 0069 38       		.uleb128 0x38
 993 006a 0B       		.uleb128 0xb
 994 006b 00       		.byte	0
 995 006c 00       		.byte	0
 996 006d 0A       		.uleb128 0xa
 997 006e 2E       		.uleb128 0x2e
 998 006f 01       		.byte	0x1
 999 0070 03       		.uleb128 0x3
 1000 0071 0E       		.uleb128 0xe
 1001 0072 3A       		.uleb128 0x3a
 1002 0073 0B       		.uleb128 0xb
 1003 0074 3B       		.uleb128 0x3b
 1004 0075 0B       		.uleb128 0xb
 1005 0076 27       		.uleb128 0x27
 1006 0077 19       		.uleb128 0x19
 1007 0078 11       		.uleb128 0x11
 1008 0079 01       		.uleb128 0x1
 1009 007a 12       		.uleb128 0x12
 1010 007b 06       		.uleb128 0x6
 1011 007c 40       		.uleb128 0x40
 1012 007d 18       		.uleb128 0x18
 1013 007e 9742     		.uleb128 0x2117
 1014 0080 19       		.uleb128 0x19
 1015 0081 01       		.uleb128 0x1
 1016 0082 13       		.uleb128 0x13
 1017 0083 00       		.byte	0
 1018 0084 00       		.byte	0
 1019 0085 0B       		.uleb128 0xb
 1020 0086 05       		.uleb128 0x5
 1021 0087 00       		.byte	0
 1022 0088 03       		.uleb128 0x3
 1023 0089 0E       		.uleb128 0xe
 1024 008a 3A       		.uleb128 0x3a
 1025 008b 0B       		.uleb128 0xb
 1026 008c 3B       		.uleb128 0x3b
 1027 008d 0B       		.uleb128 0xb
 1028 008e 49       		.uleb128 0x49
 1029 008f 13       		.uleb128 0x13
 1030 0090 02       		.uleb128 0x2
 1031 0091 18       		.uleb128 0x18
 1032 0092 00       		.byte	0
 1033 0093 00       		.byte	0
 1034 0094 0C       		.uleb128 0xc
 1035 0095 34       		.uleb128 0x34
 1036 0096 00       		.byte	0
 1037 0097 03       		.uleb128 0x3
 1038 0098 08       		.uleb128 0x8
ARM GAS  C:\Users\labview\AppData\Local\Temp\ccyVxZLy.s 			page 26


 1039 0099 3A       		.uleb128 0x3a
 1040 009a 0B       		.uleb128 0xb
 1041 009b 3B       		.uleb128 0x3b
 1042 009c 0B       		.uleb128 0xb
 1043 009d 49       		.uleb128 0x49
 1044 009e 13       		.uleb128 0x13
 1045 009f 02       		.uleb128 0x2
 1046 00a0 17       		.uleb128 0x17
 1047 00a1 00       		.byte	0
 1048 00a2 00       		.byte	0
 1049 00a3 0D       		.uleb128 0xd
 1050 00a4 0B       		.uleb128 0xb
 1051 00a5 01       		.byte	0x1
 1052 00a6 11       		.uleb128 0x11
 1053 00a7 01       		.uleb128 0x1
 1054 00a8 12       		.uleb128 0x12
 1055 00a9 06       		.uleb128 0x6
 1056 00aa 00       		.byte	0
 1057 00ab 00       		.byte	0
 1058 00ac 0E       		.uleb128 0xe
 1059 00ad 34       		.uleb128 0x34
 1060 00ae 00       		.byte	0
 1061 00af 03       		.uleb128 0x3
 1062 00b0 0E       		.uleb128 0xe
 1063 00b1 3A       		.uleb128 0x3a
 1064 00b2 0B       		.uleb128 0xb
 1065 00b3 3B       		.uleb128 0x3b
 1066 00b4 0B       		.uleb128 0xb
 1067 00b5 49       		.uleb128 0x49
 1068 00b6 13       		.uleb128 0x13
 1069 00b7 02       		.uleb128 0x2
 1070 00b8 17       		.uleb128 0x17
 1071 00b9 00       		.byte	0
 1072 00ba 00       		.byte	0
 1073 00bb 0F       		.uleb128 0xf
 1074 00bc 0F       		.uleb128 0xf
 1075 00bd 00       		.byte	0
 1076 00be 0B       		.uleb128 0xb
 1077 00bf 0B       		.uleb128 0xb
 1078 00c0 49       		.uleb128 0x49
 1079 00c1 13       		.uleb128 0x13
 1080 00c2 00       		.byte	0
 1081 00c3 00       		.byte	0
 1082 00c4 10       		.uleb128 0x10
 1083 00c5 26       		.uleb128 0x26
 1084 00c6 00       		.byte	0
 1085 00c7 49       		.uleb128 0x49
 1086 00c8 13       		.uleb128 0x13
 1087 00c9 00       		.byte	0
 1088 00ca 00       		.byte	0
 1089 00cb 11       		.uleb128 0x11
 1090 00cc 2E       		.uleb128 0x2e
 1091 00cd 00       		.byte	0
 1092 00ce 03       		.uleb128 0x3
 1093 00cf 0E       		.uleb128 0xe
 1094 00d0 3A       		.uleb128 0x3a
 1095 00d1 0B       		.uleb128 0xb
ARM GAS  C:\Users\labview\AppData\Local\Temp\ccyVxZLy.s 			page 27


 1096 00d2 3B       		.uleb128 0x3b
 1097 00d3 05       		.uleb128 0x5
 1098 00d4 27       		.uleb128 0x27
 1099 00d5 19       		.uleb128 0x19
 1100 00d6 11       		.uleb128 0x11
 1101 00d7 01       		.uleb128 0x1
 1102 00d8 12       		.uleb128 0x12
 1103 00d9 06       		.uleb128 0x6
 1104 00da 40       		.uleb128 0x40
 1105 00db 18       		.uleb128 0x18
 1106 00dc 9742     		.uleb128 0x2117
 1107 00de 19       		.uleb128 0x19
 1108 00df 00       		.byte	0
 1109 00e0 00       		.byte	0
 1110 00e1 12       		.uleb128 0x12
 1111 00e2 05       		.uleb128 0x5
 1112 00e3 00       		.byte	0
 1113 00e4 03       		.uleb128 0x3
 1114 00e5 08       		.uleb128 0x8
 1115 00e6 3A       		.uleb128 0x3a
 1116 00e7 0B       		.uleb128 0xb
 1117 00e8 3B       		.uleb128 0x3b
 1118 00e9 0B       		.uleb128 0xb
 1119 00ea 49       		.uleb128 0x49
 1120 00eb 13       		.uleb128 0x13
 1121 00ec 02       		.uleb128 0x2
 1122 00ed 17       		.uleb128 0x17
 1123 00ee 00       		.byte	0
 1124 00ef 00       		.byte	0
 1125 00f0 13       		.uleb128 0x13
 1126 00f1 898201   		.uleb128 0x4109
 1127 00f4 01       		.byte	0x1
 1128 00f5 11       		.uleb128 0x11
 1129 00f6 01       		.uleb128 0x1
 1130 00f7 31       		.uleb128 0x31
 1131 00f8 13       		.uleb128 0x13
 1132 00f9 00       		.byte	0
 1133 00fa 00       		.byte	0
 1134 00fb 14       		.uleb128 0x14
 1135 00fc 8A8201   		.uleb128 0x410a
 1136 00ff 00       		.byte	0
 1137 0100 02       		.uleb128 0x2
 1138 0101 18       		.uleb128 0x18
 1139 0102 9142     		.uleb128 0x2111
 1140 0104 18       		.uleb128 0x18
 1141 0105 00       		.byte	0
 1142 0106 00       		.byte	0
 1143 0107 15       		.uleb128 0x15
 1144 0108 898201   		.uleb128 0x4109
 1145 010b 01       		.byte	0x1
 1146 010c 11       		.uleb128 0x11
 1147 010d 01       		.uleb128 0x1
 1148 010e 31       		.uleb128 0x31
 1149 010f 13       		.uleb128 0x13
 1150 0110 01       		.uleb128 0x1
 1151 0111 13       		.uleb128 0x13
 1152 0112 00       		.byte	0
ARM GAS  C:\Users\labview\AppData\Local\Temp\ccyVxZLy.s 			page 28


 1153 0113 00       		.byte	0
 1154 0114 16       		.uleb128 0x16
 1155 0115 2E       		.uleb128 0x2e
 1156 0116 01       		.byte	0x1
 1157 0117 3F       		.uleb128 0x3f
 1158 0118 19       		.uleb128 0x19
 1159 0119 03       		.uleb128 0x3
 1160 011a 0E       		.uleb128 0xe
 1161 011b 3A       		.uleb128 0x3a
 1162 011c 0B       		.uleb128 0xb
 1163 011d 3B       		.uleb128 0x3b
 1164 011e 05       		.uleb128 0x5
 1165 011f 27       		.uleb128 0x27
 1166 0120 19       		.uleb128 0x19
 1167 0121 11       		.uleb128 0x11
 1168 0122 01       		.uleb128 0x1
 1169 0123 12       		.uleb128 0x12
 1170 0124 06       		.uleb128 0x6
 1171 0125 40       		.uleb128 0x40
 1172 0126 18       		.uleb128 0x18
 1173 0127 9742     		.uleb128 0x2117
 1174 0129 19       		.uleb128 0x19
 1175 012a 01       		.uleb128 0x1
 1176 012b 13       		.uleb128 0x13
 1177 012c 00       		.byte	0
 1178 012d 00       		.byte	0
 1179 012e 17       		.uleb128 0x17
 1180 012f 0B       		.uleb128 0xb
 1181 0130 01       		.byte	0x1
 1182 0131 11       		.uleb128 0x11
 1183 0132 01       		.uleb128 0x1
 1184 0133 12       		.uleb128 0x12
 1185 0134 06       		.uleb128 0x6
 1186 0135 01       		.uleb128 0x1
 1187 0136 13       		.uleb128 0x13
 1188 0137 00       		.byte	0
 1189 0138 00       		.byte	0
 1190 0139 18       		.uleb128 0x18
 1191 013a 34       		.uleb128 0x34
 1192 013b 00       		.byte	0
 1193 013c 03       		.uleb128 0x3
 1194 013d 0E       		.uleb128 0xe
 1195 013e 3A       		.uleb128 0x3a
 1196 013f 0B       		.uleb128 0xb
 1197 0140 3B       		.uleb128 0x3b
 1198 0141 05       		.uleb128 0x5
 1199 0142 49       		.uleb128 0x49
 1200 0143 13       		.uleb128 0x13
 1201 0144 02       		.uleb128 0x2
 1202 0145 18       		.uleb128 0x18
 1203 0146 00       		.byte	0
 1204 0147 00       		.byte	0
 1205 0148 19       		.uleb128 0x19
 1206 0149 13       		.uleb128 0x13
 1207 014a 01       		.byte	0x1
 1208 014b 0B       		.uleb128 0xb
 1209 014c 0B       		.uleb128 0xb
ARM GAS  C:\Users\labview\AppData\Local\Temp\ccyVxZLy.s 			page 29


 1210 014d 3A       		.uleb128 0x3a
 1211 014e 0B       		.uleb128 0xb
 1212 014f 3B       		.uleb128 0x3b
 1213 0150 05       		.uleb128 0x5
 1214 0151 01       		.uleb128 0x1
 1215 0152 13       		.uleb128 0x13
 1216 0153 00       		.byte	0
 1217 0154 00       		.byte	0
 1218 0155 1A       		.uleb128 0x1a
 1219 0156 0D       		.uleb128 0xd
 1220 0157 00       		.byte	0
 1221 0158 03       		.uleb128 0x3
 1222 0159 0E       		.uleb128 0xe
 1223 015a 3A       		.uleb128 0x3a
 1224 015b 0B       		.uleb128 0xb
 1225 015c 3B       		.uleb128 0x3b
 1226 015d 05       		.uleb128 0x5
 1227 015e 49       		.uleb128 0x49
 1228 015f 13       		.uleb128 0x13
 1229 0160 38       		.uleb128 0x38
 1230 0161 0B       		.uleb128 0xb
 1231 0162 00       		.byte	0
 1232 0163 00       		.byte	0
 1233 0164 1B       		.uleb128 0x1b
 1234 0165 01       		.uleb128 0x1
 1235 0166 01       		.byte	0x1
 1236 0167 49       		.uleb128 0x49
 1237 0168 13       		.uleb128 0x13
 1238 0169 01       		.uleb128 0x1
 1239 016a 13       		.uleb128 0x13
 1240 016b 00       		.byte	0
 1241 016c 00       		.byte	0
 1242 016d 1C       		.uleb128 0x1c
 1243 016e 21       		.uleb128 0x21
 1244 016f 00       		.byte	0
 1245 0170 49       		.uleb128 0x49
 1246 0171 13       		.uleb128 0x13
 1247 0172 2F       		.uleb128 0x2f
 1248 0173 0B       		.uleb128 0xb
 1249 0174 00       		.byte	0
 1250 0175 00       		.byte	0
 1251 0176 1D       		.uleb128 0x1d
 1252 0177 34       		.uleb128 0x34
 1253 0178 00       		.byte	0
 1254 0179 03       		.uleb128 0x3
 1255 017a 08       		.uleb128 0x8
 1256 017b 3A       		.uleb128 0x3a
 1257 017c 0B       		.uleb128 0xb
 1258 017d 3B       		.uleb128 0x3b
 1259 017e 05       		.uleb128 0x5
 1260 017f 49       		.uleb128 0x49
 1261 0180 13       		.uleb128 0x13
 1262 0181 02       		.uleb128 0x2
 1263 0182 17       		.uleb128 0x17
 1264 0183 00       		.byte	0
 1265 0184 00       		.byte	0
 1266 0185 1E       		.uleb128 0x1e
ARM GAS  C:\Users\labview\AppData\Local\Temp\ccyVxZLy.s 			page 30


 1267 0186 898201   		.uleb128 0x4109
 1268 0189 00       		.byte	0
 1269 018a 11       		.uleb128 0x11
 1270 018b 01       		.uleb128 0x1
 1271 018c 31       		.uleb128 0x31
 1272 018d 13       		.uleb128 0x13
 1273 018e 00       		.byte	0
 1274 018f 00       		.byte	0
 1275 0190 1F       		.uleb128 0x1f
 1276 0191 2E       		.uleb128 0x2e
 1277 0192 00       		.byte	0
 1278 0193 3F       		.uleb128 0x3f
 1279 0194 19       		.uleb128 0x19
 1280 0195 3C       		.uleb128 0x3c
 1281 0196 19       		.uleb128 0x19
 1282 0197 6E       		.uleb128 0x6e
 1283 0198 0E       		.uleb128 0xe
 1284 0199 03       		.uleb128 0x3
 1285 019a 0E       		.uleb128 0xe
 1286 019b 00       		.byte	0
 1287 019c 00       		.byte	0
 1288 019d 20       		.uleb128 0x20
 1289 019e 2E       		.uleb128 0x2e
 1290 019f 00       		.byte	0
 1291 01a0 3F       		.uleb128 0x3f
 1292 01a1 19       		.uleb128 0x19
 1293 01a2 3C       		.uleb128 0x3c
 1294 01a3 19       		.uleb128 0x19
 1295 01a4 6E       		.uleb128 0x6e
 1296 01a5 0E       		.uleb128 0xe
 1297 01a6 03       		.uleb128 0x3
 1298 01a7 0E       		.uleb128 0xe
 1299 01a8 3A       		.uleb128 0x3a
 1300 01a9 0B       		.uleb128 0xb
 1301 01aa 3B       		.uleb128 0x3b
 1302 01ab 0B       		.uleb128 0xb
 1303 01ac 00       		.byte	0
 1304 01ad 00       		.byte	0
 1305 01ae 00       		.byte	0
 1306              		.section	.debug_loc,"",%progbits
 1307              	.Ldebug_loc0:
 1308              	.LLST0:
 1309 0000 02000000 		.4byte	.LVL1
 1310 0004 08000000 		.4byte	.LVL2
 1311 0008 0200     		.2byte	0x2
 1312 000a 30       		.byte	0x30
 1313 000b 9F       		.byte	0x9f
 1314 000c 08000000 		.4byte	.LVL2
 1315 0010 30000000 		.4byte	.LVL11
 1316 0014 0100     		.2byte	0x1
 1317 0016 57       		.byte	0x57
 1318 0017 00000000 		.4byte	0
 1319 001b 00000000 		.4byte	0
 1320              	.LLST1:
 1321 001f 02000000 		.4byte	.LVL1
 1322 0023 08000000 		.4byte	.LVL2
 1323 0027 0200     		.2byte	0x2
ARM GAS  C:\Users\labview\AppData\Local\Temp\ccyVxZLy.s 			page 31


 1324 0029 30       		.byte	0x30
 1325 002a 9F       		.byte	0x9f
 1326 002b 08000000 		.4byte	.LVL2
 1327 002f 30000000 		.4byte	.LVL10
 1328 0033 0100     		.2byte	0x1
 1329 0035 55       		.byte	0x55
 1330 0036 00000000 		.4byte	0
 1331 003a 00000000 		.4byte	0
 1332              	.LLST2:
 1333 003e 0C000000 		.4byte	.LVL3
 1334 0042 2C000000 		.4byte	.LVL9
 1335 0046 0100     		.2byte	0x1
 1336 0048 56       		.byte	0x56
 1337 0049 00000000 		.4byte	0
 1338 004d 00000000 		.4byte	0
 1339              	.LLST3:
 1340 0051 0E000000 		.4byte	.LVL4
 1341 0055 24000000 		.4byte	.LVL7
 1342 0059 0100     		.2byte	0x1
 1343 005b 53       		.byte	0x53
 1344 005c 26000000 		.4byte	.LVL8
 1345 0060 2C000000 		.4byte	.LVL9
 1346 0064 0100     		.2byte	0x1
 1347 0066 53       		.byte	0x53
 1348 0067 00000000 		.4byte	0
 1349 006b 00000000 		.4byte	0
 1350              	.LLST4:
 1351 006f 00000000 		.4byte	.LVL12
 1352 0073 09000000 		.4byte	.LVL14-1
 1353 0077 0100     		.2byte	0x1
 1354 0079 50       		.byte	0x50
 1355 007a 09000000 		.4byte	.LVL14-1
 1356 007e 0C000000 		.4byte	.LFE1
 1357 0082 0400     		.2byte	0x4
 1358 0084 F3       		.byte	0xf3
 1359 0085 01       		.uleb128 0x1
 1360 0086 50       		.byte	0x50
 1361 0087 9F       		.byte	0x9f
 1362 0088 00000000 		.4byte	0
 1363 008c 00000000 		.4byte	0
 1364              	.LLST5:
 1365 0090 00000000 		.4byte	.LVL12
 1366 0094 06000000 		.4byte	.LVL13
 1367 0098 0100     		.2byte	0x1
 1368 009a 51       		.byte	0x51
 1369 009b 06000000 		.4byte	.LVL13
 1370 009f 09000000 		.4byte	.LVL14-1
 1371 00a3 0100     		.2byte	0x1
 1372 00a5 52       		.byte	0x52
 1373 00a6 09000000 		.4byte	.LVL14-1
 1374 00aa 0C000000 		.4byte	.LFE1
 1375 00ae 0400     		.2byte	0x4
 1376 00b0 F3       		.byte	0xf3
 1377 00b1 01       		.uleb128 0x1
 1378 00b2 51       		.byte	0x51
 1379 00b3 9F       		.byte	0x9f
 1380 00b4 00000000 		.4byte	0
ARM GAS  C:\Users\labview\AppData\Local\Temp\ccyVxZLy.s 			page 32


 1381 00b8 00000000 		.4byte	0
 1382              	.LLST6:
 1383 00bc 80000000 		.4byte	.LVL18
 1384 00c0 84000000 		.4byte	.LVL19
 1385 00c4 0200     		.2byte	0x2
 1386 00c6 30       		.byte	0x30
 1387 00c7 9F       		.byte	0x9f
 1388 00c8 84000000 		.4byte	.LVL19
 1389 00cc A2000000 		.4byte	.LVL21
 1390 00d0 0100     		.2byte	0x1
 1391 00d2 54       		.byte	0x54
 1392 00d3 A4000000 		.4byte	.LVL22
 1393 00d7 02010000 		.4byte	.LVL26
 1394 00db 0100     		.2byte	0x1
 1395 00dd 54       		.byte	0x54
 1396 00de 00000000 		.4byte	0
 1397 00e2 00000000 		.4byte	0
 1398              	.LLST7:
 1399 00e6 84000000 		.4byte	.LVL19
 1400 00ea A2000000 		.4byte	.LVL21
 1401 00ee 0B00     		.2byte	0xb
 1402 00f0 74       		.byte	0x74
 1403 00f1 00       		.sleb128 0
 1404 00f2 36       		.byte	0x36
 1405 00f3 1E       		.byte	0x1e
 1406 00f4 03       		.byte	0x3
 1407 00f5 00000000 		.4byte	cfg_memset_list.4911
 1408 00f9 22       		.byte	0x22
 1409 00fa 9F       		.byte	0x9f
 1410 00fb A2000000 		.4byte	.LVL21
 1411 00ff A4000000 		.4byte	.LVL22
 1412 0103 0B00     		.2byte	0xb
 1413 0105 74       		.byte	0x74
 1414 0106 7F       		.sleb128 -1
 1415 0107 36       		.byte	0x36
 1416 0108 1E       		.byte	0x1e
 1417 0109 03       		.byte	0x3
 1418 010a 00000000 		.4byte	cfg_memset_list.4911
 1419 010e 22       		.byte	0x22
 1420 010f 9F       		.byte	0x9f
 1421 0110 00000000 		.4byte	0
 1422 0114 00000000 		.4byte	0
 1423              		.section	.debug_aranges,"",%progbits
 1424 0000 3C000000 		.4byte	0x3c
 1425 0004 0200     		.2byte	0x2
 1426 0006 00000000 		.4byte	.Ldebug_info0
 1427 000a 04       		.byte	0x4
 1428 000b 00       		.byte	0
 1429 000c 0000     		.2byte	0
 1430 000e 0000     		.2byte	0
 1431 0010 00000000 		.4byte	.LFB4
 1432 0014 32000000 		.4byte	.LFE4-.LFB4
 1433 0018 00000000 		.4byte	.LFB6
 1434 001c 20000000 		.4byte	.LFE6-.LFB6
 1435 0020 00000000 		.4byte	.LFB1
 1436 0024 0C000000 		.4byte	.LFE1-.LFB1
 1437 0028 00000000 		.4byte	.LFB5
ARM GAS  C:\Users\labview\AppData\Local\Temp\ccyVxZLy.s 			page 33


 1438 002c 7C000000 		.4byte	.LFE5-.LFB5
 1439 0030 7C000000 		.4byte	.LFB7
 1440 0034 B0000000 		.4byte	.LFE7-.LFB7
 1441 0038 00000000 		.4byte	0
 1442 003c 00000000 		.4byte	0
 1443              		.section	.debug_ranges,"",%progbits
 1444              	.Ldebug_ranges0:
 1445 0000 00000000 		.4byte	.LFB4
 1446 0004 32000000 		.4byte	.LFE4
 1447 0008 00000000 		.4byte	.LFB6
 1448 000c 20000000 		.4byte	.LFE6
 1449 0010 00000000 		.4byte	.LFB1
 1450 0014 0C000000 		.4byte	.LFE1
 1451 0018 00000000 		.4byte	.LFB5
 1452 001c 7C000000 		.4byte	.LFE5
 1453 0020 7C000000 		.4byte	.LFB7
 1454 0024 2C010000 		.4byte	.LFE7
 1455 0028 00000000 		.4byte	0
 1456 002c 00000000 		.4byte	0
 1457              		.section	.debug_line,"",%progbits
 1458              	.Ldebug_line0:
 1459 0000 6D010000 		.section	.debug_str,"MS",%progbits,1
 1459      0200D600 
 1459      00000201 
 1459      FB0E0D00 
 1459      01010101 
 1460              	.LASF19:
 1461 0000 72656733 		.ascii	"reg32\000"
 1461      3200
 1462              	.LASF12:
 1463 0006 73697A65 		.ascii	"size_t\000"
 1463      5F7400
 1464              	.LASF42:
 1465 000d 416E616C 		.ascii	"AnalogSetDefault\000"
 1465      6F675365 
 1465      74446566 
 1465      61756C74 
 1465      00
 1466              	.LASF18:
 1467 001e 72656738 		.ascii	"reg8\000"
 1467      00
 1468              	.LASF37:
 1469 0023 4379496E 		.ascii	"CyIntSetVector\000"
 1469      74536574 
 1469      56656374 
 1469      6F7200
 1470              	.LASF21:
 1471 0032 76616C75 		.ascii	"value\000"
 1471      6500
 1472              	.LASF26:
 1473 0038 636F756E 		.ascii	"count\000"
 1473      7400
 1474              	.LASF29:
 1475 003e 436C6F63 		.ascii	"ClockSetup\000"
 1475      6B536574 
 1475      757000
 1476              	.LASF30:
ARM GAS  C:\Users\labview\AppData\Local\Temp\ccyVxZLy.s 			page 34


 1477 0049 63795F63 		.ascii	"cy_cfg_addr_table\000"
 1477      66675F61 
 1477      6464725F 
 1477      7461626C 
 1477      6500
 1478              	.LASF31:
 1479 005b 63795F63 		.ascii	"cy_cfg_data_table\000"
 1479      66675F64 
 1479      6174615F 
 1479      7461626C 
 1479      6500
 1480              	.LASF16:
 1481 006d 666C6F61 		.ascii	"float\000"
 1481      7400
 1482              	.LASF35:
 1483 0073 6366675F 		.ascii	"cfg_memset_list\000"
 1483      6D656D73 
 1483      65745F6C 
 1483      69737400 
 1484              	.LASF33:
 1485 0083 73697A65 		.ascii	"size\000"
 1485      00
 1486              	.LASF41:
 1487 0088 433A5C55 		.ascii	"C:\\Users\\labview\\Desktop\\MC60 - partie 2\\TP1 -"
 1487      73657273 
 1487      5C6C6162 
 1487      76696577 
 1487      5C446573 
 1488 00b6 20316572 		.ascii	" 1er\\LLA\\Design01.cydsn\000"
 1488      5C4C4C41 
 1488      5C446573 
 1488      69676E30 
 1488      312E6379 
 1489              	.LASF8:
 1490 00ce 6C6F6E67 		.ascii	"long unsigned int\000"
 1490      20756E73 
 1490      69676E65 
 1490      6420696E 
 1490      7400
 1491              	.LASF13:
 1492 00e0 75696E74 		.ascii	"uint8\000"
 1492      3800
 1493              	.LASF28:
 1494 00e6 43594D45 		.ascii	"CYMEMZERO\000"
 1494      4D5A4552 
 1494      4F00
 1495              	.LASF4:
 1496 00f0 756E7369 		.ascii	"unsigned char\000"
 1496      676E6564 
 1496      20636861 
 1496      7200
 1497              	.LASF44:
 1498 00fe 6D656D73 		.ascii	"memset\000"
 1498      657400
 1499              	.LASF17:
 1500 0105 646F7562 		.ascii	"double\000"
 1500      6C6500
ARM GAS  C:\Users\labview\AppData\Local\Temp\ccyVxZLy.s 			page 35


 1501              	.LASF27:
 1502 010c 6366675F 		.ascii	"cfg_write_bytes32\000"
 1502      77726974 
 1502      655F6279 
 1502      74657333 
 1502      3200
 1503              	.LASF38:
 1504 011e 4379496E 		.ascii	"CyIntEnable\000"
 1504      74456E61 
 1504      626C6500 
 1505              	.LASF23:
 1506 012a 61646472 		.ascii	"addr_table\000"
 1506      5F746162 
 1506      6C6500
 1507              	.LASF14:
 1508 0135 75696E74 		.ascii	"uint16\000"
 1508      313600
 1509              	.LASF24:
 1510 013c 64617461 		.ascii	"data_table\000"
 1510      5F746162 
 1510      6C6500
 1511              	.LASF15:
 1512 0147 75696E74 		.ascii	"uint32\000"
 1512      333200
 1513              	.LASF0:
 1514 014e 756E7369 		.ascii	"unsigned int\000"
 1514      676E6564 
 1514      20696E74 
 1514      00
 1515              	.LASF43:
 1516 015b 63796669 		.ascii	"cyfitter_cfg\000"
 1516      74746572 
 1516      5F636667 
 1516      00
 1517              	.LASF32:
 1518 0168 61646472 		.ascii	"address\000"
 1518      65737300 
 1519              	.LASF9:
 1520 0170 6C6F6E67 		.ascii	"long long unsigned int\000"
 1520      206C6F6E 
 1520      6720756E 
 1520      7369676E 
 1520      65642069 
 1521              	.LASF39:
 1522 0187 474E5520 		.ascii	"GNU C11 5.4.1 20160609 (release) [ARM/embedded-5-br"
 1522      43313120 
 1522      352E342E 
 1522      31203230 
 1522      31363036 
 1523 01ba 616E6368 		.ascii	"anch revision 237715] -mcpu=cortex-m0 -mthumb -g -O"
 1523      20726576 
 1523      6973696F 
 1523      6E203233 
 1523      37373135 
 1524 01ed 67202D66 		.ascii	"g -ffunction-sections -ffat-lto-objects\000"
 1524      66756E63 
 1524      74696F6E 
ARM GAS  C:\Users\labview\AppData\Local\Temp\ccyVxZLy.s 			page 36


 1524      2D736563 
 1524      74696F6E 
 1525              	.LASF34:
 1526 0215 6366675F 		.ascii	"cfg_memset_t\000"
 1526      6D656D73 
 1526      65745F74 
 1526      00
 1527              	.LASF25:
 1528 0222 62617365 		.ascii	"baseAddr\000"
 1528      41646472 
 1528      00
 1529              	.LASF10:
 1530 022b 73697A65 		.ascii	"sizetype\000"
 1530      74797065 
 1530      00
 1531              	.LASF6:
 1532 0234 73686F72 		.ascii	"short unsigned int\000"
 1532      7420756E 
 1532      7369676E 
 1532      65642069 
 1532      6E7400
 1533              	.LASF1:
 1534 0247 6C6F6E67 		.ascii	"long long int\000"
 1534      206C6F6E 
 1534      6720696E 
 1534      7400
 1535              	.LASF11:
 1536 0255 63686172 		.ascii	"char\000"
 1536      00
 1537              	.LASF22:
 1538 025a 63795F63 		.ascii	"cy_cfg_addrvalue_t\000"
 1538      66675F61 
 1538      64647276 
 1538      616C7565 
 1538      5F7400
 1539              	.LASF20:
 1540 026d 6F666673 		.ascii	"offset\000"
 1540      657400
 1541              	.LASF5:
 1542 0274 73686F72 		.ascii	"short int\000"
 1542      7420696E 
 1542      7400
 1543              	.LASF36:
 1544 027e 43795379 		.ascii	"CySysClkWriteImoFreq\000"
 1544      73436C6B 
 1544      57726974 
 1544      65496D6F 
 1544      46726571 
 1545              	.LASF7:
 1546 0293 6C6F6E67 		.ascii	"long int\000"
 1546      20696E74 
 1546      00
 1547              	.LASF2:
 1548 029c 6C6F6E67 		.ascii	"long double\000"
 1548      20646F75 
 1548      626C6500 
 1549              	.LASF3:
ARM GAS  C:\Users\labview\AppData\Local\Temp\ccyVxZLy.s 			page 37


 1550 02a8 7369676E 		.ascii	"signed char\000"
 1550      65642063 
 1550      68617200 
 1551              	.LASF40:
 1552 02b4 47656E65 		.ascii	"Generated_Source\\PSoC4\\cyfitter_cfg.c\000"
 1552      72617465 
 1552      645F536F 
 1552      75726365 
 1552      5C50536F 
 1553              		.ident	"GCC: (GNU Tools for ARM Embedded Processors) 5.4.1 20160609 (release) [ARM/embedded-5-bran
